[0.018s] Invoking command in '/home/ascachetti/Documents/trekking_ws/build/robot_bringup': CMAKE_PREFIX_PATH=${CMAKE_PREFIX_PATH}:/opt/ros/jazzy DEBUGINFOD_URLS=https://debuginfod.ubuntu.com VIRTUAL_ENV_PROMPT=(yolo_env) /usr/bin/cmake --build /home/ascachetti/Documents/trekking_ws/build/robot_bringup -- -j12 -l12
[0.065s] Invoked command in '/home/ascachetti/Documents/trekking_ws/build/robot_bringup' returned '0': CMAKE_PREFIX_PATH=${CMAKE_PREFIX_PATH}:/opt/ros/jazzy DEBUGINFOD_URLS=https://debuginfod.ubuntu.com VIRTUAL_ENV_PROMPT=(yolo_env) /usr/bin/cmake --build /home/ascachetti/Documents/trekking_ws/build/robot_bringup -- -j12 -l12
[0.065s] Invoking command in '/home/ascachetti/Documents/trekking_ws/build/robot_bringup': CMAKE_PREFIX_PATH=${CMAKE_PREFIX_PATH}:/opt/ros/jazzy DEBUGINFOD_URLS=https://debuginfod.ubuntu.com VIRTUAL_ENV_PROMPT=(yolo_env) /usr/bin/cmake --install /home/ascachetti/Documents/trekking_ws/build/robot_bringup
[0.069s] -- Install configuration: ""
[0.070s] -- Up-to-date: /home/ascachetti/Documents/trekking_ws/install/robot_bringup/share/ament_index/resource_index/package_run_dependencies/robot_bringup
[0.070s] -- Up-to-date: /home/ascachetti/Documents/trekking_ws/install/robot_bringup/share/ament_index/resource_index/parent_prefix_path/robot_bringup
[0.071s] -- Up-to-date: /home/ascachetti/Documents/trekking_ws/install/robot_bringup/share/robot_bringup/environment/ament_prefix_path.sh
[0.071s] -- Up-to-date: /home/ascachetti/Documents/trekking_ws/install/robot_bringup/share/robot_bringup/environment/ament_prefix_path.dsv
[0.071s] -- Up-to-date: /home/ascachetti/Documents/trekking_ws/install/robot_bringup/share/robot_bringup/environment/path.sh
[0.072s] -- Up-to-date: /home/ascachetti/Documents/trekking_ws/install/robot_bringup/share/robot_bringup/environment/path.dsv
[0.072s] -- Up-to-date: /home/ascachetti/Documents/trekking_ws/install/robot_bringup/share/robot_bringup/local_setup.bash
[0.072s] -- Up-to-date: /home/ascachetti/Documents/trekking_ws/install/robot_bringup/share/robot_bringup/local_setup.sh
[0.072s] -- Up-to-date: /home/ascachetti/Documents/trekking_ws/install/robot_bringup/share/robot_bringup/local_setup.zsh
[0.072s] -- Up-to-date: /home/ascachetti/Documents/trekking_ws/install/robot_bringup/share/robot_bringup/local_setup.dsv
[0.072s] -- Installing: /home/ascachetti/Documents/trekking_ws/install/robot_bringup/share/robot_bringup/package.dsv
[0.073s] -- Up-to-date: /home/ascachetti/Documents/trekking_ws/install/robot_bringup/share/ament_index/resource_index/packages/robot_bringup
[0.073s] -- Up-to-date: /home/ascachetti/Documents/trekking_ws/install/robot_bringup/share/robot_bringup/cmake/robot_bringupConfig.cmake
[0.073s] -- Up-to-date: /home/ascachetti/Documents/trekking_ws/install/robot_bringup/share/robot_bringup/cmake/robot_bringupConfig-version.cmake
[0.073s] -- Up-to-date: /home/ascachetti/Documents/trekking_ws/install/robot_bringup/share/robot_bringup/package.xml
[0.075s] Invoked command in '/home/ascachetti/Documents/trekking_ws/build/robot_bringup' returned '0': CMAKE_PREFIX_PATH=${CMAKE_PREFIX_PATH}:/opt/ros/jazzy DEBUGINFOD_URLS=https://debuginfod.ubuntu.com VIRTUAL_ENV_PROMPT=(yolo_env) /usr/bin/cmake --install /home/ascachetti/Documents/trekking_ws/build/robot_bringup
