-- Found ament_cmake: 2.5.6 (/opt/ros/jazzy/share/ament_cmake/cmake)
-- Found rclpy: 7.1.12 (/opt/ros/jazzy/share/rclpy/cmake)
-- Configuring done (0.3s)
-- Generating done (0.0s)
-- Build files have been written to: /home/diogo/Documents/Github/Trekking_2026/NoteEmbarcado/trekking_ws/build/robot_control
-- Install configuration: ""
-- Installing: /home/diogo/Documents/Github/Trekking_2026/NoteEmbarcado/trekking_ws/install/robot_control/lib/robot_control/movement.py
-- Installing: /home/diogo/Documents/Github/Trekking_2026/NoteEmbarcado/trekking_ws/install/robot_control/share/ament_index/resource_index/package_run_dependencies/robot_control
-- Installing: /home/diogo/Documents/Github/Trekking_2026/NoteEmbarcado/trekking_ws/install/robot_control/share/ament_index/resource_index/parent_prefix_path/robot_control
-- Installing: /home/diogo/Documents/Github/Trekking_2026/NoteEmbarcado/trekking_ws/install/robot_control/share/robot_control/environment/ament_prefix_path.sh
-- Installing: /home/diogo/Documents/Github/Trekking_2026/NoteEmbarcado/trekking_ws/install/robot_control/share/robot_control/environment/ament_prefix_path.dsv
-- Installing: /home/diogo/Documents/Github/Trekking_2026/NoteEmbarcado/trekking_ws/install/robot_control/share/robot_control/environment/path.sh
-- Installing: /home/diogo/Documents/Github/Trekking_2026/NoteEmbarcado/trekking_ws/install/robot_control/share/robot_control/environment/path.dsv
-- Installing: /home/diogo/Documents/Github/Trekking_2026/NoteEmbarcado/trekking_ws/install/robot_control/share/robot_control/local_setup.bash
-- Installing: /home/diogo/Documents/Github/Trekking_2026/NoteEmbarcado/trekking_ws/install/robot_control/share/robot_control/local_setup.sh
-- Installing: /home/diogo/Documents/Github/Trekking_2026/NoteEmbarcado/trekking_ws/install/robot_control/share/robot_control/local_setup.zsh
-- Installing: /home/diogo/Documents/Github/Trekking_2026/NoteEmbarcado/trekking_ws/install/robot_control/share/robot_control/local_setup.dsv
-- Installing: /home/diogo/Documents/Github/Trekking_2026/NoteEmbarcado/trekking_ws/install/robot_control/share/robot_control/package.dsv
-- Installing: /home/diogo/Documents/Github/Trekking_2026/NoteEmbarcado/trekking_ws/install/robot_control/share/ament_index/resource_index/packages/robot_control
-- Installing: /home/diogo/Documents/Github/Trekking_2026/NoteEmbarcado/trekking_ws/install/robot_control/share/robot_control/cmake/robot_controlConfig.cmake
-- Installing: /home/diogo/Documents/Github/Trekking_2026/NoteEmbarcado/trekking_ws/install/robot_control/share/robot_control/cmake/robot_controlConfig-version.cmake
-- Installing: /home/diogo/Documents/Github/Trekking_2026/NoteEmbarcado/trekking_ws/install/robot_control/share/robot_control/package.xml
