[0.013s] Invoking command in '/home/diogo/Documents/Github/Trekking_2026/NoteEmbarcado/trekking_ws/build/robot_control': CMAKE_PREFIX_PATH=${CMAKE_PREFIX_PATH}:/opt/ros/jazzy DEBUGINFOD_URLS=https://debuginfod.ubuntu.com /usr/bin/cmake /home/diogo/Documents/Github/Trekking_2026/NoteEmbarcado/trekking_ws/src/robot_control -DCMAKE_INSTALL_PREFIX=/home/diogo/Documents/Github/Trekking_2026/NoteEmbarcado/trekking_ws/install/robot_control
[0.028s] -- Found ament_cmake: 2.5.6 (/opt/ros/jazzy/share/ament_cmake/cmake)
[0.224s] -- Found rclpy: 7.1.12 (/opt/ros/jazzy/share/rclpy/cmake)
[0.291s] -- Configuring done (0.3s)
[0.294s] -- Generating done (0.0s)
[0.295s] -- Build files have been written to: /home/diogo/Documents/Github/Trekking_2026/NoteEmbarcado/trekking_ws/build/robot_control
[0.298s] Invoked command in '/home/diogo/Documents/Github/Trekking_2026/NoteEmbarcado/trekking_ws/build/robot_control' returned '0': CMAKE_PREFIX_PATH=${CMAKE_PREFIX_PATH}:/opt/ros/jazzy DEBUGINFOD_URLS=https://debuginfod.ubuntu.com /usr/bin/cmake /home/diogo/Documents/Github/Trekking_2026/NoteEmbarcado/trekking_ws/src/robot_control -DCMAKE_INSTALL_PREFIX=/home/diogo/Documents/Github/Trekking_2026/NoteEmbarcado/trekking_ws/install/robot_control
[0.299s] Invoking command in '/home/diogo/Documents/Github/Trekking_2026/NoteEmbarcado/trekking_ws/build/robot_control': CMAKE_PREFIX_PATH=${CMAKE_PREFIX_PATH}:/opt/ros/jazzy DEBUGINFOD_URLS=https://debuginfod.ubuntu.com /usr/bin/cmake --build /home/diogo/Documents/Github/Trekking_2026/NoteEmbarcado/trekking_ws/build/robot_control -- -j16 -l16
[0.335s] Invoked command in '/home/diogo/Documents/Github/Trekking_2026/NoteEmbarcado/trekking_ws/build/robot_control' returned '0': CMAKE_PREFIX_PATH=${CMAKE_PREFIX_PATH}:/opt/ros/jazzy DEBUGINFOD_URLS=https://debuginfod.ubuntu.com /usr/bin/cmake --build /home/diogo/Documents/Github/Trekking_2026/NoteEmbarcado/trekking_ws/build/robot_control -- -j16 -l16
[0.337s] Invoking command in '/home/diogo/Documents/Github/Trekking_2026/NoteEmbarcado/trekking_ws/build/robot_control': CMAKE_PREFIX_PATH=${CMAKE_PREFIX_PATH}:/opt/ros/jazzy DEBUGINFOD_URLS=https://debuginfod.ubuntu.com /usr/bin/cmake --install /home/diogo/Documents/Github/Trekking_2026/NoteEmbarcado/trekking_ws/build/robot_control
[0.345s] -- Install configuration: ""
[0.345s] -- Installing: /home/diogo/Documents/Github/Trekking_2026/NoteEmbarcado/trekking_ws/install/robot_control/lib/robot_control/movement.py
[0.345s] -- Installing: /home/diogo/Documents/Github/Trekking_2026/NoteEmbarcado/trekking_ws/install/robot_control/share/ament_index/resource_index/package_run_dependencies/robot_control
[0.345s] -- Installing: /home/diogo/Documents/Github/Trekking_2026/NoteEmbarcado/trekking_ws/install/robot_control/share/ament_index/resource_index/parent_prefix_path/robot_control
[0.345s] -- Installing: /home/diogo/Documents/Github/Trekking_2026/NoteEmbarcado/trekking_ws/install/robot_control/share/robot_control/environment/ament_prefix_path.sh
[0.345s] -- Installing: /home/diogo/Documents/Github/Trekking_2026/NoteEmbarcado/trekking_ws/install/robot_control/share/robot_control/environment/ament_prefix_path.dsv
[0.346s] -- Installing: /home/diogo/Documents/Github/Trekking_2026/NoteEmbarcado/trekking_ws/install/robot_control/share/robot_control/environment/path.sh
[0.346s] -- Installing: /home/diogo/Documents/Github/Trekking_2026/NoteEmbarcado/trekking_ws/install/robot_control/share/robot_control/environment/path.dsv
[0.346s] -- Installing: /home/diogo/Documents/Github/Trekking_2026/NoteEmbarcado/trekking_ws/install/robot_control/share/robot_control/local_setup.bash
[0.346s] -- Installing: /home/diogo/Documents/Github/Trekking_2026/NoteEmbarcado/trekking_ws/install/robot_control/share/robot_control/local_setup.sh
[0.346s] -- Installing: /home/diogo/Documents/Github/Trekking_2026/NoteEmbarcado/trekking_ws/install/robot_control/share/robot_control/local_setup.zsh
[0.346s] -- Installing: /home/diogo/Documents/Github/Trekking_2026/NoteEmbarcado/trekking_ws/install/robot_control/share/robot_control/local_setup.dsv
[0.346s] -- Installing: /home/diogo/Documents/Github/Trekking_2026/NoteEmbarcado/trekking_ws/install/robot_control/share/robot_control/package.dsv
[0.346s] -- Installing: /home/diogo/Documents/Github/Trekking_2026/NoteEmbarcado/trekking_ws/install/robot_control/share/ament_index/resource_index/packages/robot_control
[0.347s] -- Installing: /home/diogo/Documents/Github/Trekking_2026/NoteEmbarcado/trekking_ws/install/robot_control/share/robot_control/cmake/robot_controlConfig.cmake
[0.347s] -- Installing: /home/diogo/Documents/Github/Trekking_2026/NoteEmbarcado/trekking_ws/install/robot_control/share/robot_control/cmake/robot_controlConfig-version.cmake
[0.347s] -- Installing: /home/diogo/Documents/Github/Trekking_2026/NoteEmbarcado/trekking_ws/install/robot_control/share/robot_control/package.xml
[0.348s] Invoked command in '/home/diogo/Documents/Github/Trekking_2026/NoteEmbarcado/trekking_ws/build/robot_control' returned '0': CMAKE_PREFIX_PATH=${CMAKE_PREFIX_PATH}:/opt/ros/jazzy DEBUGINFOD_URLS=https://debuginfod.ubuntu.com /usr/bin/cmake --install /home/diogo/Documents/Github/Trekking_2026/NoteEmbarcado/trekking_ws/build/robot_control
