[0.022s] Invoking command in '/home/ascachetti/Documents/Trekking_2026/NoteEmbarcado/trekking_ws/build/robot_interfaces': CMAKE_PREFIX_PATH=${CMAKE_PREFIX_PATH}:/opt/ros/jazzy DEBUGINFOD_URLS=https://debuginfod.ubuntu.com VIRTUAL_ENV_PROMPT=(yolo_env) /usr/bin/cmake /home/ascachetti/Documents/Trekking_2026/NoteEmbarcado/trekking_ws/src/robot_interfaces -DCMAKE_INSTALL_PREFIX=/home/ascachetti/Documents/Trekking_2026/NoteEmbarcado/trekking_ws/install/robot_interfaces
[0.205s] -- The C compiler identification is GNU 13.3.0
[0.359s] -- The CXX compiler identification is GNU 13.3.0
[0.382s] -- Detecting C compiler ABI info
[0.495s] -- Detecting C compiler ABI info - done
[0.501s] -- Check for working C compiler: /usr/bin/cc - skipped
[0.501s] -- Detecting C compile features
[0.502s] -- Detecting C compile features - done
[0.512s] -- Detecting CXX compiler ABI info
[0.591s] -- Detecting CXX compiler ABI info - done
[0.597s] -- Check for working CXX compiler: /usr/bin/c++ - skipped
[0.598s] -- Detecting CXX compile features
[0.598s] -- Detecting CXX compile features - done
[0.609s] -- Found ament_cmake: 2.5.6 (/opt/ros/jazzy/share/ament_cmake/cmake)
[0.700s] -- Found Python3: /home/ascachetti/yolo_env/bin/python3 (found version "3.12.3") found components: Interpreter 
[0.811s] -- Found rosidl_default_generators: 1.6.1 (/opt/ros/jazzy/share/rosidl_default_generators/cmake)
[0.820s] -- Using all available rosidl_typesupport_c: rosidl_typesupport_fastrtps_c;rosidl_typesupport_introspection_c
[0.885s] -- Using all available rosidl_typesupport_cpp: rosidl_typesupport_fastrtps_cpp;rosidl_typesupport_introspection_cpp
[0.932s] -- Found rosidl_adapter: 4.6.9 (/opt/ros/jazzy/share/rosidl_adapter/cmake)
[1.059s] [31mCMake Error at /opt/ros/jazzy/share/rosidl_adapter/cmake/rosidl_adapt_interfaces.cmake:57 (message):
[1.059s]   execute_process(/home/ascachetti/yolo_env/bin/python3 -m rosidl_adapter
[1.059s]   --package-name robot_interfaces --arguments-file
[1.059s]   /home/ascachetti/Documents/Trekking_2026/NoteEmbarcado/trekking_ws/build/robot_interfaces/rosidl_adapter__arguments__robot_interfaces.json
[1.059s]   --output-dir
[1.059s]   /home/ascachetti/Documents/Trekking_2026/NoteEmbarcado/trekking_ws/build/robot_interfaces/rosidl_adapter/robot_interfaces
[1.059s]   --output-file
[1.059s]   /home/ascachetti/Documents/Trekking_2026/NoteEmbarcado/trekking_ws/build/robot_interfaces/rosidl_adapter/robot_interfaces.idls)
[1.059s]   returned error code 1:
[1.059s] 
[1.060s]   Traceback (most recent call last):
[1.060s] 
[1.060s]     File "<frozen runpy>", line 198, in _run_module_as_main
[1.060s]     File "<frozen runpy>", line 88, in _run_code
[1.060s]     File "/opt/ros/jazzy/lib/python3.12/site-packages/rosidl_adapter/__main__.py", line 19, in <module>
[1.060s]       sys.exit(main())
[1.060s]                ^^^^^^
[1.060s]     File "/opt/ros/jazzy/lib/python3.12/site-packages/rosidl_adapter/main.py", line 53, in main
[1.060s]       abs_idl_file = convert_to_idl(
[1.060s]                      ^^^^^^^^^^^^^^^
[1.060s]     File "/opt/ros/jazzy/lib/python3.12/site-packages/rosidl_adapter/__init__.py", line 18, in convert_to_idl
[1.060s]       from rosidl_adapter.msg import convert_msg_to_idl
[1.060s]     File "/opt/ros/jazzy/lib/python3.12/site-packages/rosidl_adapter/msg/__init__.py", line 16, in <module>
[1.060s]       from rosidl_adapter.resource import expand_template
[1.060s]     File "/opt/ros/jazzy/lib/python3.12/site-packages/rosidl_adapter/resource/__init__.py", line 19, in <module>
[1.060s]       import em
[1.060s] 
[1.060s]   ModuleNotFoundError: No module named 'em'
[1.060s] 
[1.060s] Call Stack (most recent call first):
[1.060s]   /opt/ros/jazzy/share/rosidl_cmake/cmake/rosidl_generate_interfaces.cmake:132 (rosidl_adapt_interfaces)
[1.060s]   CMakeLists.txt:13 (rosidl_generate_interfaces)
[1.061s] 
[1.061s] [0m
[1.061s] -- Configuring incomplete, errors occurred!
