[0.025s] Invoking command in '/home/ascachetti/Documents/Trekking_2026/NoteEmbarcado/trekking_ws/build/robot_navigation': CMAKE_PREFIX_PATH=${CMAKE_PREFIX_PATH}:/opt/ros/jazzy DEBUGINFOD_URLS=https://debuginfod.ubuntu.com VIRTUAL_ENV_PROMPT=(yolo_env) /usr/bin/cmake /home/ascachetti/Documents/Trekking_2026/NoteEmbarcado/trekking_ws/src/robot_navigation -DCMAKE_INSTALL_PREFIX=/home/ascachetti/Documents/Trekking_2026/NoteEmbarcado/trekking_ws/install/robot_navigation
[0.203s] -- The C compiler identification is GNU 13.3.0
[0.358s] -- The CXX compiler identification is GNU 13.3.0
[0.380s] -- Detecting C compiler ABI info
[0.490s] -- Detecting C compiler ABI info - done
[0.498s] -- Check for working C compiler: /usr/bin/cc - skipped
[0.498s] -- Detecting C compile features
[0.499s] -- Detecting C compile features - done
[0.509s] -- Detecting CXX compiler ABI info
[0.593s] -- Detecting CXX compiler ABI info - done
[0.600s] -- Check for working CXX compiler: /usr/bin/c++ - skipped
[0.600s] -- Detecting CXX compile features
[0.601s] -- Detecting CXX compile features - done
[0.607s] -- Found ament_cmake: 2.5.6 (/opt/ros/jazzy/share/ament_cmake/cmake)
[0.704s] -- Found Python3: /home/ascachetti/yolo_env/bin/python3 (found version "3.12.3") found components: Interpreter 
[0.808s] -- Found ament_lint_auto: 0.17.5 (/opt/ros/jazzy/share/ament_lint_auto/cmake)
[0.826s] Traceback (most recent call last):
[0.826s]   File "/opt/ros/jazzy/share/ament_cmake_core/cmake/core/package_xml_2_cmake.py", line 22, in <module>
[0.826s]     from catkin_pkg.package import parse_package_string
[0.826s] ModuleNotFoundError: No module named 'catkin_pkg'
[0.829s] [31mCMake Error at /opt/ros/jazzy/share/ament_cmake_core/cmake/core/ament_package_xml.cmake:95 (message):
[0.829s]   execute_process(/home/ascachetti/yolo_env/bin/python3
[0.829s]   /opt/ros/jazzy/share/ament_cmake_core/cmake/core/package_xml_2_cmake.py
[0.829s]   /home/ascachetti/Documents/Trekking_2026/NoteEmbarcado/trekking_ws/src/robot_navigation/package.xml
[0.829s]   /home/ascachetti/Documents/Trekking_2026/NoteEmbarcado/trekking_ws/build/robot_navigation/ament_cmake_core/package.cmake)
[0.829s]   returned error code 1
[0.829s] Call Stack (most recent call first):
[0.829s]   /opt/ros/jazzy/share/ament_cmake_core/cmake/core/ament_package_xml.cmake:49 (_ament_package_xml)
[0.829s]   /opt/ros/jazzy/share/ament_lint_auto/cmake/ament_lint_auto_find_test_dependencies.cmake:31 (ament_package_xml)
[0.829s]   CMakeLists.txt:23 (ament_lint_auto_find_test_dependencies)
[0.830s] 
[0.830s] [0m
[0.830s] -- Configuring incomplete, errors occurred!
