[0.018s] Invoking command in '/home/ascachetti/Documents/trekking_ws/build/robot_gazebo': CMAKE_PREFIX_PATH=${CMAKE_PREFIX_PATH}:/opt/ros/jazzy DEBUGINFOD_URLS=https://debuginfod.ubuntu.com /usr/bin/cmake --build /home/ascachetti/Documents/trekking_ws/build/robot_gazebo -- -j12 -l12
[0.055s] Invoked command in '/home/ascachetti/Documents/trekking_ws/build/robot_gazebo' returned '0': CMAKE_PREFIX_PATH=${CMAKE_PREFIX_PATH}:/opt/ros/jazzy DEBUGINFOD_URLS=https://debuginfod.ubuntu.com /usr/bin/cmake --build /home/ascachetti/Documents/trekking_ws/build/robot_gazebo -- -j12 -l12
[0.056s] Invoking command in '/home/ascachetti/Documents/trekking_ws/build/robot_gazebo': CMAKE_PREFIX_PATH=${CMAKE_PREFIX_PATH}:/opt/ros/jazzy DEBUGINFOD_URLS=https://debuginfod.ubuntu.com /usr/bin/cmake --install /home/ascachetti/Documents/trekking_ws/build/robot_gazebo
[0.070s] -- Install configuration: ""
[0.070s] -- Up-to-date: /home/ascachetti/Documents/trekking_ws/install/robot_gazebo/share/robot_gazebo/launch
[0.070s] -- Up-to-date: /home/ascachetti/Documents/trekking_ws/install/robot_gazebo/share/robot_gazebo/launch/spawn_robot.launch.py
[0.070s] -- Up-to-date: /home/ascachetti/Documents/trekking_ws/install/robot_gazebo/share/robot_gazebo/launch/master.launch.py
[0.071s] -- Up-to-date: /home/ascachetti/Documents/trekking_ws/install/robot_gazebo/share/robot_gazebo/launch/environment.launch.py
[0.071s] -- Up-to-date: /home/ascachetti/Documents/trekking_ws/install/robot_gazebo/share/robot_gazebo/worlds
[0.071s] -- Up-to-date: /home/ascachetti/Documents/trekking_ws/install/robot_gazebo/share/robot_gazebo/worlds/world.sdf
[0.071s] -- Up-to-date: /home/ascachetti/Documents/trekking_ws/install/robot_gazebo/share/robot_gazebo/config
[0.071s] -- Up-to-date: /home/ascachetti/Documents/trekking_ws/install/robot_gazebo/share/robot_gazebo/config/rviz.rviz
[0.071s] -- Up-to-date: /home/ascachetti/Documents/trekking_ws/install/robot_gazebo/share/ament_index/resource_index/package_run_dependencies/robot_gazebo
[0.071s] -- Up-to-date: /home/ascachetti/Documents/trekking_ws/install/robot_gazebo/share/ament_index/resource_index/parent_prefix_path/robot_gazebo
[0.072s] -- Up-to-date: /home/ascachetti/Documents/trekking_ws/install/robot_gazebo/share/robot_gazebo/environment/ament_prefix_path.sh
[0.072s] -- Up-to-date: /home/ascachetti/Documents/trekking_ws/install/robot_gazebo/share/robot_gazebo/environment/ament_prefix_path.dsv
[0.072s] -- Up-to-date: /home/ascachetti/Documents/trekking_ws/install/robot_gazebo/share/robot_gazebo/environment/path.sh
[0.073s] -- Up-to-date: /home/ascachetti/Documents/trekking_ws/install/robot_gazebo/share/robot_gazebo/environment/path.dsv
[0.073s] -- Up-to-date: /home/ascachetti/Documents/trekking_ws/install/robot_gazebo/share/robot_gazebo/local_setup.bash
[0.073s] -- Up-to-date: /home/ascachetti/Documents/trekking_ws/install/robot_gazebo/share/robot_gazebo/local_setup.sh
[0.073s] -- Up-to-date: /home/ascachetti/Documents/trekking_ws/install/robot_gazebo/share/robot_gazebo/local_setup.zsh
[0.074s] -- Up-to-date: /home/ascachetti/Documents/trekking_ws/install/robot_gazebo/share/robot_gazebo/local_setup.dsv
[0.074s] -- Up-to-date: /home/ascachetti/Documents/trekking_ws/install/robot_gazebo/share/robot_gazebo/package.dsv
[0.075s] -- Up-to-date: /home/ascachetti/Documents/trekking_ws/install/robot_gazebo/share/ament_index/resource_index/packages/robot_gazebo
[0.075s] -- Up-to-date: /home/ascachetti/Documents/trekking_ws/install/robot_gazebo/share/robot_gazebo/cmake/robot_gazeboConfig.cmake
[0.075s] -- Up-to-date: /home/ascachetti/Documents/trekking_ws/install/robot_gazebo/share/robot_gazebo/cmake/robot_gazeboConfig-version.cmake
[0.075s] -- Up-to-date: /home/ascachetti/Documents/trekking_ws/install/robot_gazebo/share/robot_gazebo/package.xml
[0.088s] Invoked command in '/home/ascachetti/Documents/trekking_ws/build/robot_gazebo' returned '0': CMAKE_PREFIX_PATH=${CMAKE_PREFIX_PATH}:/opt/ros/jazzy DEBUGINFOD_URLS=https://debuginfod.ubuntu.com /usr/bin/cmake --install /home/ascachetti/Documents/trekking_ws/build/robot_gazebo
