[0.018s] Invoking command in '/home/ascachetti/Documents/trekking_ws/build/robot_gazebo': CMAKE_PREFIX_PATH=${CMAKE_PREFIX_PATH}:/opt/ros/jazzy DEBUGINFOD_URLS=https://debuginfod.ubuntu.com VIRTUAL_ENV_PROMPT=(yolo_env) /usr/bin/cmake --build /home/ascachetti/Documents/trekking_ws/build/robot_gazebo -- -j12 -l12
[0.036s] -- Found ament_cmake: 2.5.6 (/opt/ros/jazzy/share/ament_cmake/cmake)
[0.197s] -- Found ros_gz_sim: 1.0.22 (/opt/ros/jazzy/share/ros_gz_sim/cmake)
[0.217s] -- Found rosidl_generator_c: 4.6.9 (/opt/ros/jazzy/share/rosidl_generator_c/cmake)
[0.223s] -- Found rosidl_generator_cpp: 4.6.9 (/opt/ros/jazzy/share/rosidl_generator_cpp/cmake)
[0.230s] -- Using all available rosidl_typesupport_c: rosidl_typesupport_fastrtps_c;rosidl_typesupport_introspection_c
[0.239s] -- Using all available rosidl_typesupport_cpp: rosidl_typesupport_fastrtps_cpp;rosidl_typesupport_introspection_cpp
[0.278s] -- Found rmw_implementation_cmake: 7.3.3 (/opt/ros/jazzy/share/rmw_implementation_cmake/cmake)
[0.279s] -- Found rmw_fastrtps_cpp: 8.4.4 (/opt/ros/jazzy/share/rmw_fastrtps_cpp/cmake)
[0.339s] -- Using RMW implementation 'rmw_fastrtps_cpp' as default
[0.482s] -- Found ros_gz_bridge: 1.0.22 (/opt/ros/jazzy/share/ros_gz_bridge/cmake)
[0.487s] -- Looking for gz-msgs10 -- found version 10.3.2
[0.490s] -- Searching for dependencies of gz-msgs10
[0.504s] -- Looking for gz-utils2 -- found version 2.2.1
[0.504s] -- Searching for dependencies of gz-utils2
[0.505s] -- Looking for gz-math7 -- found version 7.6.0
[0.505s] -- Searching for dependencies of gz-math7
[0.505s] -- Looking for gz-utils2 -- found version 2.2.1
[0.509s] -- Checking for module 'tinyxml2'
[0.521s] --   Found tinyxml2, version 10.0.0
[0.554s] -- Looking for gz-transport13 -- found version 13.5.0
[0.554s] -- Searching for dependencies of gz-transport13
[0.575s] -- Config-file not installed for ZeroMQ -- checking for pkg-config
[0.579s] -- Checking for module 'libzmq >= 4'
[0.592s] --   Found libzmq, version 4.3.5
[0.658s] -- Checking for module 'uuid'
[0.670s] --   Found uuid, version 2.39.3
[0.720s] -- Looking for gz-utils2 -- found version 2.2.1
[0.720s] -- Searching for dependencies of gz-utils2
[0.720s] -- Searching for <gz-utils2> component [cli]
[0.721s] -- Looking for gz-utils2-cli -- found version 2.2.1
[0.721s] -- Searching for dependencies of gz-utils2-cli
[0.722s] -- Looking for gz-msgs10 -- found version 10.3.2
[0.848s] -- Found ament_lint_auto: 0.17.5 (/opt/ros/jazzy/share/ament_lint_auto/cmake)
[0.914s] -- Added test 'flake8' to check Python code syntax and style conventions
[0.914s] -- Configured 'flake8' exclude dirs and/or files: 
[0.914s] -- Added test 'lint_cmake' to check CMake code style
[0.914s] -- Added test 'pep257' to check Python code against some of the docstring style conventions in PEP 257
[0.915s] -- Added test 'xmllint' to check XML markup files
[0.916s] -- Configuring done (0.9s)
[0.920s] -- Generating done (0.0s)
[0.922s] -- Build files have been written to: /home/ascachetti/Documents/trekking_ws/build/robot_gazebo
[0.942s] Invoked command in '/home/ascachetti/Documents/trekking_ws/build/robot_gazebo' returned '0': CMAKE_PREFIX_PATH=${CMAKE_PREFIX_PATH}:/opt/ros/jazzy DEBUGINFOD_URLS=https://debuginfod.ubuntu.com VIRTUAL_ENV_PROMPT=(yolo_env) /usr/bin/cmake --build /home/ascachetti/Documents/trekking_ws/build/robot_gazebo -- -j12 -l12
[0.943s] Invoking command in '/home/ascachetti/Documents/trekking_ws/build/robot_gazebo': CMAKE_PREFIX_PATH=${CMAKE_PREFIX_PATH}:/opt/ros/jazzy DEBUGINFOD_URLS=https://debuginfod.ubuntu.com VIRTUAL_ENV_PROMPT=(yolo_env) /usr/bin/cmake --install /home/ascachetti/Documents/trekking_ws/build/robot_gazebo
[0.949s] -- Install configuration: ""
[0.949s] -- Up-to-date: /home/ascachetti/Documents/trekking_ws/install/robot_gazebo/share/robot_gazebo/launch
[0.949s] -- Up-to-date: /home/ascachetti/Documents/trekking_ws/install/robot_gazebo/share/robot_gazebo/launch/spawn_robot.launch.py
[0.949s] -- Up-to-date: /home/ascachetti/Documents/trekking_ws/install/robot_gazebo/share/robot_gazebo/launch/master.launch.py
[0.949s] -- Up-to-date: /home/ascachetti/Documents/trekking_ws/install/robot_gazebo/share/robot_gazebo/launch/environment.launch.py
[0.949s] -- Up-to-date: /home/ascachetti/Documents/trekking_ws/install/robot_gazebo/share/robot_gazebo/worlds
[0.950s] -- Up-to-date: /home/ascachetti/Documents/trekking_ws/install/robot_gazebo/share/robot_gazebo/worlds/world.sdf
[0.950s] -- Up-to-date: /home/ascachetti/Documents/trekking_ws/install/robot_gazebo/share/robot_gazebo/config
[0.950s] -- Up-to-date: /home/ascachetti/Documents/trekking_ws/install/robot_gazebo/share/robot_gazebo/config/rviz.rviz
[0.950s] -- Up-to-date: /home/ascachetti/Documents/trekking_ws/install/robot_gazebo/share/robot_gazebo/src
[0.950s] -- Up-to-date: /home/ascachetti/Documents/trekking_ws/install/robot_gazebo/share/robot_gazebo/src/best.pt
[0.950s] -- Up-to-date: /home/ascachetti/Documents/trekking_ws/install/robot_gazebo/share/robot_gazebo/src/perception_node.py
[0.951s] -- Up-to-date: /home/ascachetti/Documents/trekking_ws/install/robot_gazebo/share/robot_gazebo/src/vision_node.py
[0.951s] -- Up-to-date: /home/ascachetti/Documents/trekking_ws/install/robot_gazebo/share/robot_gazebo/src/twist2ackermann.py
[0.951s] -- Installing: /home/ascachetti/Documents/trekking_ws/install/robot_gazebo/lib/robot_gazebo/vision_node.py
[0.951s] -- Up-to-date: /home/ascachetti/Documents/trekking_ws/install/robot_gazebo/share/ament_index/resource_index/package_run_dependencies/robot_gazebo
[0.951s] -- Up-to-date: /home/ascachetti/Documents/trekking_ws/install/robot_gazebo/share/ament_index/resource_index/parent_prefix_path/robot_gazebo
[0.952s] -- Up-to-date: /home/ascachetti/Documents/trekking_ws/install/robot_gazebo/share/robot_gazebo/environment/ament_prefix_path.sh
[0.952s] -- Up-to-date: /home/ascachetti/Documents/trekking_ws/install/robot_gazebo/share/robot_gazebo/environment/ament_prefix_path.dsv
[0.952s] -- Up-to-date: /home/ascachetti/Documents/trekking_ws/install/robot_gazebo/share/robot_gazebo/environment/path.sh
[0.952s] -- Up-to-date: /home/ascachetti/Documents/trekking_ws/install/robot_gazebo/share/robot_gazebo/environment/path.dsv
[0.953s] -- Up-to-date: /home/ascachetti/Documents/trekking_ws/install/robot_gazebo/share/robot_gazebo/local_setup.bash
[0.953s] -- Up-to-date: /home/ascachetti/Documents/trekking_ws/install/robot_gazebo/share/robot_gazebo/local_setup.sh
[0.953s] -- Up-to-date: /home/ascachetti/Documents/trekking_ws/install/robot_gazebo/share/robot_gazebo/local_setup.zsh
[0.953s] -- Up-to-date: /home/ascachetti/Documents/trekking_ws/install/robot_gazebo/share/robot_gazebo/local_setup.dsv
[0.953s] -- Installing: /home/ascachetti/Documents/trekking_ws/install/robot_gazebo/share/robot_gazebo/package.dsv
[0.953s] -- Up-to-date: /home/ascachetti/Documents/trekking_ws/install/robot_gazebo/share/ament_index/resource_index/packages/robot_gazebo
[0.953s] -- Up-to-date: /home/ascachetti/Documents/trekking_ws/install/robot_gazebo/share/robot_gazebo/cmake/robot_gazeboConfig.cmake
[0.953s] -- Up-to-date: /home/ascachetti/Documents/trekking_ws/install/robot_gazebo/share/robot_gazebo/cmake/robot_gazeboConfig-version.cmake
[0.953s] -- Up-to-date: /home/ascachetti/Documents/trekking_ws/install/robot_gazebo/share/robot_gazebo/package.xml
[0.953s] Invoked command in '/home/ascachetti/Documents/trekking_ws/build/robot_gazebo' returned '0': CMAKE_PREFIX_PATH=${CMAKE_PREFIX_PATH}:/opt/ros/jazzy DEBUGINFOD_URLS=https://debuginfod.ubuntu.com VIRTUAL_ENV_PROMPT=(yolo_env) /usr/bin/cmake --install /home/ascachetti/Documents/trekking_ws/build/robot_gazebo
