[0.019s] Invoking command in '/home/ascachetti/Documents/trekking_ws/build/robot_bringup': CMAKE_PREFIX_PATH=${CMAKE_PREFIX_PATH}:/opt/ros/jazzy DEBUGINFOD_URLS=https://debuginfod.ubuntu.com /usr/bin/cmake /home/ascachetti/Documents/trekking_ws/src/robot_bringup -DCMAKE_INSTALL_PREFIX=/home/ascachetti/Documents/trekking_ws/install/robot_bringup
[0.224s] -- The C compiler identification is GNU 13.3.0
[0.373s] -- The CXX compiler identification is GNU 13.3.0
[0.392s] -- Detecting C compiler ABI info
[0.490s] -- Detecting C compiler ABI info - done
[0.504s] -- Check for working C compiler: /usr/bin/cc - skipped
[0.505s] -- Detecting C compile features
[0.505s] -- Detecting C compile features - done
[0.513s] -- Detecting CXX compiler ABI info
[0.602s] -- Detecting CXX compiler ABI info - done
[0.609s] -- Check for working CXX compiler: /usr/bin/c++ - skipped
[0.609s] -- Detecting CXX compile features
[0.609s] -- Detecting CXX compile features - done
[0.612s] -- Found ament_cmake: 2.5.6 (/opt/ros/jazzy/share/ament_cmake/cmake)
[0.768s] -- Found Python3: /usr/bin/python3 (found version "3.12.3") found components: Interpreter 
[0.868s] -- Found ament_lint_auto: 0.17.5 (/opt/ros/jazzy/share/ament_lint_auto/cmake)
[0.970s] -- Added test 'lint_cmake' to check CMake code style
[0.973s] -- Added test 'xmllint' to check XML markup files
[0.975s] -- Configuring done (0.9s)
[0.979s] -- Generating done (0.0s)
[0.983s] -- Build files have been written to: /home/ascachetti/Documents/trekking_ws/build/robot_bringup
[0.989s] Invoked command in '/home/ascachetti/Documents/trekking_ws/build/robot_bringup' returned '0': CMAKE_PREFIX_PATH=${CMAKE_PREFIX_PATH}:/opt/ros/jazzy DEBUGINFOD_URLS=https://debuginfod.ubuntu.com /usr/bin/cmake /home/ascachetti/Documents/trekking_ws/src/robot_bringup -DCMAKE_INSTALL_PREFIX=/home/ascachetti/Documents/trekking_ws/install/robot_bringup
[0.991s] Invoking command in '/home/ascachetti/Documents/trekking_ws/build/robot_bringup': CMAKE_PREFIX_PATH=${CMAKE_PREFIX_PATH}:/opt/ros/jazzy DEBUGINFOD_URLS=https://debuginfod.ubuntu.com /usr/bin/cmake --build /home/ascachetti/Documents/trekking_ws/build/robot_bringup -- -j12 -l12
[1.043s] Invoked command in '/home/ascachetti/Documents/trekking_ws/build/robot_bringup' returned '0': CMAKE_PREFIX_PATH=${CMAKE_PREFIX_PATH}:/opt/ros/jazzy DEBUGINFOD_URLS=https://debuginfod.ubuntu.com /usr/bin/cmake --build /home/ascachetti/Documents/trekking_ws/build/robot_bringup -- -j12 -l12
[1.050s] Invoking command in '/home/ascachetti/Documents/trekking_ws/build/robot_bringup': CMAKE_PREFIX_PATH=${CMAKE_PREFIX_PATH}:/opt/ros/jazzy DEBUGINFOD_URLS=https://debuginfod.ubuntu.com /usr/bin/cmake --install /home/ascachetti/Documents/trekking_ws/build/robot_bringup
[1.058s] -- Install configuration: ""
[1.058s] -- Installing: /home/ascachetti/Documents/trekking_ws/install/robot_bringup/share/ament_index/resource_index/package_run_dependencies/robot_bringup
[1.058s] -- Installing: /home/ascachetti/Documents/trekking_ws/install/robot_bringup/share/ament_index/resource_index/parent_prefix_path/robot_bringup
[1.058s] -- Installing: /home/ascachetti/Documents/trekking_ws/install/robot_bringup/share/robot_bringup/environment/ament_prefix_path.sh
[1.058s] -- Installing: /home/ascachetti/Documents/trekking_ws/install/robot_bringup/share/robot_bringup/environment/ament_prefix_path.dsv
[1.058s] -- Installing: /home/ascachetti/Documents/trekking_ws/install/robot_bringup/share/robot_bringup/environment/path.sh
[1.059s] -- Installing: /home/ascachetti/Documents/trekking_ws/install/robot_bringup/share/robot_bringup/environment/path.dsv
[1.059s] -- Installing: /home/ascachetti/Documents/trekking_ws/install/robot_bringup/share/robot_bringup/local_setup.bash
[1.059s] -- Installing: /home/ascachetti/Documents/trekking_ws/install/robot_bringup/share/robot_bringup/local_setup.sh
[1.059s] -- Installing: /home/ascachetti/Documents/trekking_ws/install/robot_bringup/share/robot_bringup/local_setup.zsh
[1.059s] -- Installing: /home/ascachetti/Documents/trekking_ws/install/robot_bringup/share/robot_bringup/local_setup.dsv
[1.059s] -- Installing: /home/ascachetti/Documents/trekking_ws/install/robot_bringup/share/robot_bringup/package.dsv
[1.059s] -- Installing: /home/ascachetti/Documents/trekking_ws/install/robot_bringup/share/ament_index/resource_index/packages/robot_bringup
[1.059s] -- Installing: /home/ascachetti/Documents/trekking_ws/install/robot_bringup/share/robot_bringup/cmake/robot_bringupConfig.cmake
[1.059s] -- Installing: /home/ascachetti/Documents/trekking_ws/install/robot_bringup/share/robot_bringup/cmake/robot_bringupConfig-version.cmake
[1.060s] -- Installing: /home/ascachetti/Documents/trekking_ws/install/robot_bringup/share/robot_bringup/package.xml
[1.062s] Invoked command in '/home/ascachetti/Documents/trekking_ws/build/robot_bringup' returned '0': CMAKE_PREFIX_PATH=${CMAKE_PREFIX_PATH}:/opt/ros/jazzy DEBUGINFOD_URLS=https://debuginfod.ubuntu.com /usr/bin/cmake --install /home/ascachetti/Documents/trekking_ws/build/robot_bringup
