[0.010s] Invoking command in '/home/diogo/Documents/Github/Trekking_2026/NoteEmbarcado/trekking_ws/build/robot_control': CMAKE_PREFIX_PATH=${CMAKE_PREFIX_PATH}:/opt/ros/jazzy DEBUGINFOD_URLS=https://debuginfod.ubuntu.com /usr/bin/cmake /home/diogo/Documents/Github/Trekking_2026/NoteEmbarcado/trekking_ws/src/robot_control -DCMAKE_INSTALL_PREFIX=/home/diogo/Documents/Github/Trekking_2026/NoteEmbarcado/trekking_ws/install/robot_control
[0.062s] -- The C compiler identification is GNU 13.3.0
[0.100s] -- The CXX compiler identification is GNU 13.3.0
[0.114s] -- Detecting C compiler ABI info
[0.182s] -- Detecting C compiler ABI info - done
[0.188s] -- Check for working C compiler: /usr/bin/cc - skipped
[0.189s] -- Detecting C compile features
[0.189s] -- Detecting C compile features - done
[0.198s] -- Detecting CXX compiler ABI info
[0.291s] -- Detecting CXX compiler ABI info - done
[0.303s] -- Check for working CXX compiler: /usr/bin/c++ - skipped
[0.303s] -- Detecting CXX compile features
[0.303s] -- Detecting CXX compile features - done
[0.305s] -- Found ament_cmake: 2.5.6 (/opt/ros/jazzy/share/ament_cmake/cmake)
[0.432s] -- Found Python3: /usr/bin/python3 (found version "3.12.3") found components: Interpreter 
[0.516s] -- Found rclcpp: 28.1.22 (/opt/ros/jazzy/share/rclcpp/cmake)
[0.555s] -- Found rosidl_generator_c: 4.6.9 (/opt/ros/jazzy/share/rosidl_generator_c/cmake)
[0.568s] -- Found rosidl_generator_cpp: 4.6.9 (/opt/ros/jazzy/share/rosidl_generator_cpp/cmake)
[0.584s] -- Using all available rosidl_typesupport_c: rosidl_typesupport_fastrtps_c;rosidl_typesupport_introspection_c
[0.598s] -- Using all available rosidl_typesupport_cpp: rosidl_typesupport_fastrtps_cpp;rosidl_typesupport_introspection_cpp
[0.653s] -- Found rmw_implementation_cmake: 7.3.4 (/opt/ros/jazzy/share/rmw_implementation_cmake/cmake)
[0.654s] -- Found rmw_fastrtps_cpp: 8.4.4 (/opt/ros/jazzy/share/rmw_fastrtps_cpp/cmake)
[0.719s] -- Found OpenSSL: /usr/lib/x86_64-linux-gnu/libcrypto.so (found version "3.0.13")  
[0.740s] -- Found FastRTPS: /opt/ros/jazzy/include (Required is at least version "2.13") 
[0.762s] -- Using RMW implementation 'rmw_fastrtps_cpp' as default
[0.833s] [31mCMake Error at CMakeLists.txt:11 (find_package):
[0.833s]   By not providing "Findhardware_interface.cmake" in CMAKE_MODULE_PATH this
[0.833s]   project has asked CMake to find a package configuration file provided by
[0.833s]   "hardware_interface", but CMake did not find one.
[0.833s] 
[0.833s]   Could not find a package configuration file provided by
[0.833s]   "hardware_interface" with any of the following names:
[0.833s] 
[0.833s]     hardware_interfaceConfig.cmake
[0.834s]     hardware_interface-config.cmake
[0.834s] 
[0.834s]   Add the installation prefix of "hardware_interface" to CMAKE_PREFIX_PATH or
[0.834s]   set "hardware_interface_DIR" to a directory containing one of the above
[0.834s]   files.  If "hardware_interface" provides a separate development package or
[0.834s]   SDK, be sure it has been installed.
[0.834s] 
[0.834s] [0m
[0.834s] -- Configuring incomplete, errors occurred!
