[0.250s] DEBUG:colcon:Command line arguments: ['/usr/bin/colcon', 'build']
[0.250s] DEBUG:colcon:Parsed command line arguments: Namespace(log_base=None, log_level=None, verb_name='build', build_base='build', install_base='install', merge_install=False, symlink_install=False, test_result_base=None, continue_on_error=False, executor='parallel', parallel_workers=12, event_handlers=None, ignore_user_meta=False, metas=['./colcon.meta'], base_paths=['.'], packages_ignore=None, packages_ignore_regex=None, paths=None, packages_up_to=None, packages_up_to_regex=None, packages_above=None, packages_above_and_dependencies=None, packages_above_depth=None, packages_select_by_dep=None, packages_skip_by_dep=None, packages_skip_up_to=None, packages_select_build_failed=False, packages_skip_build_finished=False, packages_select_test_failures=False, packages_skip_test_passed=False, packages_select=None, packages_skip=None, packages_select_regex=None, packages_skip_regex=None, packages_start=None, packages_end=None, allow_overriding=[], cmake_args=None, cmake_target=None, cmake_target_skip_unavailable=False, cmake_clean_cache=False, cmake_clean_first=False, cmake_force_configure=False, ament_cmake_args=None, catkin_cmake_args=None, catkin_skip_building_tests=False, verb_parser=<colcon_defaults.argument_parser.defaults.DefaultArgumentsDecorator object at 0x737a24f905c0>, verb_extension=<colcon_core.verb.build.BuildVerb object at 0x737a24f90350>, main=<bound method BuildVerb.main of <colcon_core.verb.build.BuildVerb object at 0x737a24f90350>>)
[0.308s] Level 1:colcon.colcon_core.package_discovery:discover_packages(colcon_meta) check parameters
[0.308s] Level 1:colcon.colcon_core.package_discovery:discover_packages(recursive) check parameters
[0.308s] Level 1:colcon.colcon_core.package_discovery:discover_packages(ignore) check parameters
[0.308s] Level 1:colcon.colcon_core.package_discovery:discover_packages(path) check parameters
[0.308s] Level 1:colcon.colcon_core.package_discovery:discover_packages(colcon_meta) discover
[0.308s] Level 1:colcon.colcon_core.package_discovery:discover_packages(recursive) discover
[0.308s] INFO:colcon.colcon_core.package_discovery:Crawling recursively for packages in '/home/ascachetti/Documents/trekking_ws'
[0.308s] Level 1:colcon.colcon_core.package_identification:_identify(.) by extensions ['ignore', 'ignore_ament_install']
[0.308s] Level 1:colcon.colcon_core.package_identification:_identify(.) by extension 'ignore'
[0.308s] Level 1:colcon.colcon_core.package_identification:_identify(.) by extension 'ignore_ament_install'
[0.308s] Level 1:colcon.colcon_core.package_identification:_identify(.) by extensions ['colcon_pkg']
[0.308s] Level 1:colcon.colcon_core.package_identification:_identify(.) by extension 'colcon_pkg'
[0.308s] Level 1:colcon.colcon_core.package_identification:_identify(.) by extensions ['colcon_meta']
[0.308s] Level 1:colcon.colcon_core.package_identification:_identify(.) by extension 'colcon_meta'
[0.308s] Level 1:colcon.colcon_core.package_identification:_identify(.) by extensions ['ros']
[0.308s] Level 1:colcon.colcon_core.package_identification:_identify(.) by extension 'ros'
[0.335s] Level 1:colcon.colcon_core.package_identification:_identify(.) by extensions ['cmake', 'python']
[0.335s] Level 1:colcon.colcon_core.package_identification:_identify(.) by extension 'cmake'
[0.335s] Level 1:colcon.colcon_core.package_identification:_identify(.) by extension 'python'
[0.335s] Level 1:colcon.colcon_core.package_identification:_identify(.) by extensions ['python_setup_py']
[0.335s] Level 1:colcon.colcon_core.package_identification:_identify(.) by extension 'python_setup_py'
[0.335s] Level 1:colcon.colcon_core.package_identification:_identify(build) by extensions ['ignore', 'ignore_ament_install']
[0.335s] Level 1:colcon.colcon_core.package_identification:_identify(build) by extension 'ignore'
[0.335s] Level 1:colcon.colcon_core.package_identification:_identify(build) ignored
[0.335s] Level 1:colcon.colcon_core.package_identification:_identify(install) by extensions ['ignore', 'ignore_ament_install']
[0.335s] Level 1:colcon.colcon_core.package_identification:_identify(install) by extension 'ignore'
[0.335s] Level 1:colcon.colcon_core.package_identification:_identify(install) ignored
[0.335s] Level 1:colcon.colcon_core.package_identification:_identify(log) by extensions ['ignore', 'ignore_ament_install']
[0.335s] Level 1:colcon.colcon_core.package_identification:_identify(log) by extension 'ignore'
[0.335s] Level 1:colcon.colcon_core.package_identification:_identify(log) ignored
[0.335s] Level 1:colcon.colcon_core.package_identification:_identify(src) by extensions ['ignore', 'ignore_ament_install']
[0.335s] Level 1:colcon.colcon_core.package_identification:_identify(src) by extension 'ignore'
[0.335s] Level 1:colcon.colcon_core.package_identification:_identify(src) by extension 'ignore_ament_install'
[0.335s] Level 1:colcon.colcon_core.package_identification:_identify(src) by extensions ['colcon_pkg']
[0.335s] Level 1:colcon.colcon_core.package_identification:_identify(src) by extension 'colcon_pkg'
[0.335s] Level 1:colcon.colcon_core.package_identification:_identify(src) by extensions ['colcon_meta']
[0.335s] Level 1:colcon.colcon_core.package_identification:_identify(src) by extension 'colcon_meta'
[0.335s] Level 1:colcon.colcon_core.package_identification:_identify(src) by extensions ['ros']
[0.335s] Level 1:colcon.colcon_core.package_identification:_identify(src) by extension 'ros'
[0.335s] Level 1:colcon.colcon_core.package_identification:_identify(src) by extensions ['cmake', 'python']
[0.335s] Level 1:colcon.colcon_core.package_identification:_identify(src) by extension 'cmake'
[0.335s] Level 1:colcon.colcon_core.package_identification:_identify(src) by extension 'python'
[0.335s] Level 1:colcon.colcon_core.package_identification:_identify(src) by extensions ['python_setup_py']
[0.335s] Level 1:colcon.colcon_core.package_identification:_identify(src) by extension 'python_setup_py'
[0.336s] Level 1:colcon.colcon_core.package_identification:_identify(src/robot_bringup) by extensions ['ignore', 'ignore_ament_install']
[0.336s] Level 1:colcon.colcon_core.package_identification:_identify(src/robot_bringup) by extension 'ignore'
[0.336s] Level 1:colcon.colcon_core.package_identification:_identify(src/robot_bringup) by extension 'ignore_ament_install'
[0.336s] Level 1:colcon.colcon_core.package_identification:_identify(src/robot_bringup) by extensions ['colcon_pkg']
[0.336s] Level 1:colcon.colcon_core.package_identification:_identify(src/robot_bringup) by extension 'colcon_pkg'
[0.336s] Level 1:colcon.colcon_core.package_identification:_identify(src/robot_bringup) by extensions ['colcon_meta']
[0.336s] Level 1:colcon.colcon_core.package_identification:_identify(src/robot_bringup) by extension 'colcon_meta'
[0.336s] Level 1:colcon.colcon_core.package_identification:_identify(src/robot_bringup) by extensions ['ros']
[0.336s] Level 1:colcon.colcon_core.package_identification:_identify(src/robot_bringup) by extension 'ros'
[0.339s] DEBUG:colcon.colcon_core.package_identification:Package 'src/robot_bringup' with type 'ros.ament_cmake' and name 'robot_bringup'
[0.339s] Level 1:colcon.colcon_core.package_identification:_identify(src/robot_control) by extensions ['ignore', 'ignore_ament_install']
[0.339s] Level 1:colcon.colcon_core.package_identification:_identify(src/robot_control) by extension 'ignore'
[0.339s] Level 1:colcon.colcon_core.package_identification:_identify(src/robot_control) by extension 'ignore_ament_install'
[0.339s] Level 1:colcon.colcon_core.package_identification:_identify(src/robot_control) by extensions ['colcon_pkg']
[0.340s] Level 1:colcon.colcon_core.package_identification:_identify(src/robot_control) by extension 'colcon_pkg'
[0.340s] Level 1:colcon.colcon_core.package_identification:_identify(src/robot_control) by extensions ['colcon_meta']
[0.340s] Level 1:colcon.colcon_core.package_identification:_identify(src/robot_control) by extension 'colcon_meta'
[0.340s] Level 1:colcon.colcon_core.package_identification:_identify(src/robot_control) by extensions ['ros']
[0.340s] Level 1:colcon.colcon_core.package_identification:_identify(src/robot_control) by extension 'ros'
[0.340s] DEBUG:colcon.colcon_core.package_identification:Package 'src/robot_control' with type 'ros.ament_cmake' and name 'robot_control'
[0.340s] Level 1:colcon.colcon_core.package_identification:_identify(src/robot_core) by extensions ['ignore', 'ignore_ament_install']
[0.340s] Level 1:colcon.colcon_core.package_identification:_identify(src/robot_core) by extension 'ignore'
[0.341s] Level 1:colcon.colcon_core.package_identification:_identify(src/robot_core) by extension 'ignore_ament_install'
[0.341s] Level 1:colcon.colcon_core.package_identification:_identify(src/robot_core) by extensions ['colcon_pkg']
[0.341s] Level 1:colcon.colcon_core.package_identification:_identify(src/robot_core) by extension 'colcon_pkg'
[0.341s] Level 1:colcon.colcon_core.package_identification:_identify(src/robot_core) by extensions ['colcon_meta']
[0.341s] Level 1:colcon.colcon_core.package_identification:_identify(src/robot_core) by extension 'colcon_meta'
[0.341s] Level 1:colcon.colcon_core.package_identification:_identify(src/robot_core) by extensions ['ros']
[0.341s] Level 1:colcon.colcon_core.package_identification:_identify(src/robot_core) by extension 'ros'
[0.341s] DEBUG:colcon.colcon_core.package_identification:Package 'src/robot_core' with type 'ros.ament_cmake' and name 'robot_core'
[0.341s] Level 1:colcon.colcon_core.package_identification:_identify(src/robot_description) by extensions ['ignore', 'ignore_ament_install']
[0.341s] Level 1:colcon.colcon_core.package_identification:_identify(src/robot_description) by extension 'ignore'
[0.341s] Level 1:colcon.colcon_core.package_identification:_identify(src/robot_description) by extension 'ignore_ament_install'
[0.341s] Level 1:colcon.colcon_core.package_identification:_identify(src/robot_description) by extensions ['colcon_pkg']
[0.341s] Level 1:colcon.colcon_core.package_identification:_identify(src/robot_description) by extension 'colcon_pkg'
[0.341s] Level 1:colcon.colcon_core.package_identification:_identify(src/robot_description) by extensions ['colcon_meta']
[0.341s] Level 1:colcon.colcon_core.package_identification:_identify(src/robot_description) by extension 'colcon_meta'
[0.341s] Level 1:colcon.colcon_core.package_identification:_identify(src/robot_description) by extensions ['ros']
[0.341s] Level 1:colcon.colcon_core.package_identification:_identify(src/robot_description) by extension 'ros'
[0.342s] DEBUG:colcon.colcon_core.package_identification:Package 'src/robot_description' with type 'ros.ament_cmake' and name 'robot_description'
[0.342s] Level 1:colcon.colcon_core.package_identification:_identify(src/robot_gazebo) by extensions ['ignore', 'ignore_ament_install']
[0.342s] Level 1:colcon.colcon_core.package_identification:_identify(src/robot_gazebo) by extension 'ignore'
[0.342s] Level 1:colcon.colcon_core.package_identification:_identify(src/robot_gazebo) by extension 'ignore_ament_install'
[0.342s] Level 1:colcon.colcon_core.package_identification:_identify(src/robot_gazebo) by extensions ['colcon_pkg']
[0.342s] Level 1:colcon.colcon_core.package_identification:_identify(src/robot_gazebo) by extension 'colcon_pkg'
[0.342s] Level 1:colcon.colcon_core.package_identification:_identify(src/robot_gazebo) by extensions ['colcon_meta']
[0.342s] Level 1:colcon.colcon_core.package_identification:_identify(src/robot_gazebo) by extension 'colcon_meta'
[0.342s] Level 1:colcon.colcon_core.package_identification:_identify(src/robot_gazebo) by extensions ['ros']
[0.342s] Level 1:colcon.colcon_core.package_identification:_identify(src/robot_gazebo) by extension 'ros'
[0.343s] DEBUG:colcon.colcon_core.package_identification:Package 'src/robot_gazebo' with type 'ros.ament_cmake' and name 'robot_gazebo'
[0.343s] Level 1:colcon.colcon_core.package_identification:_identify(src/robot_hardware) by extensions ['ignore', 'ignore_ament_install']
[0.343s] Level 1:colcon.colcon_core.package_identification:_identify(src/robot_hardware) by extension 'ignore'
[0.343s] Level 1:colcon.colcon_core.package_identification:_identify(src/robot_hardware) by extension 'ignore_ament_install'
[0.343s] Level 1:colcon.colcon_core.package_identification:_identify(src/robot_hardware) by extensions ['colcon_pkg']
[0.343s] Level 1:colcon.colcon_core.package_identification:_identify(src/robot_hardware) by extension 'colcon_pkg'
[0.343s] Level 1:colcon.colcon_core.package_identification:_identify(src/robot_hardware) by extensions ['colcon_meta']
[0.343s] Level 1:colcon.colcon_core.package_identification:_identify(src/robot_hardware) by extension 'colcon_meta'
[0.343s] Level 1:colcon.colcon_core.package_identification:_identify(src/robot_hardware) by extensions ['ros']
[0.343s] Level 1:colcon.colcon_core.package_identification:_identify(src/robot_hardware) by extension 'ros'
[0.343s] Level 1:colcon.colcon_core.package_identification:_identify(src/robot_hardware) by extensions ['cmake', 'python']
[0.343s] Level 1:colcon.colcon_core.package_identification:_identify(src/robot_hardware) by extension 'cmake'
[0.343s] Level 1:colcon.colcon_core.package_identification:_identify(src/robot_hardware) by extension 'python'
[0.343s] Level 1:colcon.colcon_core.package_identification:_identify(src/robot_hardware) by extensions ['python_setup_py']
[0.343s] Level 1:colcon.colcon_core.package_identification:_identify(src/robot_hardware) by extension 'python_setup_py'
[0.343s] Level 1:colcon.colcon_core.package_identification:_identify(src/robot_hardware/config) by extensions ['ignore', 'ignore_ament_install']
[0.343s] Level 1:colcon.colcon_core.package_identification:_identify(src/robot_hardware/config) by extension 'ignore'
[0.343s] Level 1:colcon.colcon_core.package_identification:_identify(src/robot_hardware/config) by extension 'ignore_ament_install'
[0.343s] Level 1:colcon.colcon_core.package_identification:_identify(src/robot_hardware/config) by extensions ['colcon_pkg']
[0.343s] Level 1:colcon.colcon_core.package_identification:_identify(src/robot_hardware/config) by extension 'colcon_pkg'
[0.343s] Level 1:colcon.colcon_core.package_identification:_identify(src/robot_hardware/config) by extensions ['colcon_meta']
[0.343s] Level 1:colcon.colcon_core.package_identification:_identify(src/robot_hardware/config) by extension 'colcon_meta'
[0.344s] Level 1:colcon.colcon_core.package_identification:_identify(src/robot_hardware/config) by extensions ['ros']
[0.344s] Level 1:colcon.colcon_core.package_identification:_identify(src/robot_hardware/config) by extension 'ros'
[0.344s] Level 1:colcon.colcon_core.package_identification:_identify(src/robot_hardware/config) by extensions ['cmake', 'python']
[0.344s] Level 1:colcon.colcon_core.package_identification:_identify(src/robot_hardware/config) by extension 'cmake'
[0.344s] Level 1:colcon.colcon_core.package_identification:_identify(src/robot_hardware/config) by extension 'python'
[0.344s] Level 1:colcon.colcon_core.package_identification:_identify(src/robot_hardware/config) by extensions ['python_setup_py']
[0.344s] Level 1:colcon.colcon_core.package_identification:_identify(src/robot_hardware/config) by extension 'python_setup_py'
[0.344s] Level 1:colcon.colcon_core.package_identification:_identify(src/robot_hardware/launch) by extensions ['ignore', 'ignore_ament_install']
[0.344s] Level 1:colcon.colcon_core.package_identification:_identify(src/robot_hardware/launch) by extension 'ignore'
[0.344s] Level 1:colcon.colcon_core.package_identification:_identify(src/robot_hardware/launch) by extension 'ignore_ament_install'
[0.344s] Level 1:colcon.colcon_core.package_identification:_identify(src/robot_hardware/launch) by extensions ['colcon_pkg']
[0.344s] Level 1:colcon.colcon_core.package_identification:_identify(src/robot_hardware/launch) by extension 'colcon_pkg'
[0.344s] Level 1:colcon.colcon_core.package_identification:_identify(src/robot_hardware/launch) by extensions ['colcon_meta']
[0.344s] Level 1:colcon.colcon_core.package_identification:_identify(src/robot_hardware/launch) by extension 'colcon_meta'
[0.344s] Level 1:colcon.colcon_core.package_identification:_identify(src/robot_hardware/launch) by extensions ['ros']
[0.344s] Level 1:colcon.colcon_core.package_identification:_identify(src/robot_hardware/launch) by extension 'ros'
[0.344s] Level 1:colcon.colcon_core.package_identification:_identify(src/robot_hardware/launch) by extensions ['cmake', 'python']
[0.344s] Level 1:colcon.colcon_core.package_identification:_identify(src/robot_hardware/launch) by extension 'cmake'
[0.344s] Level 1:colcon.colcon_core.package_identification:_identify(src/robot_hardware/launch) by extension 'python'
[0.344s] Level 1:colcon.colcon_core.package_identification:_identify(src/robot_hardware/launch) by extensions ['python_setup_py']
[0.344s] Level 1:colcon.colcon_core.package_identification:_identify(src/robot_hardware/launch) by extension 'python_setup_py'
[0.344s] Level 1:colcon.colcon_core.package_discovery:discover_packages(recursive) using defaults
[0.344s] Level 1:colcon.colcon_core.package_discovery:discover_packages(ignore) discover
[0.344s] Level 1:colcon.colcon_core.package_discovery:discover_packages(ignore) using defaults
[0.344s] Level 1:colcon.colcon_core.package_discovery:discover_packages(path) discover
[0.344s] Level 1:colcon.colcon_core.package_discovery:discover_packages(path) using defaults
[0.366s] Level 1:colcon.colcon_core.package_discovery:discover_packages(prefix_path) check parameters
[0.366s] Level 1:colcon.colcon_core.package_discovery:discover_packages(prefix_path) discover
[0.369s] DEBUG:colcon.colcon_installed_package_information.package_discovery:Found 388 installed packages in /opt/ros/jazzy
[0.369s] Level 1:colcon.colcon_core.package_discovery:discover_packages(prefix_path) using defaults
[0.396s] Level 5:colcon.colcon_core.verb:set package 'robot_bringup' build argument 'cmake_args' from command line to 'None'
[0.396s] Level 5:colcon.colcon_core.verb:set package 'robot_bringup' build argument 'cmake_target' from command line to 'None'
[0.397s] Level 5:colcon.colcon_core.verb:set package 'robot_bringup' build argument 'cmake_target_skip_unavailable' from command line to 'False'
[0.397s] Level 5:colcon.colcon_core.verb:set package 'robot_bringup' build argument 'cmake_clean_cache' from command line to 'False'
[0.397s] Level 5:colcon.colcon_core.verb:set package 'robot_bringup' build argument 'cmake_clean_first' from command line to 'False'
[0.397s] Level 5:colcon.colcon_core.verb:set package 'robot_bringup' build argument 'cmake_force_configure' from command line to 'False'
[0.397s] Level 5:colcon.colcon_core.verb:set package 'robot_bringup' build argument 'ament_cmake_args' from command line to 'None'
[0.397s] Level 5:colcon.colcon_core.verb:set package 'robot_bringup' build argument 'catkin_cmake_args' from command line to 'None'
[0.397s] Level 5:colcon.colcon_core.verb:set package 'robot_bringup' build argument 'catkin_skip_building_tests' from command line to 'False'
[0.397s] DEBUG:colcon.colcon_core.verb:Building package 'robot_bringup' with the following arguments: {'ament_cmake_args': None, 'build_base': '/home/ascachetti/Documents/trekking_ws/build/robot_bringup', 'catkin_cmake_args': None, 'catkin_skip_building_tests': False, 'cmake_args': None, 'cmake_clean_cache': False, 'cmake_clean_first': False, 'cmake_force_configure': False, 'cmake_target': None, 'cmake_target_skip_unavailable': False, 'install_base': '/home/ascachetti/Documents/trekking_ws/install/robot_bringup', 'merge_install': False, 'path': '/home/ascachetti/Documents/trekking_ws/src/robot_bringup', 'symlink_install': False, 'test_result_base': None}
[0.397s] Level 5:colcon.colcon_core.verb:set package 'robot_control' build argument 'cmake_args' from command line to 'None'
[0.397s] Level 5:colcon.colcon_core.verb:set package 'robot_control' build argument 'cmake_target' from command line to 'None'
[0.397s] Level 5:colcon.colcon_core.verb:set package 'robot_control' build argument 'cmake_target_skip_unavailable' from command line to 'False'
[0.397s] Level 5:colcon.colcon_core.verb:set package 'robot_control' build argument 'cmake_clean_cache' from command line to 'False'
[0.397s] Level 5:colcon.colcon_core.verb:set package 'robot_control' build argument 'cmake_clean_first' from command line to 'False'
[0.397s] Level 5:colcon.colcon_core.verb:set package 'robot_control' build argument 'cmake_force_configure' from command line to 'False'
[0.397s] Level 5:colcon.colcon_core.verb:set package 'robot_control' build argument 'ament_cmake_args' from command line to 'None'
[0.397s] Level 5:colcon.colcon_core.verb:set package 'robot_control' build argument 'catkin_cmake_args' from command line to 'None'
[0.397s] Level 5:colcon.colcon_core.verb:set package 'robot_control' build argument 'catkin_skip_building_tests' from command line to 'False'
[0.397s] DEBUG:colcon.colcon_core.verb:Building package 'robot_control' with the following arguments: {'ament_cmake_args': None, 'build_base': '/home/ascachetti/Documents/trekking_ws/build/robot_control', 'catkin_cmake_args': None, 'catkin_skip_building_tests': False, 'cmake_args': None, 'cmake_clean_cache': False, 'cmake_clean_first': False, 'cmake_force_configure': False, 'cmake_target': None, 'cmake_target_skip_unavailable': False, 'install_base': '/home/ascachetti/Documents/trekking_ws/install/robot_control', 'merge_install': False, 'path': '/home/ascachetti/Documents/trekking_ws/src/robot_control', 'symlink_install': False, 'test_result_base': None}
[0.397s] Level 5:colcon.colcon_core.verb:set package 'robot_core' build argument 'cmake_args' from command line to 'None'
[0.397s] Level 5:colcon.colcon_core.verb:set package 'robot_core' build argument 'cmake_target' from command line to 'None'
[0.397s] Level 5:colcon.colcon_core.verb:set package 'robot_core' build argument 'cmake_target_skip_unavailable' from command line to 'False'
[0.397s] Level 5:colcon.colcon_core.verb:set package 'robot_core' build argument 'cmake_clean_cache' from command line to 'False'
[0.397s] Level 5:colcon.colcon_core.verb:set package 'robot_core' build argument 'cmake_clean_first' from command line to 'False'
[0.397s] Level 5:colcon.colcon_core.verb:set package 'robot_core' build argument 'cmake_force_configure' from command line to 'False'
[0.397s] Level 5:colcon.colcon_core.verb:set package 'robot_core' build argument 'ament_cmake_args' from command line to 'None'
[0.397s] Level 5:colcon.colcon_core.verb:set package 'robot_core' build argument 'catkin_cmake_args' from command line to 'None'
[0.397s] Level 5:colcon.colcon_core.verb:set package 'robot_core' build argument 'catkin_skip_building_tests' from command line to 'False'
[0.397s] DEBUG:colcon.colcon_core.verb:Building package 'robot_core' with the following arguments: {'ament_cmake_args': None, 'build_base': '/home/ascachetti/Documents/trekking_ws/build/robot_core', 'catkin_cmake_args': None, 'catkin_skip_building_tests': False, 'cmake_args': None, 'cmake_clean_cache': False, 'cmake_clean_first': False, 'cmake_force_configure': False, 'cmake_target': None, 'cmake_target_skip_unavailable': False, 'install_base': '/home/ascachetti/Documents/trekking_ws/install/robot_core', 'merge_install': False, 'path': '/home/ascachetti/Documents/trekking_ws/src/robot_core', 'symlink_install': False, 'test_result_base': None}
[0.397s] Level 5:colcon.colcon_core.verb:set package 'robot_description' build argument 'cmake_args' from command line to 'None'
[0.397s] Level 5:colcon.colcon_core.verb:set package 'robot_description' build argument 'cmake_target' from command line to 'None'
[0.397s] Level 5:colcon.colcon_core.verb:set package 'robot_description' build argument 'cmake_target_skip_unavailable' from command line to 'False'
[0.397s] Level 5:colcon.colcon_core.verb:set package 'robot_description' build argument 'cmake_clean_cache' from command line to 'False'
[0.397s] Level 5:colcon.colcon_core.verb:set package 'robot_description' build argument 'cmake_clean_first' from command line to 'False'
[0.397s] Level 5:colcon.colcon_core.verb:set package 'robot_description' build argument 'cmake_force_configure' from command line to 'False'
[0.397s] Level 5:colcon.colcon_core.verb:set package 'robot_description' build argument 'ament_cmake_args' from command line to 'None'
[0.397s] Level 5:colcon.colcon_core.verb:set package 'robot_description' build argument 'catkin_cmake_args' from command line to 'None'
[0.397s] Level 5:colcon.colcon_core.verb:set package 'robot_description' build argument 'catkin_skip_building_tests' from command line to 'False'
[0.397s] DEBUG:colcon.colcon_core.verb:Building package 'robot_description' with the following arguments: {'ament_cmake_args': None, 'build_base': '/home/ascachetti/Documents/trekking_ws/build/robot_description', 'catkin_cmake_args': None, 'catkin_skip_building_tests': False, 'cmake_args': None, 'cmake_clean_cache': False, 'cmake_clean_first': False, 'cmake_force_configure': False, 'cmake_target': None, 'cmake_target_skip_unavailable': False, 'install_base': '/home/ascachetti/Documents/trekking_ws/install/robot_description', 'merge_install': False, 'path': '/home/ascachetti/Documents/trekking_ws/src/robot_description', 'symlink_install': False, 'test_result_base': None}
[0.398s] Level 5:colcon.colcon_core.verb:set package 'robot_gazebo' build argument 'cmake_args' from command line to 'None'
[0.398s] Level 5:colcon.colcon_core.verb:set package 'robot_gazebo' build argument 'cmake_target' from command line to 'None'
[0.398s] Level 5:colcon.colcon_core.verb:set package 'robot_gazebo' build argument 'cmake_target_skip_unavailable' from command line to 'False'
[0.398s] Level 5:colcon.colcon_core.verb:set package 'robot_gazebo' build argument 'cmake_clean_cache' from command line to 'False'
[0.398s] Level 5:colcon.colcon_core.verb:set package 'robot_gazebo' build argument 'cmake_clean_first' from command line to 'False'
[0.398s] Level 5:colcon.colcon_core.verb:set package 'robot_gazebo' build argument 'cmake_force_configure' from command line to 'False'
[0.398s] Level 5:colcon.colcon_core.verb:set package 'robot_gazebo' build argument 'ament_cmake_args' from command line to 'None'
[0.398s] Level 5:colcon.colcon_core.verb:set package 'robot_gazebo' build argument 'catkin_cmake_args' from command line to 'None'
[0.398s] Level 5:colcon.colcon_core.verb:set package 'robot_gazebo' build argument 'catkin_skip_building_tests' from command line to 'False'
[0.398s] DEBUG:colcon.colcon_core.verb:Building package 'robot_gazebo' with the following arguments: {'ament_cmake_args': None, 'build_base': '/home/ascachetti/Documents/trekking_ws/build/robot_gazebo', 'catkin_cmake_args': None, 'catkin_skip_building_tests': False, 'cmake_args': None, 'cmake_clean_cache': False, 'cmake_clean_first': False, 'cmake_force_configure': False, 'cmake_target': None, 'cmake_target_skip_unavailable': False, 'install_base': '/home/ascachetti/Documents/trekking_ws/install/robot_gazebo', 'merge_install': False, 'path': '/home/ascachetti/Documents/trekking_ws/src/robot_gazebo', 'symlink_install': False, 'test_result_base': None}
[0.398s] INFO:colcon.colcon_core.executor:Executing jobs using 'parallel' executor
[0.398s] DEBUG:colcon.colcon_parallel_executor.executor.parallel:run_until_complete
[0.398s] INFO:colcon.colcon_ros.task.ament_cmake.build:Building ROS package in '/home/ascachetti/Documents/trekking_ws/src/robot_bringup' with build type 'ament_cmake'
[0.398s] INFO:colcon.colcon_cmake.task.cmake.build:Building CMake package in '/home/ascachetti/Documents/trekking_ws/src/robot_bringup'
[0.402s] INFO:colcon.colcon_core.plugin_system:Skipping extension 'colcon_core.shell.bat': Not used on non-Windows systems
[0.402s] INFO:colcon.colcon_core.shell:Skip shell extension 'powershell' for command environment: Not usable outside of PowerShell
[0.402s] DEBUG:colcon.colcon_core.shell:Skip shell extension 'dsv' for command environment
[0.405s] INFO:colcon.colcon_ros.task.ament_cmake.build:Building ROS package in '/home/ascachetti/Documents/trekking_ws/src/robot_control' with build type 'ament_cmake'
[0.405s] INFO:colcon.colcon_cmake.task.cmake.build:Building CMake package in '/home/ascachetti/Documents/trekking_ws/src/robot_control'
[0.405s] INFO:colcon.colcon_core.shell:Skip shell extension 'powershell' for command environment: Not usable outside of PowerShell
[0.405s] DEBUG:colcon.colcon_core.shell:Skip shell extension 'dsv' for command environment
[0.407s] INFO:colcon.colcon_ros.task.ament_cmake.build:Building ROS package in '/home/ascachetti/Documents/trekking_ws/src/robot_core' with build type 'ament_cmake'
[0.407s] INFO:colcon.colcon_cmake.task.cmake.build:Building CMake package in '/home/ascachetti/Documents/trekking_ws/src/robot_core'
[0.407s] INFO:colcon.colcon_core.shell:Skip shell extension 'powershell' for command environment: Not usable outside of PowerShell
[0.407s] DEBUG:colcon.colcon_core.shell:Skip shell extension 'dsv' for command environment
[0.409s] INFO:colcon.colcon_ros.task.ament_cmake.build:Building ROS package in '/home/ascachetti/Documents/trekking_ws/src/robot_description' with build type 'ament_cmake'
[0.409s] INFO:colcon.colcon_cmake.task.cmake.build:Building CMake package in '/home/ascachetti/Documents/trekking_ws/src/robot_description'
[0.409s] INFO:colcon.colcon_core.shell:Skip shell extension 'powershell' for command environment: Not usable outside of PowerShell
[0.409s] DEBUG:colcon.colcon_core.shell:Skip shell extension 'dsv' for command environment
[0.411s] INFO:colcon.colcon_ros.task.ament_cmake.build:Building ROS package in '/home/ascachetti/Documents/trekking_ws/src/robot_gazebo' with build type 'ament_cmake'
[0.411s] INFO:colcon.colcon_cmake.task.cmake.build:Building CMake package in '/home/ascachetti/Documents/trekking_ws/src/robot_gazebo'
[0.411s] INFO:colcon.colcon_core.shell:Skip shell extension 'powershell' for command environment: Not usable outside of PowerShell
[0.411s] DEBUG:colcon.colcon_core.shell:Skip shell extension 'dsv' for command environment
[0.416s] DEBUG:colcon.colcon_core.event_handler.log_command:Invoking command in '/home/ascachetti/Documents/trekking_ws/build/robot_bringup': CMAKE_PREFIX_PATH=${CMAKE_PREFIX_PATH}:/opt/ros/jazzy DEBUGINFOD_URLS=https://debuginfod.ubuntu.com VIRTUAL_ENV_PROMPT=(yolo_env) /usr/bin/cmake --build /home/ascachetti/Documents/trekking_ws/build/robot_bringup -- -j12 -l12
[0.420s] DEBUG:colcon.colcon_core.event_handler.log_command:Invoking command in '/home/ascachetti/Documents/trekking_ws/build/robot_control': CMAKE_PREFIX_PATH=${CMAKE_PREFIX_PATH}:/opt/ros/jazzy DEBUGINFOD_URLS=https://debuginfod.ubuntu.com VIRTUAL_ENV_PROMPT=(yolo_env) /usr/bin/cmake --build /home/ascachetti/Documents/trekking_ws/build/robot_control -- -j12 -l12
[0.424s] DEBUG:colcon.colcon_core.event_handler.log_command:Invoking command in '/home/ascachetti/Documents/trekking_ws/build/robot_core': CMAKE_PREFIX_PATH=${CMAKE_PREFIX_PATH}:/opt/ros/jazzy DEBUGINFOD_URLS=https://debuginfod.ubuntu.com VIRTUAL_ENV_PROMPT=(yolo_env) /usr/bin/cmake --build /home/ascachetti/Documents/trekking_ws/build/robot_core -- -j12 -l12
[0.426s] DEBUG:colcon.colcon_core.event_handler.log_command:Invoking command in '/home/ascachetti/Documents/trekking_ws/build/robot_description': CMAKE_PREFIX_PATH=${CMAKE_PREFIX_PATH}:/opt/ros/jazzy DEBUGINFOD_URLS=https://debuginfod.ubuntu.com VIRTUAL_ENV_PROMPT=(yolo_env) /usr/bin/cmake --build /home/ascachetti/Documents/trekking_ws/build/robot_description -- -j12 -l12
[0.441s] DEBUG:colcon.colcon_core.event_handler.log_command:Invoking command in '/home/ascachetti/Documents/trekking_ws/build/robot_gazebo': CMAKE_PREFIX_PATH=${CMAKE_PREFIX_PATH}:/opt/ros/jazzy DEBUGINFOD_URLS=https://debuginfod.ubuntu.com VIRTUAL_ENV_PROMPT=(yolo_env) /usr/bin/cmake --build /home/ascachetti/Documents/trekking_ws/build/robot_gazebo -- -j12 -l12
[0.486s] DEBUG:colcon.colcon_core.event_handler.log_command:Invoked command in '/home/ascachetti/Documents/trekking_ws/build/robot_bringup' returned '0': CMAKE_PREFIX_PATH=${CMAKE_PREFIX_PATH}:/opt/ros/jazzy DEBUGINFOD_URLS=https://debuginfod.ubuntu.com VIRTUAL_ENV_PROMPT=(yolo_env) /usr/bin/cmake --build /home/ascachetti/Documents/trekking_ws/build/robot_bringup -- -j12 -l12
[0.500s] DEBUG:colcon.colcon_core.event_handler.log_command:Invoking command in '/home/ascachetti/Documents/trekking_ws/build/robot_bringup': CMAKE_PREFIX_PATH=${CMAKE_PREFIX_PATH}:/opt/ros/jazzy DEBUGINFOD_URLS=https://debuginfod.ubuntu.com VIRTUAL_ENV_PROMPT=(yolo_env) /usr/bin/cmake --install /home/ascachetti/Documents/trekking_ws/build/robot_bringup
[0.501s] DEBUG:colcon.colcon_core.event_handler.log_command:Invoked command in '/home/ascachetti/Documents/trekking_ws/build/robot_description' returned '0': CMAKE_PREFIX_PATH=${CMAKE_PREFIX_PATH}:/opt/ros/jazzy DEBUGINFOD_URLS=https://debuginfod.ubuntu.com VIRTUAL_ENV_PROMPT=(yolo_env) /usr/bin/cmake --build /home/ascachetti/Documents/trekking_ws/build/robot_description -- -j12 -l12
[0.503s] DEBUG:colcon.colcon_core.event_handler.log_command:Invoking command in '/home/ascachetti/Documents/trekking_ws/build/robot_description': CMAKE_PREFIX_PATH=${CMAKE_PREFIX_PATH}:/opt/ros/jazzy DEBUGINFOD_URLS=https://debuginfod.ubuntu.com VIRTUAL_ENV_PROMPT=(yolo_env) /usr/bin/cmake --install /home/ascachetti/Documents/trekking_ws/build/robot_description
[0.503s] DEBUG:colcon.colcon_core.event_handler.log_command:Invoked command in '/home/ascachetti/Documents/trekking_ws/build/robot_core' returned '0': CMAKE_PREFIX_PATH=${CMAKE_PREFIX_PATH}:/opt/ros/jazzy DEBUGINFOD_URLS=https://debuginfod.ubuntu.com VIRTUAL_ENV_PROMPT=(yolo_env) /usr/bin/cmake --build /home/ascachetti/Documents/trekking_ws/build/robot_core -- -j12 -l12
[0.505s] DEBUG:colcon.colcon_core.event_handler.log_command:Invoking command in '/home/ascachetti/Documents/trekking_ws/build/robot_core': CMAKE_PREFIX_PATH=${CMAKE_PREFIX_PATH}:/opt/ros/jazzy DEBUGINFOD_URLS=https://debuginfod.ubuntu.com VIRTUAL_ENV_PROMPT=(yolo_env) /usr/bin/cmake --install /home/ascachetti/Documents/trekking_ws/build/robot_core
[0.506s] DEBUG:colcon.colcon_core.event_handler.log_command:Invoked command in '/home/ascachetti/Documents/trekking_ws/build/robot_gazebo' returned '0': CMAKE_PREFIX_PATH=${CMAKE_PREFIX_PATH}:/opt/ros/jazzy DEBUGINFOD_URLS=https://debuginfod.ubuntu.com VIRTUAL_ENV_PROMPT=(yolo_env) /usr/bin/cmake --build /home/ascachetti/Documents/trekking_ws/build/robot_gazebo -- -j12 -l12
[0.509s] DEBUG:colcon.colcon_core.event_handler.log_command:Invoking command in '/home/ascachetti/Documents/trekking_ws/build/robot_gazebo': CMAKE_PREFIX_PATH=${CMAKE_PREFIX_PATH}:/opt/ros/jazzy DEBUGINFOD_URLS=https://debuginfod.ubuntu.com VIRTUAL_ENV_PROMPT=(yolo_env) /usr/bin/cmake --install /home/ascachetti/Documents/trekking_ws/build/robot_gazebo
[0.510s] DEBUG:colcon.colcon_core.event_handler.log_command:Invoked command in '/home/ascachetti/Documents/trekking_ws/build/robot_control' returned '0': CMAKE_PREFIX_PATH=${CMAKE_PREFIX_PATH}:/opt/ros/jazzy DEBUGINFOD_URLS=https://debuginfod.ubuntu.com VIRTUAL_ENV_PROMPT=(yolo_env) /usr/bin/cmake --build /home/ascachetti/Documents/trekking_ws/build/robot_control -- -j12 -l12
[0.516s] DEBUG:colcon.colcon_core.event_handler.log_command:Invoking command in '/home/ascachetti/Documents/trekking_ws/build/robot_control': CMAKE_PREFIX_PATH=${CMAKE_PREFIX_PATH}:/opt/ros/jazzy DEBUGINFOD_URLS=https://debuginfod.ubuntu.com VIRTUAL_ENV_PROMPT=(yolo_env) /usr/bin/cmake --install /home/ascachetti/Documents/trekking_ws/build/robot_control
[0.523s] Level 1:colcon.colcon_core.environment:create_environment_scripts_only(robot_gazebo)
[0.524s] DEBUG:colcon.colcon_core.event_handler.log_command:Invoked command in '/home/ascachetti/Documents/trekking_ws/build/robot_gazebo' returned '0': CMAKE_PREFIX_PATH=${CMAKE_PREFIX_PATH}:/opt/ros/jazzy DEBUGINFOD_URLS=https://debuginfod.ubuntu.com VIRTUAL_ENV_PROMPT=(yolo_env) /usr/bin/cmake --install /home/ascachetti/Documents/trekking_ws/build/robot_gazebo
[0.528s] Level 1:colcon.colcon_core.environment:checking '/home/ascachetti/Documents/trekking_ws/install/robot_gazebo' for CMake module files
[0.529s] Level 1:colcon.colcon_core.environment:checking '/home/ascachetti/Documents/trekking_ws/install/robot_gazebo' for CMake config files
[0.529s] Level 1:colcon.colcon_core.shell:create_environment_hook('robot_gazebo', 'cmake_prefix_path')
[0.529s] INFO:colcon.colcon_core.shell:Creating environment hook '/home/ascachetti/Documents/trekking_ws/install/robot_gazebo/share/robot_gazebo/hook/cmake_prefix_path.ps1'
[0.530s] INFO:colcon.colcon_core.shell:Creating environment descriptor '/home/ascachetti/Documents/trekking_ws/install/robot_gazebo/share/robot_gazebo/hook/cmake_prefix_path.dsv'
[0.530s] INFO:colcon.colcon_core.shell:Creating environment hook '/home/ascachetti/Documents/trekking_ws/install/robot_gazebo/share/robot_gazebo/hook/cmake_prefix_path.sh'
[0.531s] Level 1:colcon.colcon_core.environment:checking '/home/ascachetti/Documents/trekking_ws/install/robot_gazebo/lib'
[0.531s] Level 1:colcon.colcon_core.environment:checking '/home/ascachetti/Documents/trekking_ws/install/robot_gazebo/bin'
[0.531s] Level 1:colcon.colcon_core.environment:checking '/home/ascachetti/Documents/trekking_ws/install/robot_gazebo/lib/pkgconfig/robot_gazebo.pc'
[0.531s] Level 1:colcon.colcon_core.environment:checking '/home/ascachetti/Documents/trekking_ws/install/robot_gazebo/lib/python3.12/site-packages'
[0.532s] Level 1:colcon.colcon_core.environment:checking '/home/ascachetti/Documents/trekking_ws/install/robot_gazebo/bin'
[0.532s] INFO:colcon.colcon_core.shell:Creating package script '/home/ascachetti/Documents/trekking_ws/install/robot_gazebo/share/robot_gazebo/package.ps1'
[0.533s] INFO:colcon.colcon_core.shell:Creating package descriptor '/home/ascachetti/Documents/trekking_ws/install/robot_gazebo/share/robot_gazebo/package.dsv'
[0.533s] INFO:colcon.colcon_core.shell:Creating package script '/home/ascachetti/Documents/trekking_ws/install/robot_gazebo/share/robot_gazebo/package.sh'
[0.534s] INFO:colcon.colcon_core.shell:Creating package script '/home/ascachetti/Documents/trekking_ws/install/robot_gazebo/share/robot_gazebo/package.bash'
[0.534s] INFO:colcon.colcon_core.shell:Creating package script '/home/ascachetti/Documents/trekking_ws/install/robot_gazebo/share/robot_gazebo/package.zsh'
[0.535s] Level 1:colcon.colcon_core.environment:create_file_with_runtime_dependencies(/home/ascachetti/Documents/trekking_ws/install/robot_gazebo/share/colcon-core/packages/robot_gazebo)
[0.535s] Level 1:colcon.colcon_core.environment:create_environment_scripts_only(robot_gazebo)
[0.535s] Level 1:colcon.colcon_core.environment:checking '/home/ascachetti/Documents/trekking_ws/install/robot_gazebo' for CMake module files
[0.536s] Level 1:colcon.colcon_core.environment:checking '/home/ascachetti/Documents/trekking_ws/install/robot_gazebo' for CMake config files
[0.536s] Level 1:colcon.colcon_core.shell:create_environment_hook('robot_gazebo', 'cmake_prefix_path')
[0.536s] INFO:colcon.colcon_core.shell:Creating environment hook '/home/ascachetti/Documents/trekking_ws/install/robot_gazebo/share/robot_gazebo/hook/cmake_prefix_path.ps1'
[0.536s] INFO:colcon.colcon_core.shell:Creating environment descriptor '/home/ascachetti/Documents/trekking_ws/install/robot_gazebo/share/robot_gazebo/hook/cmake_prefix_path.dsv'
[0.536s] INFO:colcon.colcon_core.shell:Creating environment hook '/home/ascachetti/Documents/trekking_ws/install/robot_gazebo/share/robot_gazebo/hook/cmake_prefix_path.sh'
[0.537s] Level 1:colcon.colcon_core.environment:checking '/home/ascachetti/Documents/trekking_ws/install/robot_gazebo/lib'
[0.537s] Level 1:colcon.colcon_core.environment:checking '/home/ascachetti/Documents/trekking_ws/install/robot_gazebo/bin'
[0.537s] Level 1:colcon.colcon_core.environment:checking '/home/ascachetti/Documents/trekking_ws/install/robot_gazebo/lib/pkgconfig/robot_gazebo.pc'
[0.537s] Level 1:colcon.colcon_core.environment:checking '/home/ascachetti/Documents/trekking_ws/install/robot_gazebo/lib/python3.12/site-packages'
[0.537s] Level 1:colcon.colcon_core.environment:checking '/home/ascachetti/Documents/trekking_ws/install/robot_gazebo/bin'
[0.537s] INFO:colcon.colcon_core.shell:Creating package script '/home/ascachetti/Documents/trekking_ws/install/robot_gazebo/share/robot_gazebo/package.ps1'
[0.538s] INFO:colcon.colcon_core.shell:Creating package descriptor '/home/ascachetti/Documents/trekking_ws/install/robot_gazebo/share/robot_gazebo/package.dsv'
[0.538s] INFO:colcon.colcon_core.shell:Creating package script '/home/ascachetti/Documents/trekking_ws/install/robot_gazebo/share/robot_gazebo/package.sh'
[0.538s] INFO:colcon.colcon_core.shell:Creating package script '/home/ascachetti/Documents/trekking_ws/install/robot_gazebo/share/robot_gazebo/package.bash'
[0.538s] INFO:colcon.colcon_core.shell:Creating package script '/home/ascachetti/Documents/trekking_ws/install/robot_gazebo/share/robot_gazebo/package.zsh'
[0.538s] Level 1:colcon.colcon_core.environment:create_file_with_runtime_dependencies(/home/ascachetti/Documents/trekking_ws/install/robot_gazebo/share/colcon-core/packages/robot_gazebo)
[0.539s] Level 1:colcon.colcon_core.environment:create_environment_scripts_only(robot_bringup)
[0.539s] Level 1:colcon.colcon_core.environment:checking '/home/ascachetti/Documents/trekking_ws/install/robot_bringup' for CMake module files
[0.539s] Level 1:colcon.colcon_core.environment:checking '/home/ascachetti/Documents/trekking_ws/install/robot_bringup' for CMake config files
[0.539s] DEBUG:colcon.colcon_core.event_handler.log_command:Invoked command in '/home/ascachetti/Documents/trekking_ws/build/robot_bringup' returned '0': CMAKE_PREFIX_PATH=${CMAKE_PREFIX_PATH}:/opt/ros/jazzy DEBUGINFOD_URLS=https://debuginfod.ubuntu.com VIRTUAL_ENV_PROMPT=(yolo_env) /usr/bin/cmake --install /home/ascachetti/Documents/trekking_ws/build/robot_bringup
[0.540s] Level 1:colcon.colcon_core.shell:create_environment_hook('robot_bringup', 'cmake_prefix_path')
[0.540s] INFO:colcon.colcon_core.shell:Creating environment hook '/home/ascachetti/Documents/trekking_ws/install/robot_bringup/share/robot_bringup/hook/cmake_prefix_path.ps1'
[0.540s] INFO:colcon.colcon_core.shell:Creating environment descriptor '/home/ascachetti/Documents/trekking_ws/install/robot_bringup/share/robot_bringup/hook/cmake_prefix_path.dsv'
[0.540s] INFO:colcon.colcon_core.shell:Creating environment hook '/home/ascachetti/Documents/trekking_ws/install/robot_bringup/share/robot_bringup/hook/cmake_prefix_path.sh'
[0.540s] Level 1:colcon.colcon_core.environment:checking '/home/ascachetti/Documents/trekking_ws/install/robot_bringup/bin'
[0.541s] Level 1:colcon.colcon_core.environment:checking '/home/ascachetti/Documents/trekking_ws/install/robot_bringup/lib/pkgconfig/robot_bringup.pc'
[0.541s] Level 1:colcon.colcon_core.environment:checking '/home/ascachetti/Documents/trekking_ws/install/robot_bringup/lib/python3.12/site-packages'
[0.541s] Level 1:colcon.colcon_core.environment:checking '/home/ascachetti/Documents/trekking_ws/install/robot_bringup/bin'
[0.541s] INFO:colcon.colcon_core.shell:Creating package script '/home/ascachetti/Documents/trekking_ws/install/robot_bringup/share/robot_bringup/package.ps1'
[0.541s] INFO:colcon.colcon_core.shell:Creating package descriptor '/home/ascachetti/Documents/trekking_ws/install/robot_bringup/share/robot_bringup/package.dsv'
[0.542s] INFO:colcon.colcon_core.shell:Creating package script '/home/ascachetti/Documents/trekking_ws/install/robot_bringup/share/robot_bringup/package.sh'
[0.542s] INFO:colcon.colcon_core.shell:Creating package script '/home/ascachetti/Documents/trekking_ws/install/robot_bringup/share/robot_bringup/package.bash'
[0.542s] INFO:colcon.colcon_core.shell:Creating package script '/home/ascachetti/Documents/trekking_ws/install/robot_bringup/share/robot_bringup/package.zsh'
[0.542s] Level 1:colcon.colcon_core.environment:create_file_with_runtime_dependencies(/home/ascachetti/Documents/trekking_ws/install/robot_bringup/share/colcon-core/packages/robot_bringup)
[0.543s] Level 1:colcon.colcon_core.environment:create_environment_scripts_only(robot_bringup)
[0.543s] Level 1:colcon.colcon_core.environment:checking '/home/ascachetti/Documents/trekking_ws/install/robot_bringup' for CMake module files
[0.543s] Level 1:colcon.colcon_core.environment:checking '/home/ascachetti/Documents/trekking_ws/install/robot_bringup' for CMake config files
[0.543s] Level 1:colcon.colcon_core.shell:create_environment_hook('robot_bringup', 'cmake_prefix_path')
[0.543s] INFO:colcon.colcon_core.shell:Creating environment hook '/home/ascachetti/Documents/trekking_ws/install/robot_bringup/share/robot_bringup/hook/cmake_prefix_path.ps1'
[0.543s] INFO:colcon.colcon_core.shell:Creating environment descriptor '/home/ascachetti/Documents/trekking_ws/install/robot_bringup/share/robot_bringup/hook/cmake_prefix_path.dsv'
[0.543s] INFO:colcon.colcon_core.shell:Creating environment hook '/home/ascachetti/Documents/trekking_ws/install/robot_bringup/share/robot_bringup/hook/cmake_prefix_path.sh'
[0.544s] Level 1:colcon.colcon_core.environment:checking '/home/ascachetti/Documents/trekking_ws/install/robot_bringup/bin'
[0.544s] Level 1:colcon.colcon_core.environment:checking '/home/ascachetti/Documents/trekking_ws/install/robot_bringup/lib/pkgconfig/robot_bringup.pc'
[0.544s] Level 1:colcon.colcon_core.environment:checking '/home/ascachetti/Documents/trekking_ws/install/robot_bringup/lib/python3.12/site-packages'
[0.544s] Level 1:colcon.colcon_core.environment:checking '/home/ascachetti/Documents/trekking_ws/install/robot_bringup/bin'
[0.544s] INFO:colcon.colcon_core.shell:Creating package script '/home/ascachetti/Documents/trekking_ws/install/robot_bringup/share/robot_bringup/package.ps1'
[0.545s] INFO:colcon.colcon_core.shell:Creating package descriptor '/home/ascachetti/Documents/trekking_ws/install/robot_bringup/share/robot_bringup/package.dsv'
[0.545s] INFO:colcon.colcon_core.shell:Creating package script '/home/ascachetti/Documents/trekking_ws/install/robot_bringup/share/robot_bringup/package.sh'
[0.545s] INFO:colcon.colcon_core.shell:Creating package script '/home/ascachetti/Documents/trekking_ws/install/robot_bringup/share/robot_bringup/package.bash'
[0.545s] INFO:colcon.colcon_core.shell:Creating package script '/home/ascachetti/Documents/trekking_ws/install/robot_bringup/share/robot_bringup/package.zsh'
[0.545s] Level 1:colcon.colcon_core.environment:create_file_with_runtime_dependencies(/home/ascachetti/Documents/trekking_ws/install/robot_bringup/share/colcon-core/packages/robot_bringup)
[0.546s] Level 1:colcon.colcon_core.environment:create_environment_scripts_only(robot_description)
[0.546s] Level 1:colcon.colcon_core.environment:checking '/home/ascachetti/Documents/trekking_ws/install/robot_description' for CMake module files
[0.546s] Level 1:colcon.colcon_core.environment:checking '/home/ascachetti/Documents/trekking_ws/install/robot_description' for CMake config files
[0.546s] DEBUG:colcon.colcon_core.event_handler.log_command:Invoked command in '/home/ascachetti/Documents/trekking_ws/build/robot_description' returned '0': CMAKE_PREFIX_PATH=${CMAKE_PREFIX_PATH}:/opt/ros/jazzy DEBUGINFOD_URLS=https://debuginfod.ubuntu.com VIRTUAL_ENV_PROMPT=(yolo_env) /usr/bin/cmake --install /home/ascachetti/Documents/trekking_ws/build/robot_description
[0.547s] Level 1:colcon.colcon_core.shell:create_environment_hook('robot_description', 'cmake_prefix_path')
[0.547s] INFO:colcon.colcon_core.shell:Creating environment hook '/home/ascachetti/Documents/trekking_ws/install/robot_description/share/robot_description/hook/cmake_prefix_path.ps1'
[0.547s] INFO:colcon.colcon_core.shell:Creating environment descriptor '/home/ascachetti/Documents/trekking_ws/install/robot_description/share/robot_description/hook/cmake_prefix_path.dsv'
[0.547s] INFO:colcon.colcon_core.shell:Creating environment hook '/home/ascachetti/Documents/trekking_ws/install/robot_description/share/robot_description/hook/cmake_prefix_path.sh'
[0.547s] Level 1:colcon.colcon_core.environment:checking '/home/ascachetti/Documents/trekking_ws/install/robot_description/bin'
[0.547s] Level 1:colcon.colcon_core.environment:checking '/home/ascachetti/Documents/trekking_ws/install/robot_description/lib/pkgconfig/robot_description.pc'
[0.548s] Level 1:colcon.colcon_core.environment:checking '/home/ascachetti/Documents/trekking_ws/install/robot_description/lib/python3.12/site-packages'
[0.548s] Level 1:colcon.colcon_core.environment:checking '/home/ascachetti/Documents/trekking_ws/install/robot_description/bin'
[0.548s] INFO:colcon.colcon_core.shell:Creating package script '/home/ascachetti/Documents/trekking_ws/install/robot_description/share/robot_description/package.ps1'
[0.548s] INFO:colcon.colcon_core.shell:Creating package descriptor '/home/ascachetti/Documents/trekking_ws/install/robot_description/share/robot_description/package.dsv'
[0.548s] INFO:colcon.colcon_core.shell:Creating package script '/home/ascachetti/Documents/trekking_ws/install/robot_description/share/robot_description/package.sh'
[0.549s] INFO:colcon.colcon_core.shell:Creating package script '/home/ascachetti/Documents/trekking_ws/install/robot_description/share/robot_description/package.bash'
[0.549s] INFO:colcon.colcon_core.shell:Creating package script '/home/ascachetti/Documents/trekking_ws/install/robot_description/share/robot_description/package.zsh'
[0.549s] Level 1:colcon.colcon_core.environment:create_file_with_runtime_dependencies(/home/ascachetti/Documents/trekking_ws/install/robot_description/share/colcon-core/packages/robot_description)
[0.549s] Level 1:colcon.colcon_core.environment:create_environment_scripts_only(robot_description)
[0.549s] Level 1:colcon.colcon_core.environment:checking '/home/ascachetti/Documents/trekking_ws/install/robot_description' for CMake module files
[0.549s] Level 1:colcon.colcon_core.environment:checking '/home/ascachetti/Documents/trekking_ws/install/robot_description' for CMake config files
[0.550s] Level 1:colcon.colcon_core.shell:create_environment_hook('robot_description', 'cmake_prefix_path')
[0.550s] INFO:colcon.colcon_core.shell:Creating environment hook '/home/ascachetti/Documents/trekking_ws/install/robot_description/share/robot_description/hook/cmake_prefix_path.ps1'
[0.550s] INFO:colcon.colcon_core.shell:Creating environment descriptor '/home/ascachetti/Documents/trekking_ws/install/robot_description/share/robot_description/hook/cmake_prefix_path.dsv'
[0.550s] INFO:colcon.colcon_core.shell:Creating environment hook '/home/ascachetti/Documents/trekking_ws/install/robot_description/share/robot_description/hook/cmake_prefix_path.sh'
[0.550s] Level 1:colcon.colcon_core.environment:checking '/home/ascachetti/Documents/trekking_ws/install/robot_description/bin'
[0.550s] Level 1:colcon.colcon_core.environment:checking '/home/ascachetti/Documents/trekking_ws/install/robot_description/lib/pkgconfig/robot_description.pc'
[0.551s] Level 1:colcon.colcon_core.environment:checking '/home/ascachetti/Documents/trekking_ws/install/robot_description/lib/python3.12/site-packages'
[0.551s] Level 1:colcon.colcon_core.environment:checking '/home/ascachetti/Documents/trekking_ws/install/robot_description/bin'
[0.551s] INFO:colcon.colcon_core.shell:Creating package script '/home/ascachetti/Documents/trekking_ws/install/robot_description/share/robot_description/package.ps1'
[0.551s] INFO:colcon.colcon_core.shell:Creating package descriptor '/home/ascachetti/Documents/trekking_ws/install/robot_description/share/robot_description/package.dsv'
[0.552s] INFO:colcon.colcon_core.shell:Creating package script '/home/ascachetti/Documents/trekking_ws/install/robot_description/share/robot_description/package.sh'
[0.552s] INFO:colcon.colcon_core.shell:Creating package script '/home/ascachetti/Documents/trekking_ws/install/robot_description/share/robot_description/package.bash'
[0.552s] INFO:colcon.colcon_core.shell:Creating package script '/home/ascachetti/Documents/trekking_ws/install/robot_description/share/robot_description/package.zsh'
[0.552s] Level 1:colcon.colcon_core.environment:create_file_with_runtime_dependencies(/home/ascachetti/Documents/trekking_ws/install/robot_description/share/colcon-core/packages/robot_description)
[0.552s] Level 1:colcon.colcon_core.environment:create_environment_scripts_only(robot_core)
[0.552s] Level 1:colcon.colcon_core.environment:checking '/home/ascachetti/Documents/trekking_ws/install/robot_core' for CMake module files
[0.553s] Level 1:colcon.colcon_core.environment:checking '/home/ascachetti/Documents/trekking_ws/install/robot_core' for CMake config files
[0.553s] DEBUG:colcon.colcon_core.event_handler.log_command:Invoked command in '/home/ascachetti/Documents/trekking_ws/build/robot_core' returned '0': CMAKE_PREFIX_PATH=${CMAKE_PREFIX_PATH}:/opt/ros/jazzy DEBUGINFOD_URLS=https://debuginfod.ubuntu.com VIRTUAL_ENV_PROMPT=(yolo_env) /usr/bin/cmake --install /home/ascachetti/Documents/trekking_ws/build/robot_core
[0.553s] Level 1:colcon.colcon_core.shell:create_environment_hook('robot_core', 'cmake_prefix_path')
[0.553s] INFO:colcon.colcon_core.shell:Creating environment hook '/home/ascachetti/Documents/trekking_ws/install/robot_core/share/robot_core/hook/cmake_prefix_path.ps1'
[0.554s] INFO:colcon.colcon_core.shell:Creating environment descriptor '/home/ascachetti/Documents/trekking_ws/install/robot_core/share/robot_core/hook/cmake_prefix_path.dsv'
[0.554s] INFO:colcon.colcon_core.shell:Creating environment hook '/home/ascachetti/Documents/trekking_ws/install/robot_core/share/robot_core/hook/cmake_prefix_path.sh'
[0.554s] Level 1:colcon.colcon_core.environment:checking '/home/ascachetti/Documents/trekking_ws/install/robot_core/bin'
[0.554s] Level 1:colcon.colcon_core.environment:checking '/home/ascachetti/Documents/trekking_ws/install/robot_core/lib/pkgconfig/robot_core.pc'
[0.554s] Level 1:colcon.colcon_core.environment:checking '/home/ascachetti/Documents/trekking_ws/install/robot_core/lib/python3.12/site-packages'
[0.554s] Level 1:colcon.colcon_core.environment:checking '/home/ascachetti/Documents/trekking_ws/install/robot_core/bin'
[0.555s] INFO:colcon.colcon_core.shell:Creating package script '/home/ascachetti/Documents/trekking_ws/install/robot_core/share/robot_core/package.ps1'
[0.555s] INFO:colcon.colcon_core.shell:Creating package descriptor '/home/ascachetti/Documents/trekking_ws/install/robot_core/share/robot_core/package.dsv'
[0.555s] INFO:colcon.colcon_core.shell:Creating package script '/home/ascachetti/Documents/trekking_ws/install/robot_core/share/robot_core/package.sh'
[0.555s] INFO:colcon.colcon_core.shell:Creating package script '/home/ascachetti/Documents/trekking_ws/install/robot_core/share/robot_core/package.bash'
[0.555s] INFO:colcon.colcon_core.shell:Creating package script '/home/ascachetti/Documents/trekking_ws/install/robot_core/share/robot_core/package.zsh'
[0.556s] Level 1:colcon.colcon_core.environment:create_file_with_runtime_dependencies(/home/ascachetti/Documents/trekking_ws/install/robot_core/share/colcon-core/packages/robot_core)
[0.556s] Level 1:colcon.colcon_core.environment:create_environment_scripts_only(robot_core)
[0.556s] Level 1:colcon.colcon_core.environment:checking '/home/ascachetti/Documents/trekking_ws/install/robot_core' for CMake module files
[0.556s] Level 1:colcon.colcon_core.environment:checking '/home/ascachetti/Documents/trekking_ws/install/robot_core' for CMake config files
[0.556s] Level 1:colcon.colcon_core.shell:create_environment_hook('robot_core', 'cmake_prefix_path')
[0.556s] INFO:colcon.colcon_core.shell:Creating environment hook '/home/ascachetti/Documents/trekking_ws/install/robot_core/share/robot_core/hook/cmake_prefix_path.ps1'
[0.557s] INFO:colcon.colcon_core.shell:Creating environment descriptor '/home/ascachetti/Documents/trekking_ws/install/robot_core/share/robot_core/hook/cmake_prefix_path.dsv'
[0.557s] INFO:colcon.colcon_core.shell:Creating environment hook '/home/ascachetti/Documents/trekking_ws/install/robot_core/share/robot_core/hook/cmake_prefix_path.sh'
[0.557s] Level 1:colcon.colcon_core.environment:checking '/home/ascachetti/Documents/trekking_ws/install/robot_core/bin'
[0.557s] Level 1:colcon.colcon_core.environment:checking '/home/ascachetti/Documents/trekking_ws/install/robot_core/lib/pkgconfig/robot_core.pc'
[0.557s] Level 1:colcon.colcon_core.environment:checking '/home/ascachetti/Documents/trekking_ws/install/robot_core/lib/python3.12/site-packages'
[0.557s] Level 1:colcon.colcon_core.environment:checking '/home/ascachetti/Documents/trekking_ws/install/robot_core/bin'
[0.557s] INFO:colcon.colcon_core.shell:Creating package script '/home/ascachetti/Documents/trekking_ws/install/robot_core/share/robot_core/package.ps1'
[0.558s] INFO:colcon.colcon_core.shell:Creating package descriptor '/home/ascachetti/Documents/trekking_ws/install/robot_core/share/robot_core/package.dsv'
[0.558s] INFO:colcon.colcon_core.shell:Creating package script '/home/ascachetti/Documents/trekking_ws/install/robot_core/share/robot_core/package.sh'
[0.558s] INFO:colcon.colcon_core.shell:Creating package script '/home/ascachetti/Documents/trekking_ws/install/robot_core/share/robot_core/package.bash'
[0.558s] INFO:colcon.colcon_core.shell:Creating package script '/home/ascachetti/Documents/trekking_ws/install/robot_core/share/robot_core/package.zsh'
[0.559s] Level 1:colcon.colcon_core.environment:create_file_with_runtime_dependencies(/home/ascachetti/Documents/trekking_ws/install/robot_core/share/colcon-core/packages/robot_core)
[0.560s] Level 1:colcon.colcon_core.environment:create_environment_scripts_only(robot_control)
[0.560s] Level 1:colcon.colcon_core.environment:checking '/home/ascachetti/Documents/trekking_ws/install/robot_control' for CMake module files
[0.560s] DEBUG:colcon.colcon_core.event_handler.log_command:Invoked command in '/home/ascachetti/Documents/trekking_ws/build/robot_control' returned '0': CMAKE_PREFIX_PATH=${CMAKE_PREFIX_PATH}:/opt/ros/jazzy DEBUGINFOD_URLS=https://debuginfod.ubuntu.com VIRTUAL_ENV_PROMPT=(yolo_env) /usr/bin/cmake --install /home/ascachetti/Documents/trekking_ws/build/robot_control
[0.561s] Level 1:colcon.colcon_core.environment:checking '/home/ascachetti/Documents/trekking_ws/install/robot_control' for CMake config files
[0.561s] Level 1:colcon.colcon_core.shell:create_environment_hook('robot_control', 'cmake_prefix_path')
[0.561s] INFO:colcon.colcon_core.shell:Creating environment hook '/home/ascachetti/Documents/trekking_ws/install/robot_control/share/robot_control/hook/cmake_prefix_path.ps1'
[0.562s] INFO:colcon.colcon_core.shell:Creating environment descriptor '/home/ascachetti/Documents/trekking_ws/install/robot_control/share/robot_control/hook/cmake_prefix_path.dsv'
[0.562s] INFO:colcon.colcon_core.shell:Creating environment hook '/home/ascachetti/Documents/trekking_ws/install/robot_control/share/robot_control/hook/cmake_prefix_path.sh'
[0.563s] Level 1:colcon.colcon_core.environment:checking '/home/ascachetti/Documents/trekking_ws/install/robot_control/bin'
[0.563s] Level 1:colcon.colcon_core.environment:checking '/home/ascachetti/Documents/trekking_ws/install/robot_control/lib/pkgconfig/robot_control.pc'
[0.563s] Level 1:colcon.colcon_core.environment:checking '/home/ascachetti/Documents/trekking_ws/install/robot_control/lib/python3.12/site-packages'
[0.564s] Level 1:colcon.colcon_core.environment:checking '/home/ascachetti/Documents/trekking_ws/install/robot_control/bin'
[0.564s] INFO:colcon.colcon_core.shell:Creating package script '/home/ascachetti/Documents/trekking_ws/install/robot_control/share/robot_control/package.ps1'
[0.565s] INFO:colcon.colcon_core.shell:Creating package descriptor '/home/ascachetti/Documents/trekking_ws/install/robot_control/share/robot_control/package.dsv'
[0.565s] INFO:colcon.colcon_core.shell:Creating package script '/home/ascachetti/Documents/trekking_ws/install/robot_control/share/robot_control/package.sh'
[0.566s] INFO:colcon.colcon_core.shell:Creating package script '/home/ascachetti/Documents/trekking_ws/install/robot_control/share/robot_control/package.bash'
[0.566s] INFO:colcon.colcon_core.shell:Creating package script '/home/ascachetti/Documents/trekking_ws/install/robot_control/share/robot_control/package.zsh'
[0.567s] Level 1:colcon.colcon_core.environment:create_file_with_runtime_dependencies(/home/ascachetti/Documents/trekking_ws/install/robot_control/share/colcon-core/packages/robot_control)
[0.567s] Level 1:colcon.colcon_core.environment:create_environment_scripts_only(robot_control)
[0.567s] Level 1:colcon.colcon_core.environment:checking '/home/ascachetti/Documents/trekking_ws/install/robot_control' for CMake module files
[0.568s] Level 1:colcon.colcon_core.environment:checking '/home/ascachetti/Documents/trekking_ws/install/robot_control' for CMake config files
[0.568s] Level 1:colcon.colcon_core.shell:create_environment_hook('robot_control', 'cmake_prefix_path')
[0.568s] INFO:colcon.colcon_core.shell:Creating environment hook '/home/ascachetti/Documents/trekking_ws/install/robot_control/share/robot_control/hook/cmake_prefix_path.ps1'
[0.569s] INFO:colcon.colcon_core.shell:Creating environment descriptor '/home/ascachetti/Documents/trekking_ws/install/robot_control/share/robot_control/hook/cmake_prefix_path.dsv'
[0.569s] INFO:colcon.colcon_core.shell:Creating environment hook '/home/ascachetti/Documents/trekking_ws/install/robot_control/share/robot_control/hook/cmake_prefix_path.sh'
[0.570s] Level 1:colcon.colcon_core.environment:checking '/home/ascachetti/Documents/trekking_ws/install/robot_control/bin'
[0.570s] Level 1:colcon.colcon_core.environment:checking '/home/ascachetti/Documents/trekking_ws/install/robot_control/lib/pkgconfig/robot_control.pc'
[0.570s] Level 1:colcon.colcon_core.environment:checking '/home/ascachetti/Documents/trekking_ws/install/robot_control/lib/python3.12/site-packages'
[0.570s] Level 1:colcon.colcon_core.environment:checking '/home/ascachetti/Documents/trekking_ws/install/robot_control/bin'
[0.571s] INFO:colcon.colcon_core.shell:Creating package script '/home/ascachetti/Documents/trekking_ws/install/robot_control/share/robot_control/package.ps1'
[0.572s] INFO:colcon.colcon_core.shell:Creating package descriptor '/home/ascachetti/Documents/trekking_ws/install/robot_control/share/robot_control/package.dsv'
[0.572s] INFO:colcon.colcon_core.shell:Creating package script '/home/ascachetti/Documents/trekking_ws/install/robot_control/share/robot_control/package.sh'
[0.572s] INFO:colcon.colcon_core.shell:Creating package script '/home/ascachetti/Documents/trekking_ws/install/robot_control/share/robot_control/package.bash'
[0.572s] INFO:colcon.colcon_core.shell:Creating package script '/home/ascachetti/Documents/trekking_ws/install/robot_control/share/robot_control/package.zsh'
[0.573s] Level 1:colcon.colcon_core.environment:create_file_with_runtime_dependencies(/home/ascachetti/Documents/trekking_ws/install/robot_control/share/colcon-core/packages/robot_control)
[0.573s] DEBUG:colcon.colcon_parallel_executor.executor.parallel:closing loop
[0.573s] DEBUG:colcon.colcon_parallel_executor.executor.parallel:loop closed
[0.573s] DEBUG:colcon.colcon_parallel_executor.executor.parallel:run_until_complete finished with '0'
[0.573s] DEBUG:colcon.colcon_core.event_reactor:joining thread
[0.578s] INFO:colcon.colcon_core.plugin_system:Skipping extension 'colcon_notification.desktop_notification.terminal_notifier': Not used on non-Darwin systems
[0.578s] INFO:colcon.colcon_core.plugin_system:Skipping extension 'colcon_notification.desktop_notification.win32': Not used on non-Windows systems
[0.578s] INFO:colcon.colcon_notification.desktop_notification:Sending desktop notification using 'notify2'
[0.594s] DEBUG:colcon.colcon_core.event_reactor:joined thread
[0.595s] INFO:colcon.colcon_core.shell:Creating prefix script '/home/ascachetti/Documents/trekking_ws/install/local_setup.ps1'
[0.596s] INFO:colcon.colcon_core.shell:Creating prefix util module '/home/ascachetti/Documents/trekking_ws/install/_local_setup_util_ps1.py'
[0.598s] INFO:colcon.colcon_core.shell:Creating prefix chain script '/home/ascachetti/Documents/trekking_ws/install/setup.ps1'
[0.599s] INFO:colcon.colcon_core.shell:Creating prefix script '/home/ascachetti/Documents/trekking_ws/install/local_setup.sh'
[0.600s] INFO:colcon.colcon_core.shell:Creating prefix util module '/home/ascachetti/Documents/trekking_ws/install/_local_setup_util_sh.py'
[0.600s] INFO:colcon.colcon_core.shell:Creating prefix chain script '/home/ascachetti/Documents/trekking_ws/install/setup.sh'
[0.602s] INFO:colcon.colcon_core.shell:Creating prefix script '/home/ascachetti/Documents/trekking_ws/install/local_setup.bash'
[0.602s] INFO:colcon.colcon_core.shell:Creating prefix chain script '/home/ascachetti/Documents/trekking_ws/install/setup.bash'
[0.604s] INFO:colcon.colcon_core.shell:Creating prefix script '/home/ascachetti/Documents/trekking_ws/install/local_setup.zsh'
[0.604s] INFO:colcon.colcon_core.shell:Creating prefix chain script '/home/ascachetti/Documents/trekking_ws/install/setup.zsh'
