[0.072s] Invoking command in '/home/ascachetti/Documents/trekking_ws/build/robot_gazebo': CMAKE_PREFIX_PATH=${CMAKE_PREFIX_PATH}:/opt/ros/jazzy DEBUGINFOD_URLS=https://debuginfod.ubuntu.com VIRTUAL_ENV_PROMPT=(yolo_env) /usr/bin/cmake --build /home/ascachetti/Documents/trekking_ws/build/robot_gazebo -- -j12 -l12
[0.102s] -- Found ament_cmake: 2.5.6 (/opt/ros/jazzy/share/ament_cmake/cmake)
[0.274s] -- Found ros_gz_sim: 1.0.22 (/opt/ros/jazzy/share/ros_gz_sim/cmake)
[0.295s] -- Found rosidl_generator_c: 4.6.9 (/opt/ros/jazzy/share/rosidl_generator_c/cmake)
[0.302s] -- Found rosidl_generator_cpp: 4.6.9 (/opt/ros/jazzy/share/rosidl_generator_cpp/cmake)
[0.310s] -- Using all available rosidl_typesupport_c: rosidl_typesupport_fastrtps_c;rosidl_typesupport_introspection_c
[0.319s] -- Using all available rosidl_typesupport_cpp: rosidl_typesupport_fastrtps_cpp;rosidl_typesupport_introspection_cpp
[0.360s] -- Found rmw_implementation_cmake: 7.3.3 (/opt/ros/jazzy/share/rmw_implementation_cmake/cmake)
[0.361s] -- Found rmw_fastrtps_cpp: 8.4.4 (/opt/ros/jazzy/share/rmw_fastrtps_cpp/cmake)
[0.417s] -- Using RMW implementation 'rmw_fastrtps_cpp' as default
[0.567s] -- Found ros_gz_bridge: 1.0.22 (/opt/ros/jazzy/share/ros_gz_bridge/cmake)
[0.571s] -- Looking for gz-msgs10 -- found version 10.3.2
[0.575s] -- Searching for dependencies of gz-msgs10
[0.588s] -- Looking for gz-utils2 -- found version 2.2.1
[0.588s] -- Searching for dependencies of gz-utils2
[0.589s] -- Looking for gz-math7 -- found version 7.6.0
[0.589s] -- Searching for dependencies of gz-math7
[0.589s] -- Looking for gz-utils2 -- found version 2.2.1
[0.595s] -- Checking for module 'tinyxml2'
[0.610s] --   Found tinyxml2, version 10.0.0
[0.670s] -- Looking for gz-transport13 -- found version 13.5.0
[0.670s] -- Searching for dependencies of gz-transport13
[0.697s] -- Config-file not installed for ZeroMQ -- checking for pkg-config
[0.703s] -- Checking for module 'libzmq >= 4'
[0.728s] --   Found libzmq, version 4.3.5
[0.817s] -- Checking for module 'uuid'
[0.843s] --   Found uuid, version 2.39.3
[0.909s] -- Looking for gz-utils2 -- found version 2.2.1
[0.909s] -- Searching for dependencies of gz-utils2
[0.910s] -- Searching for <gz-utils2> component [cli]
[0.911s] -- Looking for gz-utils2-cli -- found version 2.2.1
[0.911s] -- Searching for dependencies of gz-utils2-cli
[0.913s] -- Looking for gz-msgs10 -- found version 10.3.2
[1.044s] -- Found ament_lint_auto: 0.17.5 (/opt/ros/jazzy/share/ament_lint_auto/cmake)
[1.111s] -- Added test 'flake8' to check Python code syntax and style conventions
[1.111s] -- Configured 'flake8' exclude dirs and/or files: 
[1.111s] -- Added test 'lint_cmake' to check CMake code style
[1.111s] -- Added test 'pep257' to check Python code against some of the docstring style conventions in PEP 257
[1.112s] -- Added test 'xmllint' to check XML markup files
[1.112s] -- Configuring done (1.0s)
[1.116s] -- Generating done (0.0s)
[1.120s] -- Build files have been written to: /home/ascachetti/Documents/trekking_ws/build/robot_gazebo
[1.148s] Invoked command in '/home/ascachetti/Documents/trekking_ws/build/robot_gazebo' returned '0': CMAKE_PREFIX_PATH=${CMAKE_PREFIX_PATH}:/opt/ros/jazzy DEBUGINFOD_URLS=https://debuginfod.ubuntu.com VIRTUAL_ENV_PROMPT=(yolo_env) /usr/bin/cmake --build /home/ascachetti/Documents/trekking_ws/build/robot_gazebo -- -j12 -l12
[1.149s] Invoking command in '/home/ascachetti/Documents/trekking_ws/build/robot_gazebo': CMAKE_PREFIX_PATH=${CMAKE_PREFIX_PATH}:/opt/ros/jazzy DEBUGINFOD_URLS=https://debuginfod.ubuntu.com VIRTUAL_ENV_PROMPT=(yolo_env) /usr/bin/cmake --install /home/ascachetti/Documents/trekking_ws/build/robot_gazebo
[1.156s] -- Install configuration: ""
[1.156s] -- Up-to-date: /home/ascachetti/Documents/trekking_ws/install/robot_gazebo/share/robot_gazebo/launch
[1.156s] -- Up-to-date: /home/ascachetti/Documents/trekking_ws/install/robot_gazebo/share/robot_gazebo/launch/spawn_robot.launch.py
[1.156s] -- Up-to-date: /home/ascachetti/Documents/trekking_ws/install/robot_gazebo/share/robot_gazebo/launch/master.launch.py
[1.156s] -- Up-to-date: /home/ascachetti/Documents/trekking_ws/install/robot_gazebo/share/robot_gazebo/launch/environment.launch.py
[1.157s] -- Up-to-date: /home/ascachetti/Documents/trekking_ws/install/robot_gazebo/share/robot_gazebo/worlds
[1.157s] -- Up-to-date: /home/ascachetti/Documents/trekking_ws/install/robot_gazebo/share/robot_gazebo/worlds/world.sdf
[1.157s] -- Up-to-date: /home/ascachetti/Documents/trekking_ws/install/robot_gazebo/share/robot_gazebo/config
[1.157s] -- Up-to-date: /home/ascachetti/Documents/trekking_ws/install/robot_gazebo/share/robot_gazebo/config/rviz.rviz
[1.157s] -- Up-to-date: /home/ascachetti/Documents/trekking_ws/install/robot_gazebo/share/robot_gazebo/src
[1.157s] -- Up-to-date: /home/ascachetti/Documents/trekking_ws/install/robot_gazebo/share/robot_gazebo/src/best.pt
[1.157s] -- Up-to-date: /home/ascachetti/Documents/trekking_ws/install/robot_gazebo/share/robot_gazebo/src/perception_node.py
[1.157s] -- Up-to-date: /home/ascachetti/Documents/trekking_ws/install/robot_gazebo/share/robot_gazebo/src/vision_node.py
[1.157s] -- Up-to-date: /home/ascachetti/Documents/trekking_ws/install/robot_gazebo/share/robot_gazebo/src/twist2ackermann.py
[1.157s] -- Up-to-date: /home/ascachetti/Documents/trekking_ws/install/robot_gazebo/lib/robot_gazebo/vision_node.py
[1.157s] -- Installing: /home/ascachetti/Documents/trekking_ws/install/robot_gazebo/share/robot_gazebo/best.pt
[1.162s] -- Up-to-date: /home/ascachetti/Documents/trekking_ws/install/robot_gazebo/share/ament_index/resource_index/package_run_dependencies/robot_gazebo
[1.162s] -- Up-to-date: /home/ascachetti/Documents/trekking_ws/install/robot_gazebo/share/ament_index/resource_index/parent_prefix_path/robot_gazebo
[1.163s] -- Up-to-date: /home/ascachetti/Documents/trekking_ws/install/robot_gazebo/share/robot_gazebo/environment/ament_prefix_path.sh
[1.163s] -- Up-to-date: /home/ascachetti/Documents/trekking_ws/install/robot_gazebo/share/robot_gazebo/environment/ament_prefix_path.dsv
[1.163s] -- Up-to-date: /home/ascachetti/Documents/trekking_ws/install/robot_gazebo/share/robot_gazebo/environment/path.sh
[1.163s] -- Up-to-date: /home/ascachetti/Documents/trekking_ws/install/robot_gazebo/share/robot_gazebo/environment/path.dsv
[1.163s] -- Up-to-date: /home/ascachetti/Documents/trekking_ws/install/robot_gazebo/share/robot_gazebo/local_setup.bash
[1.163s] -- Up-to-date: /home/ascachetti/Documents/trekking_ws/install/robot_gazebo/share/robot_gazebo/local_setup.sh
[1.163s] -- Up-to-date: /home/ascachetti/Documents/trekking_ws/install/robot_gazebo/share/robot_gazebo/local_setup.zsh
[1.163s] -- Up-to-date: /home/ascachetti/Documents/trekking_ws/install/robot_gazebo/share/robot_gazebo/local_setup.dsv
[1.163s] -- Installing: /home/ascachetti/Documents/trekking_ws/install/robot_gazebo/share/robot_gazebo/package.dsv
[1.163s] -- Up-to-date: /home/ascachetti/Documents/trekking_ws/install/robot_gazebo/share/ament_index/resource_index/packages/robot_gazebo
[1.164s] -- Up-to-date: /home/ascachetti/Documents/trekking_ws/install/robot_gazebo/share/robot_gazebo/cmake/robot_gazeboConfig.cmake
[1.164s] -- Up-to-date: /home/ascachetti/Documents/trekking_ws/install/robot_gazebo/share/robot_gazebo/cmake/robot_gazeboConfig-version.cmake
[1.164s] -- Up-to-date: /home/ascachetti/Documents/trekking_ws/install/robot_gazebo/share/robot_gazebo/package.xml
[1.164s] Invoked command in '/home/ascachetti/Documents/trekking_ws/build/robot_gazebo' returned '0': CMAKE_PREFIX_PATH=${CMAKE_PREFIX_PATH}:/opt/ros/jazzy DEBUGINFOD_URLS=https://debuginfod.ubuntu.com VIRTUAL_ENV_PROMPT=(yolo_env) /usr/bin/cmake --install /home/ascachetti/Documents/trekking_ws/build/robot_gazebo
