[0.015s] Invoking command in '/home/ascachetti/Documents/trekking_ws/build/robot_control': CMAKE_PREFIX_PATH=${CMAKE_PREFIX_PATH}:/opt/ros/jazzy DEBUGINFOD_URLS=https://debuginfod.ubuntu.com VIRTUAL_ENV_PROMPT=(yolo_env) /usr/bin/cmake --build /home/ascachetti/Documents/trekking_ws/build/robot_control -- -j12 -l12
[0.054s] Invoked command in '/home/ascachetti/Documents/trekking_ws/build/robot_control' returned '0': CMAKE_PREFIX_PATH=${CMAKE_PREFIX_PATH}:/opt/ros/jazzy DEBUGINFOD_URLS=https://debuginfod.ubuntu.com VIRTUAL_ENV_PROMPT=(yolo_env) /usr/bin/cmake --build /home/ascachetti/Documents/trekking_ws/build/robot_control -- -j12 -l12
[0.061s] Invoking command in '/home/ascachetti/Documents/trekking_ws/build/robot_control': CMAKE_PREFIX_PATH=${CMAKE_PREFIX_PATH}:/opt/ros/jazzy DEBUGINFOD_URLS=https://debuginfod.ubuntu.com VIRTUAL_ENV_PROMPT=(yolo_env) /usr/bin/cmake --install /home/ascachetti/Documents/trekking_ws/build/robot_control
[0.074s] -- Install configuration: ""
[0.079s] -- Up-to-date: /home/ascachetti/Documents/trekking_ws/install/robot_control/share/ament_index/resource_index/package_run_dependencies/robot_control
[0.079s] -- Up-to-date: /home/ascachetti/Documents/trekking_ws/install/robot_control/share/ament_index/resource_index/parent_prefix_path/robot_control
[0.079s] -- Up-to-date: /home/ascachetti/Documents/trekking_ws/install/robot_control/share/robot_control/environment/ament_prefix_path.sh
[0.079s] -- Up-to-date: /home/ascachetti/Documents/trekking_ws/install/robot_control/share/robot_control/environment/ament_prefix_path.dsv
[0.079s] -- Up-to-date: /home/ascachetti/Documents/trekking_ws/install/robot_control/share/robot_control/environment/path.sh
[0.079s] -- Up-to-date: /home/ascachetti/Documents/trekking_ws/install/robot_control/share/robot_control/environment/path.dsv
[0.079s] -- Up-to-date: /home/ascachetti/Documents/trekking_ws/install/robot_control/share/robot_control/local_setup.bash
[0.079s] -- Up-to-date: /home/ascachetti/Documents/trekking_ws/install/robot_control/share/robot_control/local_setup.sh
[0.079s] -- Up-to-date: /home/ascachetti/Documents/trekking_ws/install/robot_control/share/robot_control/local_setup.zsh
[0.079s] -- Up-to-date: /home/ascachetti/Documents/trekking_ws/install/robot_control/share/robot_control/local_setup.dsv
[0.079s] -- Installing: /home/ascachetti/Documents/trekking_ws/install/robot_control/share/robot_control/package.dsv
[0.081s] -- Up-to-date: /home/ascachetti/Documents/trekking_ws/install/robot_control/share/ament_index/resource_index/packages/robot_control
[0.081s] -- Up-to-date: /home/ascachetti/Documents/trekking_ws/install/robot_control/share/robot_control/cmake/robot_controlConfig.cmake
[0.081s] -- Up-to-date: /home/ascachetti/Documents/trekking_ws/install/robot_control/share/robot_control/cmake/robot_controlConfig-version.cmake
[0.081s] -- Up-to-date: /home/ascachetti/Documents/trekking_ws/install/robot_control/share/robot_control/package.xml
[0.108s] Invoked command in '/home/ascachetti/Documents/trekking_ws/build/robot_control' returned '0': CMAKE_PREFIX_PATH=${CMAKE_PREFIX_PATH}:/opt/ros/jazzy DEBUGINFOD_URLS=https://debuginfod.ubuntu.com VIRTUAL_ENV_PROMPT=(yolo_env) /usr/bin/cmake --install /home/ascachetti/Documents/trekking_ws/build/robot_control
