[0.062s] Invoking command in '/home/ascachetti/Documents/trekking_ws/build/robot_core': CMAKE_PREFIX_PATH=${CMAKE_PREFIX_PATH}:/opt/ros/jazzy DEBUGINFOD_URLS=https://debuginfod.ubuntu.com VIRTUAL_ENV_PROMPT=(yolo_env) /usr/bin/cmake --build /home/ascachetti/Documents/trekking_ws/build/robot_core -- -j12 -l12
[0.127s] Invoked command in '/home/ascachetti/Documents/trekking_ws/build/robot_core' returned '0': CMAKE_PREFIX_PATH=${CMAKE_PREFIX_PATH}:/opt/ros/jazzy DEBUGINFOD_URLS=https://debuginfod.ubuntu.com VIRTUAL_ENV_PROMPT=(yolo_env) /usr/bin/cmake --build /home/ascachetti/Documents/trekking_ws/build/robot_core -- -j12 -l12
[0.127s] Invoking command in '/home/ascachetti/Documents/trekking_ws/build/robot_core': CMAKE_PREFIX_PATH=${CMAKE_PREFIX_PATH}:/opt/ros/jazzy DEBUGINFOD_URLS=https://debuginfod.ubuntu.com VIRTUAL_ENV_PROMPT=(yolo_env) /usr/bin/cmake --install /home/ascachetti/Documents/trekking_ws/build/robot_core
[0.133s] -- Install configuration: ""
[0.133s] -- Up-to-date: /home/ascachetti/Documents/trekking_ws/install/robot_core/share/ament_index/resource_index/package_run_dependencies/robot_core
[0.133s] -- Up-to-date: /home/ascachetti/Documents/trekking_ws/install/robot_core/share/ament_index/resource_index/parent_prefix_path/robot_core
[0.133s] -- Up-to-date: /home/ascachetti/Documents/trekking_ws/install/robot_core/share/robot_core/environment/ament_prefix_path.sh
[0.133s] -- Up-to-date: /home/ascachetti/Documents/trekking_ws/install/robot_core/share/robot_core/environment/ament_prefix_path.dsv
[0.133s] -- Up-to-date: /home/ascachetti/Documents/trekking_ws/install/robot_core/share/robot_core/environment/path.sh
[0.133s] -- Up-to-date: /home/ascachetti/Documents/trekking_ws/install/robot_core/share/robot_core/environment/path.dsv
[0.133s] -- Up-to-date: /home/ascachetti/Documents/trekking_ws/install/robot_core/share/robot_core/local_setup.bash
[0.133s] -- Up-to-date: /home/ascachetti/Documents/trekking_ws/install/robot_core/share/robot_core/local_setup.sh
[0.133s] -- Up-to-date: /home/ascachetti/Documents/trekking_ws/install/robot_core/share/robot_core/local_setup.zsh
[0.133s] -- Up-to-date: /home/ascachetti/Documents/trekking_ws/install/robot_core/share/robot_core/local_setup.dsv
[0.134s] -- Installing: /home/ascachetti/Documents/trekking_ws/install/robot_core/share/robot_core/package.dsv
[0.134s] -- Up-to-date: /home/ascachetti/Documents/trekking_ws/install/robot_core/share/ament_index/resource_index/packages/robot_core
[0.134s] -- Up-to-date: /home/ascachetti/Documents/trekking_ws/install/robot_core/share/robot_core/cmake/robot_coreConfig.cmake
[0.134s] -- Up-to-date: /home/ascachetti/Documents/trekking_ws/install/robot_core/share/robot_core/cmake/robot_coreConfig-version.cmake
[0.134s] -- Up-to-date: /home/ascachetti/Documents/trekking_ws/install/robot_core/share/robot_core/package.xml
[0.135s] Invoked command in '/home/ascachetti/Documents/trekking_ws/build/robot_core' returned '0': CMAKE_PREFIX_PATH=${CMAKE_PREFIX_PATH}:/opt/ros/jazzy DEBUGINFOD_URLS=https://debuginfod.ubuntu.com VIRTUAL_ENV_PROMPT=(yolo_env) /usr/bin/cmake --install /home/ascachetti/Documents/trekking_ws/build/robot_core
