[0.021s] Invoking command in '/home/ascachetti/Documents/trekking_ws/build/robot_gazebo': CMAKE_PREFIX_PATH=${CMAKE_PREFIX_PATH}:/opt/ros/jazzy DEBUGINFOD_URLS=https://debuginfod.ubuntu.com /usr/bin/cmake /home/ascachetti/Documents/trekking_ws/src/robot_gazebo -DCMAKE_INSTALL_PREFIX=/home/ascachetti/Documents/trekking_ws/install/robot_gazebo
[0.206s] -- The C compiler identification is GNU 13.3.0
[0.368s] -- The CXX compiler identification is GNU 13.3.0
[0.381s] -- Detecting C compiler ABI info
[0.479s] -- Detecting C compiler ABI info - done
[0.494s] -- Check for working C compiler: /usr/bin/cc - skipped
[0.494s] -- Detecting C compile features
[0.494s] -- Detecting C compile features - done
[0.500s] -- Detecting CXX compiler ABI info
[0.591s] -- Detecting CXX compiler ABI info - done
[0.602s] -- Check for working CXX compiler: /usr/bin/c++ - skipped
[0.603s] -- Detecting CXX compile features
[0.603s] -- Detecting CXX compile features - done
[0.608s] -- Found ament_cmake: 2.5.6 (/opt/ros/jazzy/share/ament_cmake/cmake)
[0.741s] -- Found Python3: /usr/bin/python3 (found version "3.12.3") found components: Interpreter 
[0.855s] -- Found ros_gz_sim: 1.0.22 (/opt/ros/jazzy/share/ros_gz_sim/cmake)
[0.918s] -- Found rosidl_generator_c: 4.6.9 (/opt/ros/jazzy/share/rosidl_generator_c/cmake)
[0.935s] -- Found rosidl_generator_cpp: 4.6.9 (/opt/ros/jazzy/share/rosidl_generator_cpp/cmake)
[0.958s] -- Using all available rosidl_typesupport_c: rosidl_typesupport_fastrtps_c;rosidl_typesupport_introspection_c
[0.981s] -- Using all available rosidl_typesupport_cpp: rosidl_typesupport_fastrtps_cpp;rosidl_typesupport_introspection_cpp
[1.101s] -- Found rmw_implementation_cmake: 7.3.3 (/opt/ros/jazzy/share/rmw_implementation_cmake/cmake)
[1.106s] -- Found rmw_fastrtps_cpp: 8.4.4 (/opt/ros/jazzy/share/rmw_fastrtps_cpp/cmake)
[1.200s] -- Found OpenSSL: /usr/lib/x86_64-linux-gnu/libcrypto.so (found version "3.0.13")  
[1.219s] -- Found FastRTPS: /opt/ros/jazzy/include (Required is at least version "2.13") 
[1.238s] -- Using RMW implementation 'rmw_fastrtps_cpp' as default
[1.492s] -- Found ros_gz_bridge: 1.0.22 (/opt/ros/jazzy/share/ros_gz_bridge/cmake)
[1.521s] -- Looking for gz-msgs10 -- found version 10.3.2
[1.538s] -- Searching for dependencies of gz-msgs10
[1.705s] -- Found Protobuf: /usr/lib/x86_64-linux-gnu/libprotobuf.so (found version "3.21.12") 
[1.711s] -- Looking for gz-utils2 -- found version 2.2.1
[1.711s] -- Searching for dependencies of gz-utils2
[1.718s] -- Looking for gz-math7 -- found version 7.6.0
[1.718s] -- Searching for dependencies of gz-math7
[1.718s] -- Looking for gz-utils2 -- found version 2.2.1
[1.729s] -- Checking for module 'tinyxml2'
[1.745s] --   Found tinyxml2, version 10.0.0
[1.802s] -- Looking for gz-transport13 -- found version 13.5.0
[1.802s] -- Searching for dependencies of gz-transport13
[1.825s] -- Config-file not installed for ZeroMQ -- checking for pkg-config
[1.829s] -- Checking for module 'libzmq >= 4'
[1.843s] --   Found libzmq, version 4.3.5
[1.878s] -- Found ZeroMQ: TRUE (Required is at least version "4") 
[1.884s] -- Checking for module 'uuid'
[1.898s] --   Found uuid, version 2.39.3
[1.924s] -- Found UUID: TRUE  
[1.925s] -- Looking for gz-utils2 -- found version 2.2.1
[1.925s] -- Searching for dependencies of gz-utils2
[1.925s] -- Searching for <gz-utils2> component [cli]
[1.927s] -- Looking for gz-utils2-cli -- found version 2.2.1
[1.927s] -- Searching for dependencies of gz-utils2-cli
[1.928s] -- Looking for gz-msgs10 -- found version 10.3.2
[2.111s] -- Found ament_lint_auto: 0.17.5 (/opt/ros/jazzy/share/ament_lint_auto/cmake)
[2.189s] -- Added test 'flake8' to check Python code syntax and style conventions
[2.189s] -- Configured 'flake8' exclude dirs and/or files: 
[2.189s] -- Added test 'lint_cmake' to check CMake code style
[2.190s] -- Added test 'pep257' to check Python code against some of the docstring style conventions in PEP 257
[2.191s] -- Added test 'xmllint' to check XML markup files
[2.192s] -- Configuring done (2.2s)
[2.196s] -- Generating done (0.0s)
[2.198s] -- Build files have been written to: /home/ascachetti/Documents/trekking_ws/build/robot_gazebo
[2.209s] Invoked command in '/home/ascachetti/Documents/trekking_ws/build/robot_gazebo' returned '0': CMAKE_PREFIX_PATH=${CMAKE_PREFIX_PATH}:/opt/ros/jazzy DEBUGINFOD_URLS=https://debuginfod.ubuntu.com /usr/bin/cmake /home/ascachetti/Documents/trekking_ws/src/robot_gazebo -DCMAKE_INSTALL_PREFIX=/home/ascachetti/Documents/trekking_ws/install/robot_gazebo
[2.210s] Invoking command in '/home/ascachetti/Documents/trekking_ws/build/robot_gazebo': CMAKE_PREFIX_PATH=${CMAKE_PREFIX_PATH}:/opt/ros/jazzy DEBUGINFOD_URLS=https://debuginfod.ubuntu.com /usr/bin/cmake --build /home/ascachetti/Documents/trekking_ws/build/robot_gazebo -- -j12 -l12
[2.239s] Invoked command in '/home/ascachetti/Documents/trekking_ws/build/robot_gazebo' returned '0': CMAKE_PREFIX_PATH=${CMAKE_PREFIX_PATH}:/opt/ros/jazzy DEBUGINFOD_URLS=https://debuginfod.ubuntu.com /usr/bin/cmake --build /home/ascachetti/Documents/trekking_ws/build/robot_gazebo -- -j12 -l12
[2.240s] Invoking command in '/home/ascachetti/Documents/trekking_ws/build/robot_gazebo': CMAKE_PREFIX_PATH=${CMAKE_PREFIX_PATH}:/opt/ros/jazzy DEBUGINFOD_URLS=https://debuginfod.ubuntu.com /usr/bin/cmake --install /home/ascachetti/Documents/trekking_ws/build/robot_gazebo
[2.245s] -- Install configuration: ""
[2.245s] -- Installing: /home/ascachetti/Documents/trekking_ws/install/robot_gazebo/share/robot_gazebo/launch
[2.245s] -- Installing: /home/ascachetti/Documents/trekking_ws/install/robot_gazebo/share/robot_gazebo/launch/spawn_robot.launch.py
[2.246s] -- Installing: /home/ascachetti/Documents/trekking_ws/install/robot_gazebo/share/robot_gazebo/launch/master.launch.py
[2.247s] -- Installing: /home/ascachetti/Documents/trekking_ws/install/robot_gazebo/share/robot_gazebo/launch/environment.launch.py
[2.247s] -- Installing: /home/ascachetti/Documents/trekking_ws/install/robot_gazebo/share/robot_gazebo/worlds
[2.247s] -- Installing: /home/ascachetti/Documents/trekking_ws/install/robot_gazebo/share/robot_gazebo/worlds/world.sdf
[2.248s] -- Installing: /home/ascachetti/Documents/trekking_ws/install/robot_gazebo/share/robot_gazebo/config
[2.248s] -- Installing: /home/ascachetti/Documents/trekking_ws/install/robot_gazebo/share/robot_gazebo/config/rviz.rviz
[2.248s] -- Installing: /home/ascachetti/Documents/trekking_ws/install/robot_gazebo/share/ament_index/resource_index/package_run_dependencies/robot_gazebo
[2.249s] -- Installing: /home/ascachetti/Documents/trekking_ws/install/robot_gazebo/share/ament_index/resource_index/parent_prefix_path/robot_gazebo
[2.249s] -- Installing: /home/ascachetti/Documents/trekking_ws/install/robot_gazebo/share/robot_gazebo/environment/ament_prefix_path.sh
[2.249s] -- Installing: /home/ascachetti/Documents/trekking_ws/install/robot_gazebo/share/robot_gazebo/environment/ament_prefix_path.dsv
[2.249s] -- Installing: /home/ascachetti/Documents/trekking_ws/install/robot_gazebo/share/robot_gazebo/environment/path.sh
[2.249s] -- Installing: /home/ascachetti/Documents/trekking_ws/install/robot_gazebo/share/robot_gazebo/environment/path.dsv
[2.249s] -- Installing: /home/ascachetti/Documents/trekking_ws/install/robot_gazebo/share/robot_gazebo/local_setup.bash
[2.249s] -- Installing: /home/ascachetti/Documents/trekking_ws/install/robot_gazebo/share/robot_gazebo/local_setup.sh
[2.249s] -- Installing: /home/ascachetti/Documents/trekking_ws/install/robot_gazebo/share/robot_gazebo/local_setup.zsh
[2.250s] -- Installing: /home/ascachetti/Documents/trekking_ws/install/robot_gazebo/share/robot_gazebo/local_setup.dsv
[2.250s] -- Installing: /home/ascachetti/Documents/trekking_ws/install/robot_gazebo/share/robot_gazebo/package.dsv
[2.250s] -- Installing: /home/ascachetti/Documents/trekking_ws/install/robot_gazebo/share/ament_index/resource_index/packages/robot_gazebo
[2.250s] -- Installing: /home/ascachetti/Documents/trekking_ws/install/robot_gazebo/share/robot_gazebo/cmake/robot_gazeboConfig.cmake
[2.250s] -- Installing: /home/ascachetti/Documents/trekking_ws/install/robot_gazebo/share/robot_gazebo/cmake/robot_gazeboConfig-version.cmake
[2.250s] -- Installing: /home/ascachetti/Documents/trekking_ws/install/robot_gazebo/share/robot_gazebo/package.xml
[2.251s] Invoked command in '/home/ascachetti/Documents/trekking_ws/build/robot_gazebo' returned '0': CMAKE_PREFIX_PATH=${CMAKE_PREFIX_PATH}:/opt/ros/jazzy DEBUGINFOD_URLS=https://debuginfod.ubuntu.com /usr/bin/cmake --install /home/ascachetti/Documents/trekking_ws/build/robot_gazebo
