[0.010s] Invoking command in '/home/diogo/Documents/Github/Trekking_2026/NoteEmbarcado/trekking_ws/build/robot_interfaces': CMAKE_PREFIX_PATH=${CMAKE_PREFIX_PATH}:/opt/ros/jazzy DEBUGINFOD_URLS=https://debuginfod.ubuntu.com /usr/bin/cmake /home/diogo/Documents/Github/Trekking_2026/NoteEmbarcado/trekking_ws/src/robot_interfaces -DCMAKE_INSTALL_PREFIX=/home/diogo/Documents/Github/Trekking_2026/NoteEmbarcado/trekking_ws/install/robot_interfaces
[0.053s] -- The C compiler identification is GNU 13.3.0
[0.094s] -- The CXX compiler identification is GNU 13.3.0
[0.108s] -- Detecting C compiler ABI info
[0.182s] -- Detecting C compiler ABI info - done
[0.190s] -- Check for working C compiler: /usr/bin/cc - skipped
[0.190s] -- Detecting C compile features
[0.191s] -- Detecting C compile features - done
[0.197s] -- Detecting CXX compiler ABI info
[0.269s] -- Detecting CXX compiler ABI info - done
[0.282s] -- Check for working CXX compiler: /usr/bin/c++ - skipped
[0.282s] -- Detecting CXX compile features
[0.282s] -- Detecting CXX compile features - done
[0.284s] -- Found ament_cmake: 2.5.6 (/opt/ros/jazzy/share/ament_cmake/cmake)
[0.397s] -- Found Python3: /usr/bin/python3 (found version "3.12.3") found components: Interpreter 
[0.487s] -- Found rosidl_default_generators: 1.6.1 (/opt/ros/jazzy/share/rosidl_default_generators/cmake)
[0.491s] -- Using all available rosidl_typesupport_c: rosidl_typesupport_fastrtps_c;rosidl_typesupport_introspection_c
[0.532s] -- Using all available rosidl_typesupport_cpp: rosidl_typesupport_fastrtps_cpp;rosidl_typesupport_introspection_cpp
[0.581s] -- Found rosidl_adapter: 4.6.9 (/opt/ros/jazzy/share/rosidl_adapter/cmake)
[1.095s] -- Found ament_cmake_ros: 0.12.2 (/opt/ros/jazzy/share/ament_cmake_ros/cmake)
[1.446s] -- Using all available rosidl_typesupport_c: rosidl_typesupport_fastrtps_c;rosidl_typesupport_introspection_c
[1.936s] -- Using all available rosidl_typesupport_cpp: rosidl_typesupport_fastrtps_cpp;rosidl_typesupport_introspection_cpp
[1.938s] -- Found python_cmake_module: 0.11.1 (/opt/ros/jazzy/share/python_cmake_module/cmake)
[2.065s] -- Found PythonExtra: /usr/bin/python3  
[2.411s] -- Found Python3: /usr/bin/python3 (found version "3.12.3") found components: Interpreter Development NumPy Development.Module Development.Embed 
[2.455s] -- Found Python3: /usr/bin/python3 (found version "3.12.3") found components: Interpreter 
[2.458s] -- Found ament_lint_auto: 0.17.5 (/opt/ros/jazzy/share/ament_lint_auto/cmake)
[2.473s] -- Added test 'lint_cmake' to check CMake code style
[2.474s] -- Added test 'xmllint' to check XML markup files
[2.476s] -- Configuring done (2.5s)
[2.499s] -- Generating done (0.0s)
[2.506s] -- Build files have been written to: /home/diogo/Documents/Github/Trekking_2026/NoteEmbarcado/trekking_ws/build/robot_interfaces
