[  2%] Built target robot_interfaces__rosidl_generator_type_description
[  4%] Built target robot_interfaces__rs
[  4%] Built target ament_cmake_python_copy_robot_interfaces
[  6%] Built target robot_interfaces__cpp
[ 24%] Built target robot_interfaces__rosidl_generator_c
[ 33%] Built target robot_interfaces__rosidl_typesupport_c
[ 42%] Built target robot_interfaces__rosidl_typesupport_fastrtps_c
[ 51%] Built target robot_interfaces__rosidl_typesupport_cpp
[ 60%] Built target robot_interfaces__rosidl_typesupport_introspection_c
[ 68%] Built target robot_interfaces__rosidl_typesupport_introspection_cpp
[ 77%] Built target robot_interfaces__rosidl_typesupport_fastrtps_cpp
[ 77%] Built target robot_interfaces
[ 80%] Built target robot_interfaces__py
[ 86%] Built target robot_interfaces__rosidl_generator_py
[ 91%] Built target robot_interfaces_s__rosidl_typesupport_introspection_c
[ 95%] Built target robot_interfaces_s__rosidl_typesupport_c
[100%] Built target robot_interfaces_s__rosidl_typesupport_fastrtps_c
running egg_info
writing robot_interfaces.egg-info/PKG-INFO
writing dependency_links to robot_interfaces.egg-info/dependency_links.txt
writing top-level names to robot_interfaces.egg-info/top_level.txt
reading manifest file 'robot_interfaces.egg-info/SOURCES.txt'
writing manifest file 'robot_interfaces.egg-info/SOURCES.txt'
[100%] Built target ament_cmake_python_build_robot_interfaces_egg
-- Install configuration: ""
-- Installing: /home/diogo/Documents/Github/Trekking_2026/NoteEmbarcado/trekking_ws/install/robot_interfaces/share/ament_index/resource_index/rosidl_interfaces/robot_interfaces
-- Installing: /home/diogo/Documents/Github/Trekking_2026/NoteEmbarcado/trekking_ws/install/robot_interfaces/share/robot_interfaces/msg/UARTData.json
-- Installing: /home/diogo/Documents/Github/Trekking_2026/NoteEmbarcado/trekking_ws/install/robot_interfaces/share/robot_interfaces/msg/VelocityData.json
-- Installing: /home/diogo/Documents/Github/Trekking_2026/NoteEmbarcado/trekking_ws/install/robot_interfaces/include/robot_interfaces/robot_interfaces
-- Installing: /home/diogo/Documents/Github/Trekking_2026/NoteEmbarcado/trekking_ws/install/robot_interfaces/include/robot_interfaces/robot_interfaces/msg
-- Installing: /home/diogo/Documents/Github/Trekking_2026/NoteEmbarcado/trekking_ws/install/robot_interfaces/include/robot_interfaces/robot_interfaces/msg/velocity_data.h
-- Installing: /home/diogo/Documents/Github/Trekking_2026/NoteEmbarcado/trekking_ws/install/robot_interfaces/include/robot_interfaces/robot_interfaces/msg/detail
-- Installing: /home/diogo/Documents/Github/Trekking_2026/NoteEmbarcado/trekking_ws/install/robot_interfaces/include/robot_interfaces/robot_interfaces/msg/detail/velocity_data__type_support.c
-- Installing: /home/diogo/Documents/Github/Trekking_2026/NoteEmbarcado/trekking_ws/install/robot_interfaces/include/robot_interfaces/robot_interfaces/msg/detail/uart_data__type_support.c
-- Installing: /home/diogo/Documents/Github/Trekking_2026/NoteEmbarcado/trekking_ws/install/robot_interfaces/include/robot_interfaces/robot_interfaces/msg/detail/velocity_data__description.c
-- Installing: /home/diogo/Documents/Github/Trekking_2026/NoteEmbarcado/trekking_ws/install/robot_interfaces/include/robot_interfaces/robot_interfaces/msg/detail/velocity_data__struct.h
-- Installing: /home/diogo/Documents/Github/Trekking_2026/NoteEmbarcado/trekking_ws/install/robot_interfaces/include/robot_interfaces/robot_interfaces/msg/detail/uart_data__struct.h
-- Installing: /home/diogo/Documents/Github/Trekking_2026/NoteEmbarcado/trekking_ws/install/robot_interfaces/include/robot_interfaces/robot_interfaces/msg/detail/uart_data__functions.h
-- Installing: /home/diogo/Documents/Github/Trekking_2026/NoteEmbarcado/trekking_ws/install/robot_interfaces/include/robot_interfaces/robot_interfaces/msg/detail/velocity_data__functions.c
-- Installing: /home/diogo/Documents/Github/Trekking_2026/NoteEmbarcado/trekking_ws/install/robot_interfaces/include/robot_interfaces/robot_interfaces/msg/detail/velocity_data__type_support.h
-- Installing: /home/diogo/Documents/Github/Trekking_2026/NoteEmbarcado/trekking_ws/install/robot_interfaces/include/robot_interfaces/robot_interfaces/msg/detail/uart_data__functions.c
-- Installing: /home/diogo/Documents/Github/Trekking_2026/NoteEmbarcado/trekking_ws/install/robot_interfaces/include/robot_interfaces/robot_interfaces/msg/detail/uart_data__type_support.h
-- Installing: /home/diogo/Documents/Github/Trekking_2026/NoteEmbarcado/trekking_ws/install/robot_interfaces/include/robot_interfaces/robot_interfaces/msg/detail/velocity_data__functions.h
-- Installing: /home/diogo/Documents/Github/Trekking_2026/NoteEmbarcado/trekking_ws/install/robot_interfaces/include/robot_interfaces/robot_interfaces/msg/detail/uart_data__description.c
-- Installing: /home/diogo/Documents/Github/Trekking_2026/NoteEmbarcado/trekking_ws/install/robot_interfaces/include/robot_interfaces/robot_interfaces/msg/uart_data.h
-- Installing: /home/diogo/Documents/Github/Trekking_2026/NoteEmbarcado/trekking_ws/install/robot_interfaces/include/robot_interfaces/robot_interfaces/msg/rosidl_generator_c__visibility_control.h
-- Installing: /home/diogo/Documents/Github/Trekking_2026/NoteEmbarcado/trekking_ws/install/robot_interfaces/share/robot_interfaces/environment/library_path.sh
-- Installing: /home/diogo/Documents/Github/Trekking_2026/NoteEmbarcado/trekking_ws/install/robot_interfaces/share/robot_interfaces/environment/library_path.dsv
-- Installing: /home/diogo/Documents/Github/Trekking_2026/NoteEmbarcado/trekking_ws/install/robot_interfaces/lib/librobot_interfaces__rosidl_generator_c.so
-- Set non-toolchain portion of runtime path of "/home/diogo/Documents/Github/Trekking_2026/NoteEmbarcado/trekking_ws/install/robot_interfaces/lib/librobot_interfaces__rosidl_generator_c.so" to ""
-- Up-to-date: /home/diogo/Documents/Github/Trekking_2026/NoteEmbarcado/trekking_ws/install/robot_interfaces/include/robot_interfaces/robot_interfaces
-- Up-to-date: /home/diogo/Documents/Github/Trekking_2026/NoteEmbarcado/trekking_ws/install/robot_interfaces/include/robot_interfaces/robot_interfaces/msg
-- Installing: /home/diogo/Documents/Github/Trekking_2026/NoteEmbarcado/trekking_ws/install/robot_interfaces/include/robot_interfaces/robot_interfaces/msg/rosidl_typesupport_fastrtps_c__visibility_control.h
-- Up-to-date: /home/diogo/Documents/Github/Trekking_2026/NoteEmbarcado/trekking_ws/install/robot_interfaces/include/robot_interfaces/robot_interfaces/msg/detail
-- Installing: /home/diogo/Documents/Github/Trekking_2026/NoteEmbarcado/trekking_ws/install/robot_interfaces/include/robot_interfaces/robot_interfaces/msg/detail/uart_data__rosidl_typesupport_fastrtps_c.h
-- Installing: /home/diogo/Documents/Github/Trekking_2026/NoteEmbarcado/trekking_ws/install/robot_interfaces/include/robot_interfaces/robot_interfaces/msg/detail/velocity_data__rosidl_typesupport_fastrtps_c.h
-- Installing: /home/diogo/Documents/Github/Trekking_2026/NoteEmbarcado/trekking_ws/install/robot_interfaces/lib/librobot_interfaces__rosidl_typesupport_fastrtps_c.so
-- Set non-toolchain portion of runtime path of "/home/diogo/Documents/Github/Trekking_2026/NoteEmbarcado/trekking_ws/install/robot_interfaces/lib/librobot_interfaces__rosidl_typesupport_fastrtps_c.so" to ""
-- Up-to-date: /home/diogo/Documents/Github/Trekking_2026/NoteEmbarcado/trekking_ws/install/robot_interfaces/include/robot_interfaces/robot_interfaces
-- Up-to-date: /home/diogo/Documents/Github/Trekking_2026/NoteEmbarcado/trekking_ws/install/robot_interfaces/include/robot_interfaces/robot_interfaces/msg
-- Installing: /home/diogo/Documents/Github/Trekking_2026/NoteEmbarcado/trekking_ws/install/robot_interfaces/include/robot_interfaces/robot_interfaces/msg/rosidl_typesupport_introspection_c__visibility_control.h
-- Up-to-date: /home/diogo/Documents/Github/Trekking_2026/NoteEmbarcado/trekking_ws/install/robot_interfaces/include/robot_interfaces/robot_interfaces/msg/detail
-- Installing: /home/diogo/Documents/Github/Trekking_2026/NoteEmbarcado/trekking_ws/install/robot_interfaces/include/robot_interfaces/robot_interfaces/msg/detail/velocity_data__type_support.c
-- Installing: /home/diogo/Documents/Github/Trekking_2026/NoteEmbarcado/trekking_ws/install/robot_interfaces/include/robot_interfaces/robot_interfaces/msg/detail/uart_data__type_support.c
-- Installing: /home/diogo/Documents/Github/Trekking_2026/NoteEmbarcado/trekking_ws/install/robot_interfaces/include/robot_interfaces/robot_interfaces/msg/detail/velocity_data__rosidl_typesupport_introspection_c.h
-- Installing: /home/diogo/Documents/Github/Trekking_2026/NoteEmbarcado/trekking_ws/install/robot_interfaces/include/robot_interfaces/robot_interfaces/msg/detail/uart_data__rosidl_typesupport_introspection_c.h
-- Installing: /home/diogo/Documents/Github/Trekking_2026/NoteEmbarcado/trekking_ws/install/robot_interfaces/lib/librobot_interfaces__rosidl_typesupport_introspection_c.so
-- Set non-toolchain portion of runtime path of "/home/diogo/Documents/Github/Trekking_2026/NoteEmbarcado/trekking_ws/install/robot_interfaces/lib/librobot_interfaces__rosidl_typesupport_introspection_c.so" to ""
-- Installing: /home/diogo/Documents/Github/Trekking_2026/NoteEmbarcado/trekking_ws/install/robot_interfaces/lib/librobot_interfaces__rosidl_typesupport_c.so
-- Set non-toolchain portion of runtime path of "/home/diogo/Documents/Github/Trekking_2026/NoteEmbarcado/trekking_ws/install/robot_interfaces/lib/librobot_interfaces__rosidl_typesupport_c.so" to ""
-- Up-to-date: /home/diogo/Documents/Github/Trekking_2026/NoteEmbarcado/trekking_ws/install/robot_interfaces/include/robot_interfaces/robot_interfaces
-- Up-to-date: /home/diogo/Documents/Github/Trekking_2026/NoteEmbarcado/trekking_ws/install/robot_interfaces/include/robot_interfaces/robot_interfaces/msg
-- Installing: /home/diogo/Documents/Github/Trekking_2026/NoteEmbarcado/trekking_ws/install/robot_interfaces/include/robot_interfaces/robot_interfaces/msg/rosidl_generator_cpp__visibility_control.hpp
-- Installing: /home/diogo/Documents/Github/Trekking_2026/NoteEmbarcado/trekking_ws/install/robot_interfaces/include/robot_interfaces/robot_interfaces/msg/velocity_data.hpp
-- Up-to-date: /home/diogo/Documents/Github/Trekking_2026/NoteEmbarcado/trekking_ws/install/robot_interfaces/include/robot_interfaces/robot_interfaces/msg/detail
-- Installing: /home/diogo/Documents/Github/Trekking_2026/NoteEmbarcado/trekking_ws/install/robot_interfaces/include/robot_interfaces/robot_interfaces/msg/detail/velocity_data__struct.hpp
-- Installing: /home/diogo/Documents/Github/Trekking_2026/NoteEmbarcado/trekking_ws/install/robot_interfaces/include/robot_interfaces/robot_interfaces/msg/detail/uart_data__type_support.hpp
-- Installing: /home/diogo/Documents/Github/Trekking_2026/NoteEmbarcado/trekking_ws/install/robot_interfaces/include/robot_interfaces/robot_interfaces/msg/detail/uart_data__struct.hpp
-- Installing: /home/diogo/Documents/Github/Trekking_2026/NoteEmbarcado/trekking_ws/install/robot_interfaces/include/robot_interfaces/robot_interfaces/msg/detail/velocity_data__traits.hpp
-- Installing: /home/diogo/Documents/Github/Trekking_2026/NoteEmbarcado/trekking_ws/install/robot_interfaces/include/robot_interfaces/robot_interfaces/msg/detail/uart_data__traits.hpp
-- Installing: /home/diogo/Documents/Github/Trekking_2026/NoteEmbarcado/trekking_ws/install/robot_interfaces/include/robot_interfaces/robot_interfaces/msg/detail/velocity_data__type_support.hpp
-- Installing: /home/diogo/Documents/Github/Trekking_2026/NoteEmbarcado/trekking_ws/install/robot_interfaces/include/robot_interfaces/robot_interfaces/msg/detail/velocity_data__builder.hpp
-- Installing: /home/diogo/Documents/Github/Trekking_2026/NoteEmbarcado/trekking_ws/install/robot_interfaces/include/robot_interfaces/robot_interfaces/msg/detail/uart_data__builder.hpp
-- Installing: /home/diogo/Documents/Github/Trekking_2026/NoteEmbarcado/trekking_ws/install/robot_interfaces/include/robot_interfaces/robot_interfaces/msg/uart_data.hpp
-- Up-to-date: /home/diogo/Documents/Github/Trekking_2026/NoteEmbarcado/trekking_ws/install/robot_interfaces/include/robot_interfaces/robot_interfaces
-- Up-to-date: /home/diogo/Documents/Github/Trekking_2026/NoteEmbarcado/trekking_ws/install/robot_interfaces/include/robot_interfaces/robot_interfaces/msg
-- Installing: /home/diogo/Documents/Github/Trekking_2026/NoteEmbarcado/trekking_ws/install/robot_interfaces/include/robot_interfaces/robot_interfaces/msg/rosidl_typesupport_fastrtps_cpp__visibility_control.h
-- Up-to-date: /home/diogo/Documents/Github/Trekking_2026/NoteEmbarcado/trekking_ws/install/robot_interfaces/include/robot_interfaces/robot_interfaces/msg/detail
-- Installing: /home/diogo/Documents/Github/Trekking_2026/NoteEmbarcado/trekking_ws/install/robot_interfaces/include/robot_interfaces/robot_interfaces/msg/detail/dds_fastrtps
-- Installing: /home/diogo/Documents/Github/Trekking_2026/NoteEmbarcado/trekking_ws/install/robot_interfaces/include/robot_interfaces/robot_interfaces/msg/detail/uart_data__rosidl_typesupport_fastrtps_cpp.hpp
-- Installing: /home/diogo/Documents/Github/Trekking_2026/NoteEmbarcado/trekking_ws/install/robot_interfaces/include/robot_interfaces/robot_interfaces/msg/detail/velocity_data__rosidl_typesupport_fastrtps_cpp.hpp
-- Installing: /home/diogo/Documents/Github/Trekking_2026/NoteEmbarcado/trekking_ws/install/robot_interfaces/lib/librobot_interfaces__rosidl_typesupport_fastrtps_cpp.so
-- Set non-toolchain portion of runtime path of "/home/diogo/Documents/Github/Trekking_2026/NoteEmbarcado/trekking_ws/install/robot_interfaces/lib/librobot_interfaces__rosidl_typesupport_fastrtps_cpp.so" to ""
-- Up-to-date: /home/diogo/Documents/Github/Trekking_2026/NoteEmbarcado/trekking_ws/install/robot_interfaces/include/robot_interfaces/robot_interfaces
-- Up-to-date: /home/diogo/Documents/Github/Trekking_2026/NoteEmbarcado/trekking_ws/install/robot_interfaces/include/robot_interfaces/robot_interfaces/msg
-- Up-to-date: /home/diogo/Documents/Github/Trekking_2026/NoteEmbarcado/trekking_ws/install/robot_interfaces/include/robot_interfaces/robot_interfaces/msg/detail
-- Installing: /home/diogo/Documents/Github/Trekking_2026/NoteEmbarcado/trekking_ws/install/robot_interfaces/include/robot_interfaces/robot_interfaces/msg/detail/uart_data__type_support.cpp
-- Installing: /home/diogo/Documents/Github/Trekking_2026/NoteEmbarcado/trekking_ws/install/robot_interfaces/include/robot_interfaces/robot_interfaces/msg/detail/velocity_data__type_support.cpp
-- Installing: /home/diogo/Documents/Github/Trekking_2026/NoteEmbarcado/trekking_ws/install/robot_interfaces/include/robot_interfaces/robot_interfaces/msg/detail/uart_data__rosidl_typesupport_introspection_cpp.hpp
-- Installing: /home/diogo/Documents/Github/Trekking_2026/NoteEmbarcado/trekking_ws/install/robot_interfaces/include/robot_interfaces/robot_interfaces/msg/detail/velocity_data__rosidl_typesupport_introspection_cpp.hpp
-- Installing: /home/diogo/Documents/Github/Trekking_2026/NoteEmbarcado/trekking_ws/install/robot_interfaces/lib/librobot_interfaces__rosidl_typesupport_introspection_cpp.so
-- Set non-toolchain portion of runtime path of "/home/diogo/Documents/Github/Trekking_2026/NoteEmbarcado/trekking_ws/install/robot_interfaces/lib/librobot_interfaces__rosidl_typesupport_introspection_cpp.so" to ""
-- Installing: /home/diogo/Documents/Github/Trekking_2026/NoteEmbarcado/trekking_ws/install/robot_interfaces/lib/librobot_interfaces__rosidl_typesupport_cpp.so
-- Set non-toolchain portion of runtime path of "/home/diogo/Documents/Github/Trekking_2026/NoteEmbarcado/trekking_ws/install/robot_interfaces/lib/librobot_interfaces__rosidl_typesupport_cpp.so" to ""
-- Installing: /home/diogo/Documents/Github/Trekking_2026/NoteEmbarcado/trekking_ws/install/robot_interfaces/share/robot_interfaces/environment/pythonpath.sh
-- Installing: /home/diogo/Documents/Github/Trekking_2026/NoteEmbarcado/trekking_ws/install/robot_interfaces/share/robot_interfaces/environment/pythonpath.dsv
-- Installing: /home/diogo/Documents/Github/Trekking_2026/NoteEmbarcado/trekking_ws/install/robot_interfaces/lib/python3.12/site-packages/robot_interfaces-0.0.0-py3.12.egg-info
-- Installing: /home/diogo/Documents/Github/Trekking_2026/NoteEmbarcado/trekking_ws/install/robot_interfaces/lib/python3.12/site-packages/robot_interfaces-0.0.0-py3.12.egg-info/PKG-INFO
-- Installing: /home/diogo/Documents/Github/Trekking_2026/NoteEmbarcado/trekking_ws/install/robot_interfaces/lib/python3.12/site-packages/robot_interfaces-0.0.0-py3.12.egg-info/SOURCES.txt
-- Installing: /home/diogo/Documents/Github/Trekking_2026/NoteEmbarcado/trekking_ws/install/robot_interfaces/lib/python3.12/site-packages/robot_interfaces-0.0.0-py3.12.egg-info/dependency_links.txt
-- Installing: /home/diogo/Documents/Github/Trekking_2026/NoteEmbarcado/trekking_ws/install/robot_interfaces/lib/python3.12/site-packages/robot_interfaces-0.0.0-py3.12.egg-info/top_level.txt
-- Installing: /home/diogo/Documents/Github/Trekking_2026/NoteEmbarcado/trekking_ws/install/robot_interfaces/lib/python3.12/site-packages/robot_interfaces
-- Installing: /home/diogo/Documents/Github/Trekking_2026/NoteEmbarcado/trekking_ws/install/robot_interfaces/lib/python3.12/site-packages/robot_interfaces/_robot_interfaces_s.ep.rosidl_typesupport_fastrtps_c.c
-- Installing: /home/diogo/Documents/Github/Trekking_2026/NoteEmbarcado/trekking_ws/install/robot_interfaces/lib/python3.12/site-packages/robot_interfaces/_robot_interfaces_s.ep.rosidl_typesupport_introspection_c.c
-- Installing: /home/diogo/Documents/Github/Trekking_2026/NoteEmbarcado/trekking_ws/install/robot_interfaces/lib/python3.12/site-packages/robot_interfaces/robot_interfaces_s__rosidl_typesupport_fastrtps_c.so
-- Installing: /home/diogo/Documents/Github/Trekking_2026/NoteEmbarcado/trekking_ws/install/robot_interfaces/lib/python3.12/site-packages/robot_interfaces/_robot_interfaces_s.ep.rosidl_typesupport_c.c
-- Installing: /home/diogo/Documents/Github/Trekking_2026/NoteEmbarcado/trekking_ws/install/robot_interfaces/lib/python3.12/site-packages/robot_interfaces/robot_interfaces_s__rosidl_typesupport_introspection_c.so
-- Installing: /home/diogo/Documents/Github/Trekking_2026/NoteEmbarcado/trekking_ws/install/robot_interfaces/lib/python3.12/site-packages/robot_interfaces/__init__.py
-- Installing: /home/diogo/Documents/Github/Trekking_2026/NoteEmbarcado/trekking_ws/install/robot_interfaces/lib/python3.12/site-packages/robot_interfaces/msg
-- Installing: /home/diogo/Documents/Github/Trekking_2026/NoteEmbarcado/trekking_ws/install/robot_interfaces/lib/python3.12/site-packages/robot_interfaces/msg/_velocity_data.py
-- Installing: /home/diogo/Documents/Github/Trekking_2026/NoteEmbarcado/trekking_ws/install/robot_interfaces/lib/python3.12/site-packages/robot_interfaces/msg/__init__.py
-- Installing: /home/diogo/Documents/Github/Trekking_2026/NoteEmbarcado/trekking_ws/install/robot_interfaces/lib/python3.12/site-packages/robot_interfaces/msg/_uart_data.py
-- Installing: /home/diogo/Documents/Github/Trekking_2026/NoteEmbarcado/trekking_ws/install/robot_interfaces/lib/python3.12/site-packages/robot_interfaces/msg/_velocity_data_s.c
-- Installing: /home/diogo/Documents/Github/Trekking_2026/NoteEmbarcado/trekking_ws/install/robot_interfaces/lib/python3.12/site-packages/robot_interfaces/msg/_uart_data_s.c
-- Installing: /home/diogo/Documents/Github/Trekking_2026/NoteEmbarcado/trekking_ws/install/robot_interfaces/lib/python3.12/site-packages/robot_interfaces/robot_interfaces_s__rosidl_typesupport_c.so
Listing '/home/diogo/Documents/Github/Trekking_2026/NoteEmbarcado/trekking_ws/install/robot_interfaces/lib/python3.12/site-packages/robot_interfaces'...
Compiling '/home/diogo/Documents/Github/Trekking_2026/NoteEmbarcado/trekking_ws/install/robot_interfaces/lib/python3.12/site-packages/robot_interfaces/__init__.py'...
Listing '/home/diogo/Documents/Github/Trekking_2026/NoteEmbarcado/trekking_ws/install/robot_interfaces/lib/python3.12/site-packages/robot_interfaces/msg'...
Compiling '/home/diogo/Documents/Github/Trekking_2026/NoteEmbarcado/trekking_ws/install/robot_interfaces/lib/python3.12/site-packages/robot_interfaces/msg/__init__.py'...
Compiling '/home/diogo/Documents/Github/Trekking_2026/NoteEmbarcado/trekking_ws/install/robot_interfaces/lib/python3.12/site-packages/robot_interfaces/msg/_uart_data.py'...
Compiling '/home/diogo/Documents/Github/Trekking_2026/NoteEmbarcado/trekking_ws/install/robot_interfaces/lib/python3.12/site-packages/robot_interfaces/msg/_velocity_data.py'...
-- Installing: /home/diogo/Documents/Github/Trekking_2026/NoteEmbarcado/trekking_ws/install/robot_interfaces/lib/python3.12/site-packages/robot_interfaces/robot_interfaces_s__rosidl_typesupport_fastrtps_c.so
-- Set non-toolchain portion of runtime path of "/home/diogo/Documents/Github/Trekking_2026/NoteEmbarcado/trekking_ws/install/robot_interfaces/lib/python3.12/site-packages/robot_interfaces/robot_interfaces_s__rosidl_typesupport_fastrtps_c.so" to ""
-- Installing: /home/diogo/Documents/Github/Trekking_2026/NoteEmbarcado/trekking_ws/install/robot_interfaces/lib/python3.12/site-packages/robot_interfaces/robot_interfaces_s__rosidl_typesupport_introspection_c.so
-- Set non-toolchain portion of runtime path of "/home/diogo/Documents/Github/Trekking_2026/NoteEmbarcado/trekking_ws/install/robot_interfaces/lib/python3.12/site-packages/robot_interfaces/robot_interfaces_s__rosidl_typesupport_introspection_c.so" to ""
-- Installing: /home/diogo/Documents/Github/Trekking_2026/NoteEmbarcado/trekking_ws/install/robot_interfaces/lib/python3.12/site-packages/robot_interfaces/robot_interfaces_s__rosidl_typesupport_c.so
-- Set non-toolchain portion of runtime path of "/home/diogo/Documents/Github/Trekking_2026/NoteEmbarcado/trekking_ws/install/robot_interfaces/lib/python3.12/site-packages/robot_interfaces/robot_interfaces_s__rosidl_typesupport_c.so" to ""
-- Installing: /home/diogo/Documents/Github/Trekking_2026/NoteEmbarcado/trekking_ws/install/robot_interfaces/lib/librobot_interfaces__rosidl_generator_py.so
-- Set non-toolchain portion of runtime path of "/home/diogo/Documents/Github/Trekking_2026/NoteEmbarcado/trekking_ws/install/robot_interfaces/lib/librobot_interfaces__rosidl_generator_py.so" to ""
-- Installing: /home/diogo/Documents/Github/Trekking_2026/NoteEmbarcado/trekking_ws/install/robot_interfaces/share/robot_interfaces/rust
-- Installing: /home/diogo/Documents/Github/Trekking_2026/NoteEmbarcado/trekking_ws/install/robot_interfaces/share/robot_interfaces/rust/build.rs
-- Installing: /home/diogo/Documents/Github/Trekking_2026/NoteEmbarcado/trekking_ws/install/robot_interfaces/share/robot_interfaces/rust/Cargo.toml
-- Installing: /home/diogo/Documents/Github/Trekking_2026/NoteEmbarcado/trekking_ws/install/robot_interfaces/share/robot_interfaces/rust/src
-- Installing: /home/diogo/Documents/Github/Trekking_2026/NoteEmbarcado/trekking_ws/install/robot_interfaces/share/robot_interfaces/rust/src/lib.rs
-- Installing: /home/diogo/Documents/Github/Trekking_2026/NoteEmbarcado/trekking_ws/install/robot_interfaces/share/robot_interfaces/rust/src/msg.rs
-- Installing: /home/diogo/Documents/Github/Trekking_2026/NoteEmbarcado/trekking_ws/install/robot_interfaces/share/robot_interfaces/rust/src/msg
-- Installing: /home/diogo/Documents/Github/Trekking_2026/NoteEmbarcado/trekking_ws/install/robot_interfaces/share/robot_interfaces/rust/src/msg/rmw.rs
-- Installing: /home/diogo/Documents/Github/Trekking_2026/NoteEmbarcado/trekking_ws/install/robot_interfaces/share/robot_interfaces/msg/UARTData.idl
-- Installing: /home/diogo/Documents/Github/Trekking_2026/NoteEmbarcado/trekking_ws/install/robot_interfaces/share/robot_interfaces/msg/VelocityData.idl
-- Installing: /home/diogo/Documents/Github/Trekking_2026/NoteEmbarcado/trekking_ws/install/robot_interfaces/share/robot_interfaces/msg/UARTData.msg
-- Installing: /home/diogo/Documents/Github/Trekking_2026/NoteEmbarcado/trekking_ws/install/robot_interfaces/share/robot_interfaces/msg/VelocityData.msg
-- Installing: /home/diogo/Documents/Github/Trekking_2026/NoteEmbarcado/trekking_ws/install/robot_interfaces/share/ament_index/resource_index/package_run_dependencies/robot_interfaces
-- Installing: /home/diogo/Documents/Github/Trekking_2026/NoteEmbarcado/trekking_ws/install/robot_interfaces/share/ament_index/resource_index/parent_prefix_path/robot_interfaces
-- Installing: /home/diogo/Documents/Github/Trekking_2026/NoteEmbarcado/trekking_ws/install/robot_interfaces/share/robot_interfaces/environment/ament_prefix_path.sh
-- Installing: /home/diogo/Documents/Github/Trekking_2026/NoteEmbarcado/trekking_ws/install/robot_interfaces/share/robot_interfaces/environment/ament_prefix_path.dsv
-- Installing: /home/diogo/Documents/Github/Trekking_2026/NoteEmbarcado/trekking_ws/install/robot_interfaces/share/robot_interfaces/environment/path.sh
-- Installing: /home/diogo/Documents/Github/Trekking_2026/NoteEmbarcado/trekking_ws/install/robot_interfaces/share/robot_interfaces/environment/path.dsv
-- Installing: /home/diogo/Documents/Github/Trekking_2026/NoteEmbarcado/trekking_ws/install/robot_interfaces/share/robot_interfaces/local_setup.bash
-- Installing: /home/diogo/Documents/Github/Trekking_2026/NoteEmbarcado/trekking_ws/install/robot_interfaces/share/robot_interfaces/local_setup.sh
-- Installing: /home/diogo/Documents/Github/Trekking_2026/NoteEmbarcado/trekking_ws/install/robot_interfaces/share/robot_interfaces/local_setup.zsh
-- Installing: /home/diogo/Documents/Github/Trekking_2026/NoteEmbarcado/trekking_ws/install/robot_interfaces/share/robot_interfaces/local_setup.dsv
-- Installing: /home/diogo/Documents/Github/Trekking_2026/NoteEmbarcado/trekking_ws/install/robot_interfaces/share/robot_interfaces/package.dsv
-- Installing: /home/diogo/Documents/Github/Trekking_2026/NoteEmbarcado/trekking_ws/install/robot_interfaces/share/ament_index/resource_index/packages/robot_interfaces
-- Installing: /home/diogo/Documents/Github/Trekking_2026/NoteEmbarcado/trekking_ws/install/robot_interfaces/share/robot_interfaces/cmake/export_robot_interfaces__rosidl_generator_cExport.cmake
-- Installing: /home/diogo/Documents/Github/Trekking_2026/NoteEmbarcado/trekking_ws/install/robot_interfaces/share/robot_interfaces/cmake/export_robot_interfaces__rosidl_generator_cExport-noconfig.cmake
-- Installing: /home/diogo/Documents/Github/Trekking_2026/NoteEmbarcado/trekking_ws/install/robot_interfaces/share/robot_interfaces/cmake/export_robot_interfaces__rosidl_typesupport_fastrtps_cExport.cmake
-- Installing: /home/diogo/Documents/Github/Trekking_2026/NoteEmbarcado/trekking_ws/install/robot_interfaces/share/robot_interfaces/cmake/export_robot_interfaces__rosidl_typesupport_fastrtps_cExport-noconfig.cmake
-- Installing: /home/diogo/Documents/Github/Trekking_2026/NoteEmbarcado/trekking_ws/install/robot_interfaces/share/robot_interfaces/cmake/robot_interfaces__rosidl_typesupport_introspection_cExport.cmake
-- Installing: /home/diogo/Documents/Github/Trekking_2026/NoteEmbarcado/trekking_ws/install/robot_interfaces/share/robot_interfaces/cmake/robot_interfaces__rosidl_typesupport_introspection_cExport-noconfig.cmake
-- Installing: /home/diogo/Documents/Github/Trekking_2026/NoteEmbarcado/trekking_ws/install/robot_interfaces/share/robot_interfaces/cmake/robot_interfaces__rosidl_typesupport_cExport.cmake
-- Installing: /home/diogo/Documents/Github/Trekking_2026/NoteEmbarcado/trekking_ws/install/robot_interfaces/share/robot_interfaces/cmake/robot_interfaces__rosidl_typesupport_cExport-noconfig.cmake
-- Installing: /home/diogo/Documents/Github/Trekking_2026/NoteEmbarcado/trekking_ws/install/robot_interfaces/share/robot_interfaces/cmake/export_robot_interfaces__rosidl_generator_cppExport.cmake
-- Installing: /home/diogo/Documents/Github/Trekking_2026/NoteEmbarcado/trekking_ws/install/robot_interfaces/share/robot_interfaces/cmake/export_robot_interfaces__rosidl_typesupport_fastrtps_cppExport.cmake
-- Installing: /home/diogo/Documents/Github/Trekking_2026/NoteEmbarcado/trekking_ws/install/robot_interfaces/share/robot_interfaces/cmake/export_robot_interfaces__rosidl_typesupport_fastrtps_cppExport-noconfig.cmake
-- Installing: /home/diogo/Documents/Github/Trekking_2026/NoteEmbarcado/trekking_ws/install/robot_interfaces/share/robot_interfaces/cmake/robot_interfaces__rosidl_typesupport_introspection_cppExport.cmake
-- Installing: /home/diogo/Documents/Github/Trekking_2026/NoteEmbarcado/trekking_ws/install/robot_interfaces/share/robot_interfaces/cmake/robot_interfaces__rosidl_typesupport_introspection_cppExport-noconfig.cmake
-- Installing: /home/diogo/Documents/Github/Trekking_2026/NoteEmbarcado/trekking_ws/install/robot_interfaces/share/robot_interfaces/cmake/robot_interfaces__rosidl_typesupport_cppExport.cmake
-- Installing: /home/diogo/Documents/Github/Trekking_2026/NoteEmbarcado/trekking_ws/install/robot_interfaces/share/robot_interfaces/cmake/robot_interfaces__rosidl_typesupport_cppExport-noconfig.cmake
-- Installing: /home/diogo/Documents/Github/Trekking_2026/NoteEmbarcado/trekking_ws/install/robot_interfaces/share/robot_interfaces/cmake/export_robot_interfaces__rosidl_generator_pyExport.cmake
-- Installing: /home/diogo/Documents/Github/Trekking_2026/NoteEmbarcado/trekking_ws/install/robot_interfaces/share/robot_interfaces/cmake/export_robot_interfaces__rosidl_generator_pyExport-noconfig.cmake
-- Installing: /home/diogo/Documents/Github/Trekking_2026/NoteEmbarcado/trekking_ws/install/robot_interfaces/share/robot_interfaces/cmake/rosidl_cmake-extras.cmake
-- Installing: /home/diogo/Documents/Github/Trekking_2026/NoteEmbarcado/trekking_ws/install/robot_interfaces/share/robot_interfaces/cmake/ament_cmake_export_include_directories-extras.cmake
-- Installing: /home/diogo/Documents/Github/Trekking_2026/NoteEmbarcado/trekking_ws/install/robot_interfaces/share/robot_interfaces/cmake/ament_cmake_export_libraries-extras.cmake
-- Installing: /home/diogo/Documents/Github/Trekking_2026/NoteEmbarcado/trekking_ws/install/robot_interfaces/share/robot_interfaces/cmake/ament_cmake_export_targets-extras.cmake
-- Installing: /home/diogo/Documents/Github/Trekking_2026/NoteEmbarcado/trekking_ws/install/robot_interfaces/share/robot_interfaces/cmake/rosidl_cmake_export_typesupport_targets-extras.cmake
-- Installing: /home/diogo/Documents/Github/Trekking_2026/NoteEmbarcado/trekking_ws/install/robot_interfaces/share/robot_interfaces/cmake/ament_cmake_export_dependencies-extras.cmake
-- Installing: /home/diogo/Documents/Github/Trekking_2026/NoteEmbarcado/trekking_ws/install/robot_interfaces/share/robot_interfaces/cmake/rosidl_cmake_export_typesupport_libraries-extras.cmake
-- Installing: /home/diogo/Documents/Github/Trekking_2026/NoteEmbarcado/trekking_ws/install/robot_interfaces/share/robot_interfaces/cmake/rosidl_cmake_aggregate_target-extras.cmake
-- Installing: /home/diogo/Documents/Github/Trekking_2026/NoteEmbarcado/trekking_ws/install/robot_interfaces/share/robot_interfaces/cmake/robot_interfacesConfig.cmake
-- Installing: /home/diogo/Documents/Github/Trekking_2026/NoteEmbarcado/trekking_ws/install/robot_interfaces/share/robot_interfaces/cmake/robot_interfacesConfig-version.cmake
-- Installing: /home/diogo/Documents/Github/Trekking_2026/NoteEmbarcado/trekking_ws/install/robot_interfaces/share/robot_interfaces/package.xml
