[0.013s] Invoking command in '/home/diogo/Documents/Github/Trekking_2026/NoteEmbarcado/trekking_ws/build/robot_interfaces': CMAKE_PREFIX_PATH=${CMAKE_PREFIX_PATH}:/opt/ros/jazzy DEBUGINFOD_URLS=https://debuginfod.ubuntu.com /usr/bin/cmake --build /home/diogo/Documents/Github/Trekking_2026/NoteEmbarcado/trekking_ws/build/robot_interfaces -- -j16 -l16
[0.061s] [  2%] Built target robot_interfaces__rosidl_generator_type_description
[0.063s] [  4%] Built target robot_interfaces__rs
[0.072s] [  4%] Built target ament_cmake_python_copy_robot_interfaces
[0.076s] [  6%] Built target robot_interfaces__cpp
[0.081s] [ 24%] Built target robot_interfaces__rosidl_generator_c
[0.099s] [ 33%] Built target robot_interfaces__rosidl_typesupport_c
[0.100s] [ 42%] Built target robot_interfaces__rosidl_typesupport_fastrtps_c
[0.100s] [ 51%] Built target robot_interfaces__rosidl_typesupport_cpp
[0.101s] [ 60%] Built target robot_interfaces__rosidl_typesupport_introspection_c
[0.107s] [ 68%] Built target robot_interfaces__rosidl_typesupport_introspection_cpp
[0.109s] [ 77%] Built target robot_interfaces__rosidl_typesupport_fastrtps_cpp
[0.128s] [ 77%] Built target robot_interfaces
[0.145s] [ 80%] Built target robot_interfaces__py
[0.171s] [ 86%] Built target robot_interfaces__rosidl_generator_py
[0.189s] [ 91%] Built target robot_interfaces_s__rosidl_typesupport_introspection_c
[0.190s] [ 95%] Built target robot_interfaces_s__rosidl_typesupport_c
[0.195s] [100%] Built target robot_interfaces_s__rosidl_typesupport_fastrtps_c
[0.259s] running egg_info
[0.271s] writing robot_interfaces.egg-info/PKG-INFO
[0.271s] writing dependency_links to robot_interfaces.egg-info/dependency_links.txt
[0.271s] writing top-level names to robot_interfaces.egg-info/top_level.txt
[0.308s] reading manifest file 'robot_interfaces.egg-info/SOURCES.txt'
[0.308s] writing manifest file 'robot_interfaces.egg-info/SOURCES.txt'
[0.332s] [100%] Built target ament_cmake_python_build_robot_interfaces_egg
[0.341s] Invoked command in '/home/diogo/Documents/Github/Trekking_2026/NoteEmbarcado/trekking_ws/build/robot_interfaces' returned '0': CMAKE_PREFIX_PATH=${CMAKE_PREFIX_PATH}:/opt/ros/jazzy DEBUGINFOD_URLS=https://debuginfod.ubuntu.com /usr/bin/cmake --build /home/diogo/Documents/Github/Trekking_2026/NoteEmbarcado/trekking_ws/build/robot_interfaces -- -j16 -l16
[0.352s] Invoking command in '/home/diogo/Documents/Github/Trekking_2026/NoteEmbarcado/trekking_ws/build/robot_interfaces': CMAKE_PREFIX_PATH=${CMAKE_PREFIX_PATH}:/opt/ros/jazzy DEBUGINFOD_URLS=https://debuginfod.ubuntu.com /usr/bin/cmake --install /home/diogo/Documents/Github/Trekking_2026/NoteEmbarcado/trekking_ws/build/robot_interfaces
[0.360s] -- Install configuration: ""
[0.360s] -- Installing: /home/diogo/Documents/Github/Trekking_2026/NoteEmbarcado/trekking_ws/install/robot_interfaces/share/ament_index/resource_index/rosidl_interfaces/robot_interfaces
[0.360s] -- Installing: /home/diogo/Documents/Github/Trekking_2026/NoteEmbarcado/trekking_ws/install/robot_interfaces/share/robot_interfaces/msg/UARTData.json
[0.361s] -- Installing: /home/diogo/Documents/Github/Trekking_2026/NoteEmbarcado/trekking_ws/install/robot_interfaces/share/robot_interfaces/msg/VelocityData.json
[0.361s] -- Installing: /home/diogo/Documents/Github/Trekking_2026/NoteEmbarcado/trekking_ws/install/robot_interfaces/include/robot_interfaces/robot_interfaces
[0.361s] -- Installing: /home/diogo/Documents/Github/Trekking_2026/NoteEmbarcado/trekking_ws/install/robot_interfaces/include/robot_interfaces/robot_interfaces/msg
[0.361s] -- Installing: /home/diogo/Documents/Github/Trekking_2026/NoteEmbarcado/trekking_ws/install/robot_interfaces/include/robot_interfaces/robot_interfaces/msg/velocity_data.h
[0.361s] -- Installing: /home/diogo/Documents/Github/Trekking_2026/NoteEmbarcado/trekking_ws/install/robot_interfaces/include/robot_interfaces/robot_interfaces/msg/detail
[0.361s] -- Installing: /home/diogo/Documents/Github/Trekking_2026/NoteEmbarcado/trekking_ws/install/robot_interfaces/include/robot_interfaces/robot_interfaces/msg/detail/velocity_data__type_support.c
[0.361s] -- Installing: /home/diogo/Documents/Github/Trekking_2026/NoteEmbarcado/trekking_ws/install/robot_interfaces/include/robot_interfaces/robot_interfaces/msg/detail/uart_data__type_support.c
[0.361s] -- Installing: /home/diogo/Documents/Github/Trekking_2026/NoteEmbarcado/trekking_ws/install/robot_interfaces/include/robot_interfaces/robot_interfaces/msg/detail/velocity_data__description.c
[0.362s] -- Installing: /home/diogo/Documents/Github/Trekking_2026/NoteEmbarcado/trekking_ws/install/robot_interfaces/include/robot_interfaces/robot_interfaces/msg/detail/velocity_data__struct.h
[0.362s] -- Installing: /home/diogo/Documents/Github/Trekking_2026/NoteEmbarcado/trekking_ws/install/robot_interfaces/include/robot_interfaces/robot_interfaces/msg/detail/uart_data__struct.h
[0.362s] -- Installing: /home/diogo/Documents/Github/Trekking_2026/NoteEmbarcado/trekking_ws/install/robot_interfaces/include/robot_interfaces/robot_interfaces/msg/detail/uart_data__functions.h
[0.362s] -- Installing: /home/diogo/Documents/Github/Trekking_2026/NoteEmbarcado/trekking_ws/install/robot_interfaces/include/robot_interfaces/robot_interfaces/msg/detail/velocity_data__functions.c
[0.362s] -- Installing: /home/diogo/Documents/Github/Trekking_2026/NoteEmbarcado/trekking_ws/install/robot_interfaces/include/robot_interfaces/robot_interfaces/msg/detail/velocity_data__type_support.h
[0.362s] -- Installing: /home/diogo/Documents/Github/Trekking_2026/NoteEmbarcado/trekking_ws/install/robot_interfaces/include/robot_interfaces/robot_interfaces/msg/detail/uart_data__functions.c
[0.362s] -- Installing: /home/diogo/Documents/Github/Trekking_2026/NoteEmbarcado/trekking_ws/install/robot_interfaces/include/robot_interfaces/robot_interfaces/msg/detail/uart_data__type_support.h
[0.362s] -- Installing: /home/diogo/Documents/Github/Trekking_2026/NoteEmbarcado/trekking_ws/install/robot_interfaces/include/robot_interfaces/robot_interfaces/msg/detail/velocity_data__functions.h
[0.363s] -- Installing: /home/diogo/Documents/Github/Trekking_2026/NoteEmbarcado/trekking_ws/install/robot_interfaces/include/robot_interfaces/robot_interfaces/msg/detail/uart_data__description.c
[0.363s] -- Installing: /home/diogo/Documents/Github/Trekking_2026/NoteEmbarcado/trekking_ws/install/robot_interfaces/include/robot_interfaces/robot_interfaces/msg/uart_data.h
[0.363s] -- Installing: /home/diogo/Documents/Github/Trekking_2026/NoteEmbarcado/trekking_ws/install/robot_interfaces/include/robot_interfaces/robot_interfaces/msg/rosidl_generator_c__visibility_control.h
[0.363s] -- Installing: /home/diogo/Documents/Github/Trekking_2026/NoteEmbarcado/trekking_ws/install/robot_interfaces/share/robot_interfaces/environment/library_path.sh
[0.363s] -- Installing: /home/diogo/Documents/Github/Trekking_2026/NoteEmbarcado/trekking_ws/install/robot_interfaces/share/robot_interfaces/environment/library_path.dsv
[0.363s] -- Installing: /home/diogo/Documents/Github/Trekking_2026/NoteEmbarcado/trekking_ws/install/robot_interfaces/lib/librobot_interfaces__rosidl_generator_c.so
[0.363s] -- Set non-toolchain portion of runtime path of "/home/diogo/Documents/Github/Trekking_2026/NoteEmbarcado/trekking_ws/install/robot_interfaces/lib/librobot_interfaces__rosidl_generator_c.so" to ""
[0.364s] -- Up-to-date: /home/diogo/Documents/Github/Trekking_2026/NoteEmbarcado/trekking_ws/install/robot_interfaces/include/robot_interfaces/robot_interfaces
[0.364s] -- Up-to-date: /home/diogo/Documents/Github/Trekking_2026/NoteEmbarcado/trekking_ws/install/robot_interfaces/include/robot_interfaces/robot_interfaces/msg
[0.364s] -- Installing: /home/diogo/Documents/Github/Trekking_2026/NoteEmbarcado/trekking_ws/install/robot_interfaces/include/robot_interfaces/robot_interfaces/msg/rosidl_typesupport_fastrtps_c__visibility_control.h
[0.364s] -- Up-to-date: /home/diogo/Documents/Github/Trekking_2026/NoteEmbarcado/trekking_ws/install/robot_interfaces/include/robot_interfaces/robot_interfaces/msg/detail
[0.364s] -- Installing: /home/diogo/Documents/Github/Trekking_2026/NoteEmbarcado/trekking_ws/install/robot_interfaces/include/robot_interfaces/robot_interfaces/msg/detail/uart_data__rosidl_typesupport_fastrtps_c.h
[0.364s] -- Installing: /home/diogo/Documents/Github/Trekking_2026/NoteEmbarcado/trekking_ws/install/robot_interfaces/include/robot_interfaces/robot_interfaces/msg/detail/velocity_data__rosidl_typesupport_fastrtps_c.h
[0.364s] -- Installing: /home/diogo/Documents/Github/Trekking_2026/NoteEmbarcado/trekking_ws/install/robot_interfaces/lib/librobot_interfaces__rosidl_typesupport_fastrtps_c.so
[0.364s] -- Set non-toolchain portion of runtime path of "/home/diogo/Documents/Github/Trekking_2026/NoteEmbarcado/trekking_ws/install/robot_interfaces/lib/librobot_interfaces__rosidl_typesupport_fastrtps_c.so" to ""
[0.365s] -- Up-to-date: /home/diogo/Documents/Github/Trekking_2026/NoteEmbarcado/trekking_ws/install/robot_interfaces/include/robot_interfaces/robot_interfaces
[0.365s] -- Up-to-date: /home/diogo/Documents/Github/Trekking_2026/NoteEmbarcado/trekking_ws/install/robot_interfaces/include/robot_interfaces/robot_interfaces/msg
[0.365s] -- Installing: /home/diogo/Documents/Github/Trekking_2026/NoteEmbarcado/trekking_ws/install/robot_interfaces/include/robot_interfaces/robot_interfaces/msg/rosidl_typesupport_introspection_c__visibility_control.h
[0.365s] -- Up-to-date: /home/diogo/Documents/Github/Trekking_2026/NoteEmbarcado/trekking_ws/install/robot_interfaces/include/robot_interfaces/robot_interfaces/msg/detail
[0.365s] -- Installing: /home/diogo/Documents/Github/Trekking_2026/NoteEmbarcado/trekking_ws/install/robot_interfaces/include/robot_interfaces/robot_interfaces/msg/detail/velocity_data__type_support.c
[0.365s] -- Installing: /home/diogo/Documents/Github/Trekking_2026/NoteEmbarcado/trekking_ws/install/robot_interfaces/include/robot_interfaces/robot_interfaces/msg/detail/uart_data__type_support.c
[0.365s] -- Installing: /home/diogo/Documents/Github/Trekking_2026/NoteEmbarcado/trekking_ws/install/robot_interfaces/include/robot_interfaces/robot_interfaces/msg/detail/velocity_data__rosidl_typesupport_introspection_c.h
[0.365s] -- Installing: /home/diogo/Documents/Github/Trekking_2026/NoteEmbarcado/trekking_ws/install/robot_interfaces/include/robot_interfaces/robot_interfaces/msg/detail/uart_data__rosidl_typesupport_introspection_c.h
[0.365s] -- Installing: /home/diogo/Documents/Github/Trekking_2026/NoteEmbarcado/trekking_ws/install/robot_interfaces/lib/librobot_interfaces__rosidl_typesupport_introspection_c.so
[0.366s] -- Set non-toolchain portion of runtime path of "/home/diogo/Documents/Github/Trekking_2026/NoteEmbarcado/trekking_ws/install/robot_interfaces/lib/librobot_interfaces__rosidl_typesupport_introspection_c.so" to ""
[0.366s] -- Installing: /home/diogo/Documents/Github/Trekking_2026/NoteEmbarcado/trekking_ws/install/robot_interfaces/lib/librobot_interfaces__rosidl_typesupport_c.so
[0.366s] -- Set non-toolchain portion of runtime path of "/home/diogo/Documents/Github/Trekking_2026/NoteEmbarcado/trekking_ws/install/robot_interfaces/lib/librobot_interfaces__rosidl_typesupport_c.so" to ""
[0.366s] -- Up-to-date: /home/diogo/Documents/Github/Trekking_2026/NoteEmbarcado/trekking_ws/install/robot_interfaces/include/robot_interfaces/robot_interfaces
[0.366s] -- Up-to-date: /home/diogo/Documents/Github/Trekking_2026/NoteEmbarcado/trekking_ws/install/robot_interfaces/include/robot_interfaces/robot_interfaces/msg
[0.366s] -- Installing: /home/diogo/Documents/Github/Trekking_2026/NoteEmbarcado/trekking_ws/install/robot_interfaces/include/robot_interfaces/robot_interfaces/msg/rosidl_generator_cpp__visibility_control.hpp
[0.366s] -- Installing: /home/diogo/Documents/Github/Trekking_2026/NoteEmbarcado/trekking_ws/install/robot_interfaces/include/robot_interfaces/robot_interfaces/msg/velocity_data.hpp
[0.367s] -- Up-to-date: /home/diogo/Documents/Github/Trekking_2026/NoteEmbarcado/trekking_ws/install/robot_interfaces/include/robot_interfaces/robot_interfaces/msg/detail
[0.367s] -- Installing: /home/diogo/Documents/Github/Trekking_2026/NoteEmbarcado/trekking_ws/install/robot_interfaces/include/robot_interfaces/robot_interfaces/msg/detail/velocity_data__struct.hpp
[0.367s] -- Installing: /home/diogo/Documents/Github/Trekking_2026/NoteEmbarcado/trekking_ws/install/robot_interfaces/include/robot_interfaces/robot_interfaces/msg/detail/uart_data__type_support.hpp
[0.367s] -- Installing: /home/diogo/Documents/Github/Trekking_2026/NoteEmbarcado/trekking_ws/install/robot_interfaces/include/robot_interfaces/robot_interfaces/msg/detail/uart_data__struct.hpp
[0.367s] -- Installing: /home/diogo/Documents/Github/Trekking_2026/NoteEmbarcado/trekking_ws/install/robot_interfaces/include/robot_interfaces/robot_interfaces/msg/detail/velocity_data__traits.hpp
[0.367s] -- Installing: /home/diogo/Documents/Github/Trekking_2026/NoteEmbarcado/trekking_ws/install/robot_interfaces/include/robot_interfaces/robot_interfaces/msg/detail/uart_data__traits.hpp
[0.367s] -- Installing: /home/diogo/Documents/Github/Trekking_2026/NoteEmbarcado/trekking_ws/install/robot_interfaces/include/robot_interfaces/robot_interfaces/msg/detail/velocity_data__type_support.hpp
[0.367s] -- Installing: /home/diogo/Documents/Github/Trekking_2026/NoteEmbarcado/trekking_ws/install/robot_interfaces/include/robot_interfaces/robot_interfaces/msg/detail/velocity_data__builder.hpp
[0.367s] -- Installing: /home/diogo/Documents/Github/Trekking_2026/NoteEmbarcado/trekking_ws/install/robot_interfaces/include/robot_interfaces/robot_interfaces/msg/detail/uart_data__builder.hpp
[0.367s] -- Installing: /home/diogo/Documents/Github/Trekking_2026/NoteEmbarcado/trekking_ws/install/robot_interfaces/include/robot_interfaces/robot_interfaces/msg/uart_data.hpp
[0.368s] -- Up-to-date: /home/diogo/Documents/Github/Trekking_2026/NoteEmbarcado/trekking_ws/install/robot_interfaces/include/robot_interfaces/robot_interfaces
[0.368s] -- Up-to-date: /home/diogo/Documents/Github/Trekking_2026/NoteEmbarcado/trekking_ws/install/robot_interfaces/include/robot_interfaces/robot_interfaces/msg
[0.368s] -- Installing: /home/diogo/Documents/Github/Trekking_2026/NoteEmbarcado/trekking_ws/install/robot_interfaces/include/robot_interfaces/robot_interfaces/msg/rosidl_typesupport_fastrtps_cpp__visibility_control.h
[0.368s] -- Up-to-date: /home/diogo/Documents/Github/Trekking_2026/NoteEmbarcado/trekking_ws/install/robot_interfaces/include/robot_interfaces/robot_interfaces/msg/detail
[0.368s] -- Installing: /home/diogo/Documents/Github/Trekking_2026/NoteEmbarcado/trekking_ws/install/robot_interfaces/include/robot_interfaces/robot_interfaces/msg/detail/dds_fastrtps
[0.368s] -- Installing: /home/diogo/Documents/Github/Trekking_2026/NoteEmbarcado/trekking_ws/install/robot_interfaces/include/robot_interfaces/robot_interfaces/msg/detail/uart_data__rosidl_typesupport_fastrtps_cpp.hpp
[0.368s] -- Installing: /home/diogo/Documents/Github/Trekking_2026/NoteEmbarcado/trekking_ws/install/robot_interfaces/include/robot_interfaces/robot_interfaces/msg/detail/velocity_data__rosidl_typesupport_fastrtps_cpp.hpp
[0.368s] -- Installing: /home/diogo/Documents/Github/Trekking_2026/NoteEmbarcado/trekking_ws/install/robot_interfaces/lib/librobot_interfaces__rosidl_typesupport_fastrtps_cpp.so
[0.368s] -- Set non-toolchain portion of runtime path of "/home/diogo/Documents/Github/Trekking_2026/NoteEmbarcado/trekking_ws/install/robot_interfaces/lib/librobot_interfaces__rosidl_typesupport_fastrtps_cpp.so" to ""
[0.368s] -- Up-to-date: /home/diogo/Documents/Github/Trekking_2026/NoteEmbarcado/trekking_ws/install/robot_interfaces/include/robot_interfaces/robot_interfaces
[0.368s] -- Up-to-date: /home/diogo/Documents/Github/Trekking_2026/NoteEmbarcado/trekking_ws/install/robot_interfaces/include/robot_interfaces/robot_interfaces/msg
[0.368s] -- Up-to-date: /home/diogo/Documents/Github/Trekking_2026/NoteEmbarcado/trekking_ws/install/robot_interfaces/include/robot_interfaces/robot_interfaces/msg/detail
[0.368s] -- Installing: /home/diogo/Documents/Github/Trekking_2026/NoteEmbarcado/trekking_ws/install/robot_interfaces/include/robot_interfaces/robot_interfaces/msg/detail/uart_data__type_support.cpp
[0.368s] -- Installing: /home/diogo/Documents/Github/Trekking_2026/NoteEmbarcado/trekking_ws/install/robot_interfaces/include/robot_interfaces/robot_interfaces/msg/detail/velocity_data__type_support.cpp
[0.368s] -- Installing: /home/diogo/Documents/Github/Trekking_2026/NoteEmbarcado/trekking_ws/install/robot_interfaces/include/robot_interfaces/robot_interfaces/msg/detail/uart_data__rosidl_typesupport_introspection_cpp.hpp
[0.368s] -- Installing: /home/diogo/Documents/Github/Trekking_2026/NoteEmbarcado/trekking_ws/install/robot_interfaces/include/robot_interfaces/robot_interfaces/msg/detail/velocity_data__rosidl_typesupport_introspection_cpp.hpp
[0.368s] -- Installing: /home/diogo/Documents/Github/Trekking_2026/NoteEmbarcado/trekking_ws/install/robot_interfaces/lib/librobot_interfaces__rosidl_typesupport_introspection_cpp.so
[0.368s] -- Set non-toolchain portion of runtime path of "/home/diogo/Documents/Github/Trekking_2026/NoteEmbarcado/trekking_ws/install/robot_interfaces/lib/librobot_interfaces__rosidl_typesupport_introspection_cpp.so" to ""
[0.368s] -- Installing: /home/diogo/Documents/Github/Trekking_2026/NoteEmbarcado/trekking_ws/install/robot_interfaces/lib/librobot_interfaces__rosidl_typesupport_cpp.so
[0.368s] -- Set non-toolchain portion of runtime path of "/home/diogo/Documents/Github/Trekking_2026/NoteEmbarcado/trekking_ws/install/robot_interfaces/lib/librobot_interfaces__rosidl_typesupport_cpp.so" to ""
[0.368s] -- Installing: /home/diogo/Documents/Github/Trekking_2026/NoteEmbarcado/trekking_ws/install/robot_interfaces/share/robot_interfaces/environment/pythonpath.sh
[0.368s] -- Installing: /home/diogo/Documents/Github/Trekking_2026/NoteEmbarcado/trekking_ws/install/robot_interfaces/share/robot_interfaces/environment/pythonpath.dsv
[0.368s] -- Installing: /home/diogo/Documents/Github/Trekking_2026/NoteEmbarcado/trekking_ws/install/robot_interfaces/lib/python3.12/site-packages/robot_interfaces-0.0.0-py3.12.egg-info
[0.369s] -- Installing: /home/diogo/Documents/Github/Trekking_2026/NoteEmbarcado/trekking_ws/install/robot_interfaces/lib/python3.12/site-packages/robot_interfaces-0.0.0-py3.12.egg-info/PKG-INFO
[0.369s] -- Installing: /home/diogo/Documents/Github/Trekking_2026/NoteEmbarcado/trekking_ws/install/robot_interfaces/lib/python3.12/site-packages/robot_interfaces-0.0.0-py3.12.egg-info/SOURCES.txt
[0.369s] -- Installing: /home/diogo/Documents/Github/Trekking_2026/NoteEmbarcado/trekking_ws/install/robot_interfaces/lib/python3.12/site-packages/robot_interfaces-0.0.0-py3.12.egg-info/dependency_links.txt
[0.369s] -- Installing: /home/diogo/Documents/Github/Trekking_2026/NoteEmbarcado/trekking_ws/install/robot_interfaces/lib/python3.12/site-packages/robot_interfaces-0.0.0-py3.12.egg-info/top_level.txt
[0.369s] -- Installing: /home/diogo/Documents/Github/Trekking_2026/NoteEmbarcado/trekking_ws/install/robot_interfaces/lib/python3.12/site-packages/robot_interfaces
[0.369s] -- Installing: /home/diogo/Documents/Github/Trekking_2026/NoteEmbarcado/trekking_ws/install/robot_interfaces/lib/python3.12/site-packages/robot_interfaces/_robot_interfaces_s.ep.rosidl_typesupport_fastrtps_c.c
[0.369s] -- Installing: /home/diogo/Documents/Github/Trekking_2026/NoteEmbarcado/trekking_ws/install/robot_interfaces/lib/python3.12/site-packages/robot_interfaces/_robot_interfaces_s.ep.rosidl_typesupport_introspection_c.c
[0.369s] -- Installing: /home/diogo/Documents/Github/Trekking_2026/NoteEmbarcado/trekking_ws/install/robot_interfaces/lib/python3.12/site-packages/robot_interfaces/robot_interfaces_s__rosidl_typesupport_fastrtps_c.so
[0.369s] -- Installing: /home/diogo/Documents/Github/Trekking_2026/NoteEmbarcado/trekking_ws/install/robot_interfaces/lib/python3.12/site-packages/robot_interfaces/_robot_interfaces_s.ep.rosidl_typesupport_c.c
[0.369s] -- Installing: /home/diogo/Documents/Github/Trekking_2026/NoteEmbarcado/trekking_ws/install/robot_interfaces/lib/python3.12/site-packages/robot_interfaces/robot_interfaces_s__rosidl_typesupport_introspection_c.so
[0.369s] -- Installing: /home/diogo/Documents/Github/Trekking_2026/NoteEmbarcado/trekking_ws/install/robot_interfaces/lib/python3.12/site-packages/robot_interfaces/__init__.py
[0.369s] -- Installing: /home/diogo/Documents/Github/Trekking_2026/NoteEmbarcado/trekking_ws/install/robot_interfaces/lib/python3.12/site-packages/robot_interfaces/msg
[0.369s] -- Installing: /home/diogo/Documents/Github/Trekking_2026/NoteEmbarcado/trekking_ws/install/robot_interfaces/lib/python3.12/site-packages/robot_interfaces/msg/_velocity_data.py
[0.369s] -- Installing: /home/diogo/Documents/Github/Trekking_2026/NoteEmbarcado/trekking_ws/install/robot_interfaces/lib/python3.12/site-packages/robot_interfaces/msg/__init__.py
[0.369s] -- Installing: /home/diogo/Documents/Github/Trekking_2026/NoteEmbarcado/trekking_ws/install/robot_interfaces/lib/python3.12/site-packages/robot_interfaces/msg/_uart_data.py
[0.369s] -- Installing: /home/diogo/Documents/Github/Trekking_2026/NoteEmbarcado/trekking_ws/install/robot_interfaces/lib/python3.12/site-packages/robot_interfaces/msg/_velocity_data_s.c
[0.369s] -- Installing: /home/diogo/Documents/Github/Trekking_2026/NoteEmbarcado/trekking_ws/install/robot_interfaces/lib/python3.12/site-packages/robot_interfaces/msg/_uart_data_s.c
[0.369s] -- Installing: /home/diogo/Documents/Github/Trekking_2026/NoteEmbarcado/trekking_ws/install/robot_interfaces/lib/python3.12/site-packages/robot_interfaces/robot_interfaces_s__rosidl_typesupport_c.so
[0.396s] Listing '/home/diogo/Documents/Github/Trekking_2026/NoteEmbarcado/trekking_ws/install/robot_interfaces/lib/python3.12/site-packages/robot_interfaces'...
[0.397s] Compiling '/home/diogo/Documents/Github/Trekking_2026/NoteEmbarcado/trekking_ws/install/robot_interfaces/lib/python3.12/site-packages/robot_interfaces/__init__.py'...
[0.397s] Listing '/home/diogo/Documents/Github/Trekking_2026/NoteEmbarcado/trekking_ws/install/robot_interfaces/lib/python3.12/site-packages/robot_interfaces/msg'...
[0.397s] Compiling '/home/diogo/Documents/Github/Trekking_2026/NoteEmbarcado/trekking_ws/install/robot_interfaces/lib/python3.12/site-packages/robot_interfaces/msg/__init__.py'...
[0.397s] Compiling '/home/diogo/Documents/Github/Trekking_2026/NoteEmbarcado/trekking_ws/install/robot_interfaces/lib/python3.12/site-packages/robot_interfaces/msg/_uart_data.py'...
[0.397s] Compiling '/home/diogo/Documents/Github/Trekking_2026/NoteEmbarcado/trekking_ws/install/robot_interfaces/lib/python3.12/site-packages/robot_interfaces/msg/_velocity_data.py'...
[0.401s] -- Installing: /home/diogo/Documents/Github/Trekking_2026/NoteEmbarcado/trekking_ws/install/robot_interfaces/lib/python3.12/site-packages/robot_interfaces/robot_interfaces_s__rosidl_typesupport_fastrtps_c.so
[0.401s] -- Set non-toolchain portion of runtime path of "/home/diogo/Documents/Github/Trekking_2026/NoteEmbarcado/trekking_ws/install/robot_interfaces/lib/python3.12/site-packages/robot_interfaces/robot_interfaces_s__rosidl_typesupport_fastrtps_c.so" to ""
[0.401s] -- Installing: /home/diogo/Documents/Github/Trekking_2026/NoteEmbarcado/trekking_ws/install/robot_interfaces/lib/python3.12/site-packages/robot_interfaces/robot_interfaces_s__rosidl_typesupport_introspection_c.so
[0.401s] -- Set non-toolchain portion of runtime path of "/home/diogo/Documents/Github/Trekking_2026/NoteEmbarcado/trekking_ws/install/robot_interfaces/lib/python3.12/site-packages/robot_interfaces/robot_interfaces_s__rosidl_typesupport_introspection_c.so" to ""
[0.401s] -- Installing: /home/diogo/Documents/Github/Trekking_2026/NoteEmbarcado/trekking_ws/install/robot_interfaces/lib/python3.12/site-packages/robot_interfaces/robot_interfaces_s__rosidl_typesupport_c.so
[0.402s] -- Set non-toolchain portion of runtime path of "/home/diogo/Documents/Github/Trekking_2026/NoteEmbarcado/trekking_ws/install/robot_interfaces/lib/python3.12/site-packages/robot_interfaces/robot_interfaces_s__rosidl_typesupport_c.so" to ""
[0.402s] -- Installing: /home/diogo/Documents/Github/Trekking_2026/NoteEmbarcado/trekking_ws/install/robot_interfaces/lib/librobot_interfaces__rosidl_generator_py.so
[0.402s] -- Set non-toolchain portion of runtime path of "/home/diogo/Documents/Github/Trekking_2026/NoteEmbarcado/trekking_ws/install/robot_interfaces/lib/librobot_interfaces__rosidl_generator_py.so" to ""
[0.402s] -- Installing: /home/diogo/Documents/Github/Trekking_2026/NoteEmbarcado/trekking_ws/install/robot_interfaces/share/robot_interfaces/rust
[0.402s] -- Installing: /home/diogo/Documents/Github/Trekking_2026/NoteEmbarcado/trekking_ws/install/robot_interfaces/share/robot_interfaces/rust/build.rs
[0.402s] -- Installing: /home/diogo/Documents/Github/Trekking_2026/NoteEmbarcado/trekking_ws/install/robot_interfaces/share/robot_interfaces/rust/Cargo.toml
[0.402s] -- Installing: /home/diogo/Documents/Github/Trekking_2026/NoteEmbarcado/trekking_ws/install/robot_interfaces/share/robot_interfaces/rust/src
[0.402s] -- Installing: /home/diogo/Documents/Github/Trekking_2026/NoteEmbarcado/trekking_ws/install/robot_interfaces/share/robot_interfaces/rust/src/lib.rs
[0.402s] -- Installing: /home/diogo/Documents/Github/Trekking_2026/NoteEmbarcado/trekking_ws/install/robot_interfaces/share/robot_interfaces/rust/src/msg.rs
[0.402s] -- Installing: /home/diogo/Documents/Github/Trekking_2026/NoteEmbarcado/trekking_ws/install/robot_interfaces/share/robot_interfaces/rust/src/msg
[0.402s] -- Installing: /home/diogo/Documents/Github/Trekking_2026/NoteEmbarcado/trekking_ws/install/robot_interfaces/share/robot_interfaces/rust/src/msg/rmw.rs
[0.403s] -- Installing: /home/diogo/Documents/Github/Trekking_2026/NoteEmbarcado/trekking_ws/install/robot_interfaces/share/robot_interfaces/msg/UARTData.idl
[0.403s] -- Installing: /home/diogo/Documents/Github/Trekking_2026/NoteEmbarcado/trekking_ws/install/robot_interfaces/share/robot_interfaces/msg/VelocityData.idl
[0.403s] -- Installing: /home/diogo/Documents/Github/Trekking_2026/NoteEmbarcado/trekking_ws/install/robot_interfaces/share/robot_interfaces/msg/UARTData.msg
[0.403s] -- Installing: /home/diogo/Documents/Github/Trekking_2026/NoteEmbarcado/trekking_ws/install/robot_interfaces/share/robot_interfaces/msg/VelocityData.msg
[0.403s] -- Installing: /home/diogo/Documents/Github/Trekking_2026/NoteEmbarcado/trekking_ws/install/robot_interfaces/share/ament_index/resource_index/package_run_dependencies/robot_interfaces
[0.403s] -- Installing: /home/diogo/Documents/Github/Trekking_2026/NoteEmbarcado/trekking_ws/install/robot_interfaces/share/ament_index/resource_index/parent_prefix_path/robot_interfaces
[0.404s] -- Installing: /home/diogo/Documents/Github/Trekking_2026/NoteEmbarcado/trekking_ws/install/robot_interfaces/share/robot_interfaces/environment/ament_prefix_path.sh
[0.404s] -- Installing: /home/diogo/Documents/Github/Trekking_2026/NoteEmbarcado/trekking_ws/install/robot_interfaces/share/robot_interfaces/environment/ament_prefix_path.dsv
[0.404s] -- Installing: /home/diogo/Documents/Github/Trekking_2026/NoteEmbarcado/trekking_ws/install/robot_interfaces/share/robot_interfaces/environment/path.sh
[0.404s] -- Installing: /home/diogo/Documents/Github/Trekking_2026/NoteEmbarcado/trekking_ws/install/robot_interfaces/share/robot_interfaces/environment/path.dsv
[0.404s] -- Installing: /home/diogo/Documents/Github/Trekking_2026/NoteEmbarcado/trekking_ws/install/robot_interfaces/share/robot_interfaces/local_setup.bash
[0.405s] -- Installing: /home/diogo/Documents/Github/Trekking_2026/NoteEmbarcado/trekking_ws/install/robot_interfaces/share/robot_interfaces/local_setup.sh
[0.405s] -- Installing: /home/diogo/Documents/Github/Trekking_2026/NoteEmbarcado/trekking_ws/install/robot_interfaces/share/robot_interfaces/local_setup.zsh
[0.405s] -- Installing: /home/diogo/Documents/Github/Trekking_2026/NoteEmbarcado/trekking_ws/install/robot_interfaces/share/robot_interfaces/local_setup.dsv
[0.405s] -- Installing: /home/diogo/Documents/Github/Trekking_2026/NoteEmbarcado/trekking_ws/install/robot_interfaces/share/robot_interfaces/package.dsv
[0.405s] -- Installing: /home/diogo/Documents/Github/Trekking_2026/NoteEmbarcado/trekking_ws/install/robot_interfaces/share/ament_index/resource_index/packages/robot_interfaces
[0.406s] -- Installing: /home/diogo/Documents/Github/Trekking_2026/NoteEmbarcado/trekking_ws/install/robot_interfaces/share/robot_interfaces/cmake/export_robot_interfaces__rosidl_generator_cExport.cmake
[0.406s] -- Installing: /home/diogo/Documents/Github/Trekking_2026/NoteEmbarcado/trekking_ws/install/robot_interfaces/share/robot_interfaces/cmake/export_robot_interfaces__rosidl_generator_cExport-noconfig.cmake
[0.406s] -- Installing: /home/diogo/Documents/Github/Trekking_2026/NoteEmbarcado/trekking_ws/install/robot_interfaces/share/robot_interfaces/cmake/export_robot_interfaces__rosidl_typesupport_fastrtps_cExport.cmake
[0.406s] -- Installing: /home/diogo/Documents/Github/Trekking_2026/NoteEmbarcado/trekking_ws/install/robot_interfaces/share/robot_interfaces/cmake/export_robot_interfaces__rosidl_typesupport_fastrtps_cExport-noconfig.cmake
[0.406s] -- Installing: /home/diogo/Documents/Github/Trekking_2026/NoteEmbarcado/trekking_ws/install/robot_interfaces/share/robot_interfaces/cmake/robot_interfaces__rosidl_typesupport_introspection_cExport.cmake
[0.406s] -- Installing: /home/diogo/Documents/Github/Trekking_2026/NoteEmbarcado/trekking_ws/install/robot_interfaces/share/robot_interfaces/cmake/robot_interfaces__rosidl_typesupport_introspection_cExport-noconfig.cmake
[0.406s] -- Installing: /home/diogo/Documents/Github/Trekking_2026/NoteEmbarcado/trekking_ws/install/robot_interfaces/share/robot_interfaces/cmake/robot_interfaces__rosidl_typesupport_cExport.cmake
[0.407s] -- Installing: /home/diogo/Documents/Github/Trekking_2026/NoteEmbarcado/trekking_ws/install/robot_interfaces/share/robot_interfaces/cmake/robot_interfaces__rosidl_typesupport_cExport-noconfig.cmake
[0.407s] -- Installing: /home/diogo/Documents/Github/Trekking_2026/NoteEmbarcado/trekking_ws/install/robot_interfaces/share/robot_interfaces/cmake/export_robot_interfaces__rosidl_generator_cppExport.cmake
[0.407s] -- Installing: /home/diogo/Documents/Github/Trekking_2026/NoteEmbarcado/trekking_ws/install/robot_interfaces/share/robot_interfaces/cmake/export_robot_interfaces__rosidl_typesupport_fastrtps_cppExport.cmake
[0.407s] -- Installing: /home/diogo/Documents/Github/Trekking_2026/NoteEmbarcado/trekking_ws/install/robot_interfaces/share/robot_interfaces/cmake/export_robot_interfaces__rosidl_typesupport_fastrtps_cppExport-noconfig.cmake
[0.407s] -- Installing: /home/diogo/Documents/Github/Trekking_2026/NoteEmbarcado/trekking_ws/install/robot_interfaces/share/robot_interfaces/cmake/robot_interfaces__rosidl_typesupport_introspection_cppExport.cmake
[0.407s] -- Installing: /home/diogo/Documents/Github/Trekking_2026/NoteEmbarcado/trekking_ws/install/robot_interfaces/share/robot_interfaces/cmake/robot_interfaces__rosidl_typesupport_introspection_cppExport-noconfig.cmake
[0.407s] -- Installing: /home/diogo/Documents/Github/Trekking_2026/NoteEmbarcado/trekking_ws/install/robot_interfaces/share/robot_interfaces/cmake/robot_interfaces__rosidl_typesupport_cppExport.cmake
[0.407s] -- Installing: /home/diogo/Documents/Github/Trekking_2026/NoteEmbarcado/trekking_ws/install/robot_interfaces/share/robot_interfaces/cmake/robot_interfaces__rosidl_typesupport_cppExport-noconfig.cmake
[0.408s] -- Installing: /home/diogo/Documents/Github/Trekking_2026/NoteEmbarcado/trekking_ws/install/robot_interfaces/share/robot_interfaces/cmake/export_robot_interfaces__rosidl_generator_pyExport.cmake
[0.408s] -- Installing: /home/diogo/Documents/Github/Trekking_2026/NoteEmbarcado/trekking_ws/install/robot_interfaces/share/robot_interfaces/cmake/export_robot_interfaces__rosidl_generator_pyExport-noconfig.cmake
[0.408s] -- Installing: /home/diogo/Documents/Github/Trekking_2026/NoteEmbarcado/trekking_ws/install/robot_interfaces/share/robot_interfaces/cmake/rosidl_cmake-extras.cmake
[0.408s] -- Installing: /home/diogo/Documents/Github/Trekking_2026/NoteEmbarcado/trekking_ws/install/robot_interfaces/share/robot_interfaces/cmake/ament_cmake_export_include_directories-extras.cmake
[0.408s] -- Installing: /home/diogo/Documents/Github/Trekking_2026/NoteEmbarcado/trekking_ws/install/robot_interfaces/share/robot_interfaces/cmake/ament_cmake_export_libraries-extras.cmake
[0.408s] -- Installing: /home/diogo/Documents/Github/Trekking_2026/NoteEmbarcado/trekking_ws/install/robot_interfaces/share/robot_interfaces/cmake/ament_cmake_export_targets-extras.cmake
[0.408s] -- Installing: /home/diogo/Documents/Github/Trekking_2026/NoteEmbarcado/trekking_ws/install/robot_interfaces/share/robot_interfaces/cmake/rosidl_cmake_export_typesupport_targets-extras.cmake
[0.408s] -- Installing: /home/diogo/Documents/Github/Trekking_2026/NoteEmbarcado/trekking_ws/install/robot_interfaces/share/robot_interfaces/cmake/ament_cmake_export_dependencies-extras.cmake
[0.409s] -- Installing: /home/diogo/Documents/Github/Trekking_2026/NoteEmbarcado/trekking_ws/install/robot_interfaces/share/robot_interfaces/cmake/rosidl_cmake_export_typesupport_libraries-extras.cmake
[0.409s] -- Installing: /home/diogo/Documents/Github/Trekking_2026/NoteEmbarcado/trekking_ws/install/robot_interfaces/share/robot_interfaces/cmake/rosidl_cmake_aggregate_target-extras.cmake
[0.409s] -- Installing: /home/diogo/Documents/Github/Trekking_2026/NoteEmbarcado/trekking_ws/install/robot_interfaces/share/robot_interfaces/cmake/robot_interfacesConfig.cmake
[0.409s] -- Installing: /home/diogo/Documents/Github/Trekking_2026/NoteEmbarcado/trekking_ws/install/robot_interfaces/share/robot_interfaces/cmake/robot_interfacesConfig-version.cmake
[0.409s] -- Installing: /home/diogo/Documents/Github/Trekking_2026/NoteEmbarcado/trekking_ws/install/robot_interfaces/share/robot_interfaces/package.xml
[0.410s] Invoked command in '/home/diogo/Documents/Github/Trekking_2026/NoteEmbarcado/trekking_ws/build/robot_interfaces' returned '0': CMAKE_PREFIX_PATH=${CMAKE_PREFIX_PATH}:/opt/ros/jazzy DEBUGINFOD_URLS=https://debuginfod.ubuntu.com /usr/bin/cmake --install /home/diogo/Documents/Github/Trekking_2026/NoteEmbarcado/trekking_ws/build/robot_interfaces
