[0.058s] DEBUG:colcon:Command line arguments: ['/usr/bin/colcon', 'build']
[0.058s] DEBUG:colcon:Parsed command line arguments: Namespace(log_base=None, log_level=None, verb_name='build', build_base='build', install_base='install', merge_install=False, symlink_install=False, test_result_base=None, continue_on_error=False, executor='parallel', parallel_workers=12, event_handlers=None, ignore_user_meta=False, metas=['./colcon.meta'], base_paths=['.'], packages_ignore=None, packages_ignore_regex=None, paths=None, packages_up_to=None, packages_up_to_regex=None, packages_above=None, packages_above_and_dependencies=None, packages_above_depth=None, packages_select_by_dep=None, packages_skip_by_dep=None, packages_skip_up_to=None, packages_select_build_failed=False, packages_skip_build_finished=False, packages_select_test_failures=False, packages_skip_test_passed=False, packages_select=None, packages_skip=None, packages_select_regex=None, packages_skip_regex=None, packages_start=None, packages_end=None, allow_overriding=[], cmake_args=None, cmake_target=None, cmake_target_skip_unavailable=False, cmake_clean_cache=False, cmake_clean_first=False, cmake_force_configure=False, ament_cmake_args=None, catkin_cmake_args=None, catkin_skip_building_tests=False, verb_parser=<colcon_defaults.argument_parser.defaults.DefaultArgumentsDecorator object at 0x76346d33c380>, verb_extension=<colcon_core.verb.build.BuildVerb object at 0x76346d33c1d0>, main=<bound method BuildVerb.main of <colcon_core.verb.build.BuildVerb object at 0x76346d33c1d0>>)
[0.080s] Level 1:colcon.colcon_core.package_discovery:discover_packages(colcon_meta) check parameters
[0.081s] Level 1:colcon.colcon_core.package_discovery:discover_packages(recursive) check parameters
[0.081s] Level 1:colcon.colcon_core.package_discovery:discover_packages(ignore) check parameters
[0.081s] Level 1:colcon.colcon_core.package_discovery:discover_packages(path) check parameters
[0.081s] Level 1:colcon.colcon_core.package_discovery:discover_packages(colcon_meta) discover
[0.081s] Level 1:colcon.colcon_core.package_discovery:discover_packages(recursive) discover
[0.081s] INFO:colcon.colcon_core.package_discovery:Crawling recursively for packages in '/home/ascachetti/Documents/trekking_ws'
[0.081s] Level 1:colcon.colcon_core.package_identification:_identify(.) by extensions ['ignore', 'ignore_ament_install']
[0.081s] Level 1:colcon.colcon_core.package_identification:_identify(.) by extension 'ignore'
[0.081s] Level 1:colcon.colcon_core.package_identification:_identify(.) by extension 'ignore_ament_install'
[0.081s] Level 1:colcon.colcon_core.package_identification:_identify(.) by extensions ['colcon_pkg']
[0.081s] Level 1:colcon.colcon_core.package_identification:_identify(.) by extension 'colcon_pkg'
[0.081s] Level 1:colcon.colcon_core.package_identification:_identify(.) by extensions ['colcon_meta']
[0.081s] Level 1:colcon.colcon_core.package_identification:_identify(.) by extension 'colcon_meta'
[0.081s] Level 1:colcon.colcon_core.package_identification:_identify(.) by extensions ['ros']
[0.081s] Level 1:colcon.colcon_core.package_identification:_identify(.) by extension 'ros'
[0.097s] Level 1:colcon.colcon_core.package_identification:_identify(.) by extensions ['cmake', 'python']
[0.097s] Level 1:colcon.colcon_core.package_identification:_identify(.) by extension 'cmake'
[0.097s] Level 1:colcon.colcon_core.package_identification:_identify(.) by extension 'python'
[0.097s] Level 1:colcon.colcon_core.package_identification:_identify(.) by extensions ['python_setup_py']
[0.097s] Level 1:colcon.colcon_core.package_identification:_identify(.) by extension 'python_setup_py'
[0.097s] Level 1:colcon.colcon_core.package_identification:_identify(build) by extensions ['ignore', 'ignore_ament_install']
[0.097s] Level 1:colcon.colcon_core.package_identification:_identify(build) by extension 'ignore'
[0.097s] Level 1:colcon.colcon_core.package_identification:_identify(build) ignored
[0.097s] Level 1:colcon.colcon_core.package_identification:_identify(install) by extensions ['ignore', 'ignore_ament_install']
[0.097s] Level 1:colcon.colcon_core.package_identification:_identify(install) by extension 'ignore'
[0.097s] Level 1:colcon.colcon_core.package_identification:_identify(install) ignored
[0.097s] Level 1:colcon.colcon_core.package_identification:_identify(log) by extensions ['ignore', 'ignore_ament_install']
[0.097s] Level 1:colcon.colcon_core.package_identification:_identify(log) by extension 'ignore'
[0.097s] Level 1:colcon.colcon_core.package_identification:_identify(log) ignored
[0.097s] Level 1:colcon.colcon_core.package_identification:_identify(src) by extensions ['ignore', 'ignore_ament_install']
[0.097s] Level 1:colcon.colcon_core.package_identification:_identify(src) by extension 'ignore'
[0.097s] Level 1:colcon.colcon_core.package_identification:_identify(src) by extension 'ignore_ament_install'
[0.097s] Level 1:colcon.colcon_core.package_identification:_identify(src) by extensions ['colcon_pkg']
[0.097s] Level 1:colcon.colcon_core.package_identification:_identify(src) by extension 'colcon_pkg'
[0.097s] Level 1:colcon.colcon_core.package_identification:_identify(src) by extensions ['colcon_meta']
[0.097s] Level 1:colcon.colcon_core.package_identification:_identify(src) by extension 'colcon_meta'
[0.097s] Level 1:colcon.colcon_core.package_identification:_identify(src) by extensions ['ros']
[0.098s] Level 1:colcon.colcon_core.package_identification:_identify(src) by extension 'ros'
[0.098s] Level 1:colcon.colcon_core.package_identification:_identify(src) by extensions ['cmake', 'python']
[0.098s] Level 1:colcon.colcon_core.package_identification:_identify(src) by extension 'cmake'
[0.098s] Level 1:colcon.colcon_core.package_identification:_identify(src) by extension 'python'
[0.098s] Level 1:colcon.colcon_core.package_identification:_identify(src) by extensions ['python_setup_py']
[0.098s] Level 1:colcon.colcon_core.package_identification:_identify(src) by extension 'python_setup_py'
[0.098s] Level 1:colcon.colcon_core.package_identification:_identify(src/robot_bringup) by extensions ['ignore', 'ignore_ament_install']
[0.098s] Level 1:colcon.colcon_core.package_identification:_identify(src/robot_bringup) by extension 'ignore'
[0.098s] Level 1:colcon.colcon_core.package_identification:_identify(src/robot_bringup) by extension 'ignore_ament_install'
[0.098s] Level 1:colcon.colcon_core.package_identification:_identify(src/robot_bringup) by extensions ['colcon_pkg']
[0.098s] Level 1:colcon.colcon_core.package_identification:_identify(src/robot_bringup) by extension 'colcon_pkg'
[0.098s] Level 1:colcon.colcon_core.package_identification:_identify(src/robot_bringup) by extensions ['colcon_meta']
[0.098s] Level 1:colcon.colcon_core.package_identification:_identify(src/robot_bringup) by extension 'colcon_meta'
[0.098s] Level 1:colcon.colcon_core.package_identification:_identify(src/robot_bringup) by extensions ['ros']
[0.098s] Level 1:colcon.colcon_core.package_identification:_identify(src/robot_bringup) by extension 'ros'
[0.099s] DEBUG:colcon.colcon_core.package_identification:Package 'src/robot_bringup' with type 'ros.ament_cmake' and name 'robot_bringup'
[0.100s] Level 1:colcon.colcon_core.package_identification:_identify(src/robot_control) by extensions ['ignore', 'ignore_ament_install']
[0.100s] Level 1:colcon.colcon_core.package_identification:_identify(src/robot_control) by extension 'ignore'
[0.100s] Level 1:colcon.colcon_core.package_identification:_identify(src/robot_control) by extension 'ignore_ament_install'
[0.100s] Level 1:colcon.colcon_core.package_identification:_identify(src/robot_control) by extensions ['colcon_pkg']
[0.100s] Level 1:colcon.colcon_core.package_identification:_identify(src/robot_control) by extension 'colcon_pkg'
[0.100s] Level 1:colcon.colcon_core.package_identification:_identify(src/robot_control) by extensions ['colcon_meta']
[0.100s] Level 1:colcon.colcon_core.package_identification:_identify(src/robot_control) by extension 'colcon_meta'
[0.100s] Level 1:colcon.colcon_core.package_identification:_identify(src/robot_control) by extensions ['ros']
[0.100s] Level 1:colcon.colcon_core.package_identification:_identify(src/robot_control) by extension 'ros'
[0.100s] DEBUG:colcon.colcon_core.package_identification:Package 'src/robot_control' with type 'ros.ament_cmake' and name 'robot_control'
[0.100s] Level 1:colcon.colcon_core.package_identification:_identify(src/robot_core) by extensions ['ignore', 'ignore_ament_install']
[0.100s] Level 1:colcon.colcon_core.package_identification:_identify(src/robot_core) by extension 'ignore'
[0.100s] Level 1:colcon.colcon_core.package_identification:_identify(src/robot_core) by extension 'ignore_ament_install'
[0.100s] Level 1:colcon.colcon_core.package_identification:_identify(src/robot_core) by extensions ['colcon_pkg']
[0.100s] Level 1:colcon.colcon_core.package_identification:_identify(src/robot_core) by extension 'colcon_pkg'
[0.100s] Level 1:colcon.colcon_core.package_identification:_identify(src/robot_core) by extensions ['colcon_meta']
[0.100s] Level 1:colcon.colcon_core.package_identification:_identify(src/robot_core) by extension 'colcon_meta'
[0.100s] Level 1:colcon.colcon_core.package_identification:_identify(src/robot_core) by extensions ['ros']
[0.100s] Level 1:colcon.colcon_core.package_identification:_identify(src/robot_core) by extension 'ros'
[0.101s] DEBUG:colcon.colcon_core.package_identification:Package 'src/robot_core' with type 'ros.ament_cmake' and name 'robot_core'
[0.101s] Level 1:colcon.colcon_core.package_identification:_identify(src/robot_description) by extensions ['ignore', 'ignore_ament_install']
[0.101s] Level 1:colcon.colcon_core.package_identification:_identify(src/robot_description) by extension 'ignore'
[0.101s] Level 1:colcon.colcon_core.package_identification:_identify(src/robot_description) by extension 'ignore_ament_install'
[0.101s] Level 1:colcon.colcon_core.package_identification:_identify(src/robot_description) by extensions ['colcon_pkg']
[0.101s] Level 1:colcon.colcon_core.package_identification:_identify(src/robot_description) by extension 'colcon_pkg'
[0.101s] Level 1:colcon.colcon_core.package_identification:_identify(src/robot_description) by extensions ['colcon_meta']
[0.101s] Level 1:colcon.colcon_core.package_identification:_identify(src/robot_description) by extension 'colcon_meta'
[0.101s] Level 1:colcon.colcon_core.package_identification:_identify(src/robot_description) by extensions ['ros']
[0.101s] Level 1:colcon.colcon_core.package_identification:_identify(src/robot_description) by extension 'ros'
[0.101s] DEBUG:colcon.colcon_core.package_identification:Package 'src/robot_description' with type 'ros.ament_cmake' and name 'robot_description'
[0.102s] Level 1:colcon.colcon_core.package_identification:_identify(src/robot_gazebo) by extensions ['ignore', 'ignore_ament_install']
[0.102s] Level 1:colcon.colcon_core.package_identification:_identify(src/robot_gazebo) by extension 'ignore'
[0.102s] Level 1:colcon.colcon_core.package_identification:_identify(src/robot_gazebo) by extension 'ignore_ament_install'
[0.102s] Level 1:colcon.colcon_core.package_identification:_identify(src/robot_gazebo) by extensions ['colcon_pkg']
[0.102s] Level 1:colcon.colcon_core.package_identification:_identify(src/robot_gazebo) by extension 'colcon_pkg'
[0.102s] Level 1:colcon.colcon_core.package_identification:_identify(src/robot_gazebo) by extensions ['colcon_meta']
[0.102s] Level 1:colcon.colcon_core.package_identification:_identify(src/robot_gazebo) by extension 'colcon_meta'
[0.102s] Level 1:colcon.colcon_core.package_identification:_identify(src/robot_gazebo) by extensions ['ros']
[0.102s] Level 1:colcon.colcon_core.package_identification:_identify(src/robot_gazebo) by extension 'ros'
[0.102s] DEBUG:colcon.colcon_core.package_identification:Package 'src/robot_gazebo' with type 'ros.ament_cmake' and name 'robot_gazebo'
[0.102s] Level 1:colcon.colcon_core.package_identification:_identify(src/robot_hardware) by extensions ['ignore', 'ignore_ament_install']
[0.102s] Level 1:colcon.colcon_core.package_identification:_identify(src/robot_hardware) by extension 'ignore'
[0.102s] Level 1:colcon.colcon_core.package_identification:_identify(src/robot_hardware) by extension 'ignore_ament_install'
[0.102s] Level 1:colcon.colcon_core.package_identification:_identify(src/robot_hardware) by extensions ['colcon_pkg']
[0.102s] Level 1:colcon.colcon_core.package_identification:_identify(src/robot_hardware) by extension 'colcon_pkg'
[0.102s] Level 1:colcon.colcon_core.package_identification:_identify(src/robot_hardware) by extensions ['colcon_meta']
[0.102s] Level 1:colcon.colcon_core.package_identification:_identify(src/robot_hardware) by extension 'colcon_meta'
[0.102s] Level 1:colcon.colcon_core.package_identification:_identify(src/robot_hardware) by extensions ['ros']
[0.102s] Level 1:colcon.colcon_core.package_identification:_identify(src/robot_hardware) by extension 'ros'
[0.102s] Level 1:colcon.colcon_core.package_identification:_identify(src/robot_hardware) by extensions ['cmake', 'python']
[0.102s] Level 1:colcon.colcon_core.package_identification:_identify(src/robot_hardware) by extension 'cmake'
[0.102s] Level 1:colcon.colcon_core.package_identification:_identify(src/robot_hardware) by extension 'python'
[0.102s] Level 1:colcon.colcon_core.package_identification:_identify(src/robot_hardware) by extensions ['python_setup_py']
[0.102s] Level 1:colcon.colcon_core.package_identification:_identify(src/robot_hardware) by extension 'python_setup_py'
[0.102s] Level 1:colcon.colcon_core.package_identification:_identify(src/robot_hardware/config) by extensions ['ignore', 'ignore_ament_install']
[0.102s] Level 1:colcon.colcon_core.package_identification:_identify(src/robot_hardware/config) by extension 'ignore'
[0.102s] Level 1:colcon.colcon_core.package_identification:_identify(src/robot_hardware/config) by extension 'ignore_ament_install'
[0.102s] Level 1:colcon.colcon_core.package_identification:_identify(src/robot_hardware/config) by extensions ['colcon_pkg']
[0.103s] Level 1:colcon.colcon_core.package_identification:_identify(src/robot_hardware/config) by extension 'colcon_pkg'
[0.103s] Level 1:colcon.colcon_core.package_identification:_identify(src/robot_hardware/config) by extensions ['colcon_meta']
[0.103s] Level 1:colcon.colcon_core.package_identification:_identify(src/robot_hardware/config) by extension 'colcon_meta'
[0.103s] Level 1:colcon.colcon_core.package_identification:_identify(src/robot_hardware/config) by extensions ['ros']
[0.103s] Level 1:colcon.colcon_core.package_identification:_identify(src/robot_hardware/config) by extension 'ros'
[0.103s] Level 1:colcon.colcon_core.package_identification:_identify(src/robot_hardware/config) by extensions ['cmake', 'python']
[0.103s] Level 1:colcon.colcon_core.package_identification:_identify(src/robot_hardware/config) by extension 'cmake'
[0.103s] Level 1:colcon.colcon_core.package_identification:_identify(src/robot_hardware/config) by extension 'python'
[0.103s] Level 1:colcon.colcon_core.package_identification:_identify(src/robot_hardware/config) by extensions ['python_setup_py']
[0.103s] Level 1:colcon.colcon_core.package_identification:_identify(src/robot_hardware/config) by extension 'python_setup_py'
[0.103s] Level 1:colcon.colcon_core.package_identification:_identify(src/robot_hardware/launch) by extensions ['ignore', 'ignore_ament_install']
[0.103s] Level 1:colcon.colcon_core.package_identification:_identify(src/robot_hardware/launch) by extension 'ignore'
[0.103s] Level 1:colcon.colcon_core.package_identification:_identify(src/robot_hardware/launch) by extension 'ignore_ament_install'
[0.103s] Level 1:colcon.colcon_core.package_identification:_identify(src/robot_hardware/launch) by extensions ['colcon_pkg']
[0.103s] Level 1:colcon.colcon_core.package_identification:_identify(src/robot_hardware/launch) by extension 'colcon_pkg'
[0.103s] Level 1:colcon.colcon_core.package_identification:_identify(src/robot_hardware/launch) by extensions ['colcon_meta']
[0.103s] Level 1:colcon.colcon_core.package_identification:_identify(src/robot_hardware/launch) by extension 'colcon_meta'
[0.103s] Level 1:colcon.colcon_core.package_identification:_identify(src/robot_hardware/launch) by extensions ['ros']
[0.103s] Level 1:colcon.colcon_core.package_identification:_identify(src/robot_hardware/launch) by extension 'ros'
[0.103s] Level 1:colcon.colcon_core.package_identification:_identify(src/robot_hardware/launch) by extensions ['cmake', 'python']
[0.103s] Level 1:colcon.colcon_core.package_identification:_identify(src/robot_hardware/launch) by extension 'cmake'
[0.103s] Level 1:colcon.colcon_core.package_identification:_identify(src/robot_hardware/launch) by extension 'python'
[0.103s] Level 1:colcon.colcon_core.package_identification:_identify(src/robot_hardware/launch) by extensions ['python_setup_py']
[0.103s] Level 1:colcon.colcon_core.package_identification:_identify(src/robot_hardware/launch) by extension 'python_setup_py'
[0.103s] Level 1:colcon.colcon_core.package_discovery:discover_packages(recursive) using defaults
[0.103s] Level 1:colcon.colcon_core.package_discovery:discover_packages(ignore) discover
[0.103s] Level 1:colcon.colcon_core.package_discovery:discover_packages(ignore) using defaults
[0.103s] Level 1:colcon.colcon_core.package_discovery:discover_packages(path) discover
[0.103s] Level 1:colcon.colcon_core.package_discovery:discover_packages(path) using defaults
[0.115s] Level 1:colcon.colcon_core.package_discovery:discover_packages(prefix_path) check parameters
[0.115s] Level 1:colcon.colcon_core.package_discovery:discover_packages(prefix_path) discover
[0.116s] DEBUG:colcon.colcon_installed_package_information.package_discovery:Found 5 installed packages in /home/ascachetti/Documents/trekking_ws/install
[0.117s] DEBUG:colcon.colcon_installed_package_information.package_discovery:Found 388 installed packages in /opt/ros/jazzy
[0.118s] Level 1:colcon.colcon_core.package_discovery:discover_packages(prefix_path) using defaults
[0.144s] Level 5:colcon.colcon_core.verb:set package 'robot_bringup' build argument 'cmake_args' from command line to 'None'
[0.144s] Level 5:colcon.colcon_core.verb:set package 'robot_bringup' build argument 'cmake_target' from command line to 'None'
[0.144s] Level 5:colcon.colcon_core.verb:set package 'robot_bringup' build argument 'cmake_target_skip_unavailable' from command line to 'False'
[0.144s] Level 5:colcon.colcon_core.verb:set package 'robot_bringup' build argument 'cmake_clean_cache' from command line to 'False'
[0.144s] Level 5:colcon.colcon_core.verb:set package 'robot_bringup' build argument 'cmake_clean_first' from command line to 'False'
[0.144s] Level 5:colcon.colcon_core.verb:set package 'robot_bringup' build argument 'cmake_force_configure' from command line to 'False'
[0.144s] Level 5:colcon.colcon_core.verb:set package 'robot_bringup' build argument 'ament_cmake_args' from command line to 'None'
[0.144s] Level 5:colcon.colcon_core.verb:set package 'robot_bringup' build argument 'catkin_cmake_args' from command line to 'None'
[0.144s] Level 5:colcon.colcon_core.verb:set package 'robot_bringup' build argument 'catkin_skip_building_tests' from command line to 'False'
[0.144s] DEBUG:colcon.colcon_core.verb:Building package 'robot_bringup' with the following arguments: {'ament_cmake_args': None, 'build_base': '/home/ascachetti/Documents/trekking_ws/build/robot_bringup', 'catkin_cmake_args': None, 'catkin_skip_building_tests': False, 'cmake_args': None, 'cmake_clean_cache': False, 'cmake_clean_first': False, 'cmake_force_configure': False, 'cmake_target': None, 'cmake_target_skip_unavailable': False, 'install_base': '/home/ascachetti/Documents/trekking_ws/install/robot_bringup', 'merge_install': False, 'path': '/home/ascachetti/Documents/trekking_ws/src/robot_bringup', 'symlink_install': False, 'test_result_base': None}
[0.144s] Level 5:colcon.colcon_core.verb:set package 'robot_control' build argument 'cmake_args' from command line to 'None'
[0.144s] Level 5:colcon.colcon_core.verb:set package 'robot_control' build argument 'cmake_target' from command line to 'None'
[0.144s] Level 5:colcon.colcon_core.verb:set package 'robot_control' build argument 'cmake_target_skip_unavailable' from command line to 'False'
[0.144s] Level 5:colcon.colcon_core.verb:set package 'robot_control' build argument 'cmake_clean_cache' from command line to 'False'
[0.144s] Level 5:colcon.colcon_core.verb:set package 'robot_control' build argument 'cmake_clean_first' from command line to 'False'
[0.144s] Level 5:colcon.colcon_core.verb:set package 'robot_control' build argument 'cmake_force_configure' from command line to 'False'
[0.144s] Level 5:colcon.colcon_core.verb:set package 'robot_control' build argument 'ament_cmake_args' from command line to 'None'
[0.144s] Level 5:colcon.colcon_core.verb:set package 'robot_control' build argument 'catkin_cmake_args' from command line to 'None'
[0.144s] Level 5:colcon.colcon_core.verb:set package 'robot_control' build argument 'catkin_skip_building_tests' from command line to 'False'
[0.144s] DEBUG:colcon.colcon_core.verb:Building package 'robot_control' with the following arguments: {'ament_cmake_args': None, 'build_base': '/home/ascachetti/Documents/trekking_ws/build/robot_control', 'catkin_cmake_args': None, 'catkin_skip_building_tests': False, 'cmake_args': None, 'cmake_clean_cache': False, 'cmake_clean_first': False, 'cmake_force_configure': False, 'cmake_target': None, 'cmake_target_skip_unavailable': False, 'install_base': '/home/ascachetti/Documents/trekking_ws/install/robot_control', 'merge_install': False, 'path': '/home/ascachetti/Documents/trekking_ws/src/robot_control', 'symlink_install': False, 'test_result_base': None}
[0.144s] Level 5:colcon.colcon_core.verb:set package 'robot_core' build argument 'cmake_args' from command line to 'None'
[0.144s] Level 5:colcon.colcon_core.verb:set package 'robot_core' build argument 'cmake_target' from command line to 'None'
[0.144s] Level 5:colcon.colcon_core.verb:set package 'robot_core' build argument 'cmake_target_skip_unavailable' from command line to 'False'
[0.144s] Level 5:colcon.colcon_core.verb:set package 'robot_core' build argument 'cmake_clean_cache' from command line to 'False'
[0.144s] Level 5:colcon.colcon_core.verb:set package 'robot_core' build argument 'cmake_clean_first' from command line to 'False'
[0.144s] Level 5:colcon.colcon_core.verb:set package 'robot_core' build argument 'cmake_force_configure' from command line to 'False'
[0.144s] Level 5:colcon.colcon_core.verb:set package 'robot_core' build argument 'ament_cmake_args' from command line to 'None'
[0.144s] Level 5:colcon.colcon_core.verb:set package 'robot_core' build argument 'catkin_cmake_args' from command line to 'None'
[0.144s] Level 5:colcon.colcon_core.verb:set package 'robot_core' build argument 'catkin_skip_building_tests' from command line to 'False'
[0.144s] DEBUG:colcon.colcon_core.verb:Building package 'robot_core' with the following arguments: {'ament_cmake_args': None, 'build_base': '/home/ascachetti/Documents/trekking_ws/build/robot_core', 'catkin_cmake_args': None, 'catkin_skip_building_tests': False, 'cmake_args': None, 'cmake_clean_cache': False, 'cmake_clean_first': False, 'cmake_force_configure': False, 'cmake_target': None, 'cmake_target_skip_unavailable': False, 'install_base': '/home/ascachetti/Documents/trekking_ws/install/robot_core', 'merge_install': False, 'path': '/home/ascachetti/Documents/trekking_ws/src/robot_core', 'symlink_install': False, 'test_result_base': None}
[0.144s] Level 5:colcon.colcon_core.verb:set package 'robot_description' build argument 'cmake_args' from command line to 'None'
[0.144s] Level 5:colcon.colcon_core.verb:set package 'robot_description' build argument 'cmake_target' from command line to 'None'
[0.144s] Level 5:colcon.colcon_core.verb:set package 'robot_description' build argument 'cmake_target_skip_unavailable' from command line to 'False'
[0.144s] Level 5:colcon.colcon_core.verb:set package 'robot_description' build argument 'cmake_clean_cache' from command line to 'False'
[0.144s] Level 5:colcon.colcon_core.verb:set package 'robot_description' build argument 'cmake_clean_first' from command line to 'False'
[0.144s] Level 5:colcon.colcon_core.verb:set package 'robot_description' build argument 'cmake_force_configure' from command line to 'False'
[0.144s] Level 5:colcon.colcon_core.verb:set package 'robot_description' build argument 'ament_cmake_args' from command line to 'None'
[0.144s] Level 5:colcon.colcon_core.verb:set package 'robot_description' build argument 'catkin_cmake_args' from command line to 'None'
[0.145s] Level 5:colcon.colcon_core.verb:set package 'robot_description' build argument 'catkin_skip_building_tests' from command line to 'False'
[0.145s] DEBUG:colcon.colcon_core.verb:Building package 'robot_description' with the following arguments: {'ament_cmake_args': None, 'build_base': '/home/ascachetti/Documents/trekking_ws/build/robot_description', 'catkin_cmake_args': None, 'catkin_skip_building_tests': False, 'cmake_args': None, 'cmake_clean_cache': False, 'cmake_clean_first': False, 'cmake_force_configure': False, 'cmake_target': None, 'cmake_target_skip_unavailable': False, 'install_base': '/home/ascachetti/Documents/trekking_ws/install/robot_description', 'merge_install': False, 'path': '/home/ascachetti/Documents/trekking_ws/src/robot_description', 'symlink_install': False, 'test_result_base': None}
[0.145s] Level 5:colcon.colcon_core.verb:set package 'robot_gazebo' build argument 'cmake_args' from command line to 'None'
[0.145s] Level 5:colcon.colcon_core.verb:set package 'robot_gazebo' build argument 'cmake_target' from command line to 'None'
[0.145s] Level 5:colcon.colcon_core.verb:set package 'robot_gazebo' build argument 'cmake_target_skip_unavailable' from command line to 'False'
[0.145s] Level 5:colcon.colcon_core.verb:set package 'robot_gazebo' build argument 'cmake_clean_cache' from command line to 'False'
[0.145s] Level 5:colcon.colcon_core.verb:set package 'robot_gazebo' build argument 'cmake_clean_first' from command line to 'False'
[0.145s] Level 5:colcon.colcon_core.verb:set package 'robot_gazebo' build argument 'cmake_force_configure' from command line to 'False'
[0.145s] Level 5:colcon.colcon_core.verb:set package 'robot_gazebo' build argument 'ament_cmake_args' from command line to 'None'
[0.145s] Level 5:colcon.colcon_core.verb:set package 'robot_gazebo' build argument 'catkin_cmake_args' from command line to 'None'
[0.145s] Level 5:colcon.colcon_core.verb:set package 'robot_gazebo' build argument 'catkin_skip_building_tests' from command line to 'False'
[0.145s] DEBUG:colcon.colcon_core.verb:Building package 'robot_gazebo' with the following arguments: {'ament_cmake_args': None, 'build_base': '/home/ascachetti/Documents/trekking_ws/build/robot_gazebo', 'catkin_cmake_args': None, 'catkin_skip_building_tests': False, 'cmake_args': None, 'cmake_clean_cache': False, 'cmake_clean_first': False, 'cmake_force_configure': False, 'cmake_target': None, 'cmake_target_skip_unavailable': False, 'install_base': '/home/ascachetti/Documents/trekking_ws/install/robot_gazebo', 'merge_install': False, 'path': '/home/ascachetti/Documents/trekking_ws/src/robot_gazebo', 'symlink_install': False, 'test_result_base': None}
[0.145s] INFO:colcon.colcon_core.executor:Executing jobs using 'parallel' executor
[0.145s] DEBUG:colcon.colcon_parallel_executor.executor.parallel:run_until_complete
[0.146s] INFO:colcon.colcon_ros.task.ament_cmake.build:Building ROS package in '/home/ascachetti/Documents/trekking_ws/src/robot_bringup' with build type 'ament_cmake'
[0.146s] INFO:colcon.colcon_cmake.task.cmake.build:Building CMake package in '/home/ascachetti/Documents/trekking_ws/src/robot_bringup'
[0.148s] INFO:colcon.colcon_core.plugin_system:Skipping extension 'colcon_core.shell.bat': Not used on non-Windows systems
[0.148s] INFO:colcon.colcon_core.shell:Skip shell extension 'powershell' for command environment: Not usable outside of PowerShell
[0.148s] DEBUG:colcon.colcon_core.shell:Skip shell extension 'dsv' for command environment
[0.153s] INFO:colcon.colcon_ros.task.ament_cmake.build:Building ROS package in '/home/ascachetti/Documents/trekking_ws/src/robot_control' with build type 'ament_cmake'
[0.153s] INFO:colcon.colcon_cmake.task.cmake.build:Building CMake package in '/home/ascachetti/Documents/trekking_ws/src/robot_control'
[0.153s] INFO:colcon.colcon_core.shell:Skip shell extension 'powershell' for command environment: Not usable outside of PowerShell
[0.153s] DEBUG:colcon.colcon_core.shell:Skip shell extension 'dsv' for command environment
[0.157s] INFO:colcon.colcon_ros.task.ament_cmake.build:Building ROS package in '/home/ascachetti/Documents/trekking_ws/src/robot_core' with build type 'ament_cmake'
[0.157s] INFO:colcon.colcon_cmake.task.cmake.build:Building CMake package in '/home/ascachetti/Documents/trekking_ws/src/robot_core'
[0.157s] INFO:colcon.colcon_core.shell:Skip shell extension 'powershell' for command environment: Not usable outside of PowerShell
[0.158s] DEBUG:colcon.colcon_core.shell:Skip shell extension 'dsv' for command environment
[0.161s] INFO:colcon.colcon_ros.task.ament_cmake.build:Building ROS package in '/home/ascachetti/Documents/trekking_ws/src/robot_description' with build type 'ament_cmake'
[0.161s] INFO:colcon.colcon_cmake.task.cmake.build:Building CMake package in '/home/ascachetti/Documents/trekking_ws/src/robot_description'
[0.161s] INFO:colcon.colcon_core.shell:Skip shell extension 'powershell' for command environment: Not usable outside of PowerShell
[0.162s] DEBUG:colcon.colcon_core.shell:Skip shell extension 'dsv' for command environment
[0.164s] INFO:colcon.colcon_ros.task.ament_cmake.build:Building ROS package in '/home/ascachetti/Documents/trekking_ws/src/robot_gazebo' with build type 'ament_cmake'
[0.164s] INFO:colcon.colcon_cmake.task.cmake.build:Building CMake package in '/home/ascachetti/Documents/trekking_ws/src/robot_gazebo'
[0.164s] INFO:colcon.colcon_core.shell:Skip shell extension 'powershell' for command environment: Not usable outside of PowerShell
[0.164s] DEBUG:colcon.colcon_core.shell:Skip shell extension 'dsv' for command environment
[0.170s] DEBUG:colcon.colcon_core.event_handler.log_command:Invoking command in '/home/ascachetti/Documents/trekking_ws/build/robot_bringup': CMAKE_PREFIX_PATH=${CMAKE_PREFIX_PATH}:/opt/ros/jazzy DEBUGINFOD_URLS=https://debuginfod.ubuntu.com VIRTUAL_ENV_PROMPT=(yolo_env) /usr/bin/cmake --build /home/ascachetti/Documents/trekking_ws/build/robot_bringup -- -j12 -l12
[0.172s] DEBUG:colcon.colcon_core.event_handler.log_command:Invoking command in '/home/ascachetti/Documents/trekking_ws/build/robot_control': CMAKE_PREFIX_PATH=${CMAKE_PREFIX_PATH}:/opt/ros/jazzy DEBUGINFOD_URLS=https://debuginfod.ubuntu.com VIRTUAL_ENV_PROMPT=(yolo_env) /usr/bin/cmake --build /home/ascachetti/Documents/trekking_ws/build/robot_control -- -j12 -l12
[0.175s] DEBUG:colcon.colcon_core.event_handler.log_command:Invoking command in '/home/ascachetti/Documents/trekking_ws/build/robot_core': CMAKE_PREFIX_PATH=${CMAKE_PREFIX_PATH}:/opt/ros/jazzy DEBUGINFOD_URLS=https://debuginfod.ubuntu.com VIRTUAL_ENV_PROMPT=(yolo_env) /usr/bin/cmake --build /home/ascachetti/Documents/trekking_ws/build/robot_core -- -j12 -l12
[0.178s] DEBUG:colcon.colcon_core.event_handler.log_command:Invoking command in '/home/ascachetti/Documents/trekking_ws/build/robot_description': CMAKE_PREFIX_PATH=${CMAKE_PREFIX_PATH}:/opt/ros/jazzy DEBUGINFOD_URLS=https://debuginfod.ubuntu.com VIRTUAL_ENV_PROMPT=(yolo_env) /usr/bin/cmake --build /home/ascachetti/Documents/trekking_ws/build/robot_description -- -j12 -l12
[0.185s] DEBUG:colcon.colcon_core.event_handler.log_command:Invoking command in '/home/ascachetti/Documents/trekking_ws/build/robot_gazebo': CMAKE_PREFIX_PATH=${CMAKE_PREFIX_PATH}:/opt/ros/jazzy DEBUGINFOD_URLS=https://debuginfod.ubuntu.com VIRTUAL_ENV_PROMPT=(yolo_env) /usr/bin/cmake --build /home/ascachetti/Documents/trekking_ws/build/robot_gazebo -- -j12 -l12
[0.200s] DEBUG:colcon.colcon_core.event_handler.log_command:Invoked command in '/home/ascachetti/Documents/trekking_ws/build/robot_bringup' returned '0': CMAKE_PREFIX_PATH=${CMAKE_PREFIX_PATH}:/opt/ros/jazzy DEBUGINFOD_URLS=https://debuginfod.ubuntu.com VIRTUAL_ENV_PROMPT=(yolo_env) /usr/bin/cmake --build /home/ascachetti/Documents/trekking_ws/build/robot_bringup -- -j12 -l12
[0.210s] DEBUG:colcon.colcon_core.event_handler.log_command:Invoking command in '/home/ascachetti/Documents/trekking_ws/build/robot_bringup': CMAKE_PREFIX_PATH=${CMAKE_PREFIX_PATH}:/opt/ros/jazzy DEBUGINFOD_URLS=https://debuginfod.ubuntu.com VIRTUAL_ENV_PROMPT=(yolo_env) /usr/bin/cmake --install /home/ascachetti/Documents/trekking_ws/build/robot_bringup
[0.211s] DEBUG:colcon.colcon_core.event_handler.log_command:Invoked command in '/home/ascachetti/Documents/trekking_ws/build/robot_description' returned '0': CMAKE_PREFIX_PATH=${CMAKE_PREFIX_PATH}:/opt/ros/jazzy DEBUGINFOD_URLS=https://debuginfod.ubuntu.com VIRTUAL_ENV_PROMPT=(yolo_env) /usr/bin/cmake --build /home/ascachetti/Documents/trekking_ws/build/robot_description -- -j12 -l12
[0.213s] DEBUG:colcon.colcon_core.event_handler.log_command:Invoking command in '/home/ascachetti/Documents/trekking_ws/build/robot_description': CMAKE_PREFIX_PATH=${CMAKE_PREFIX_PATH}:/opt/ros/jazzy DEBUGINFOD_URLS=https://debuginfod.ubuntu.com VIRTUAL_ENV_PROMPT=(yolo_env) /usr/bin/cmake --install /home/ascachetti/Documents/trekking_ws/build/robot_description
[0.214s] DEBUG:colcon.colcon_core.event_handler.log_command:Invoked command in '/home/ascachetti/Documents/trekking_ws/build/robot_core' returned '0': CMAKE_PREFIX_PATH=${CMAKE_PREFIX_PATH}:/opt/ros/jazzy DEBUGINFOD_URLS=https://debuginfod.ubuntu.com VIRTUAL_ENV_PROMPT=(yolo_env) /usr/bin/cmake --build /home/ascachetti/Documents/trekking_ws/build/robot_core -- -j12 -l12
[0.215s] DEBUG:colcon.colcon_core.event_handler.log_command:Invoking command in '/home/ascachetti/Documents/trekking_ws/build/robot_core': CMAKE_PREFIX_PATH=${CMAKE_PREFIX_PATH}:/opt/ros/jazzy DEBUGINFOD_URLS=https://debuginfod.ubuntu.com VIRTUAL_ENV_PROMPT=(yolo_env) /usr/bin/cmake --install /home/ascachetti/Documents/trekking_ws/build/robot_core
[0.220s] Level 1:colcon.colcon_core.environment:create_environment_scripts_only(robot_bringup)
[0.221s] DEBUG:colcon.colcon_core.event_handler.log_command:Invoked command in '/home/ascachetti/Documents/trekking_ws/build/robot_control' returned '0': CMAKE_PREFIX_PATH=${CMAKE_PREFIX_PATH}:/opt/ros/jazzy DEBUGINFOD_URLS=https://debuginfod.ubuntu.com VIRTUAL_ENV_PROMPT=(yolo_env) /usr/bin/cmake --build /home/ascachetti/Documents/trekking_ws/build/robot_control -- -j12 -l12
[0.222s] DEBUG:colcon.colcon_core.event_handler.log_command:Invoking command in '/home/ascachetti/Documents/trekking_ws/build/robot_control': CMAKE_PREFIX_PATH=${CMAKE_PREFIX_PATH}:/opt/ros/jazzy DEBUGINFOD_URLS=https://debuginfod.ubuntu.com VIRTUAL_ENV_PROMPT=(yolo_env) /usr/bin/cmake --install /home/ascachetti/Documents/trekking_ws/build/robot_control
[0.223s] Level 1:colcon.colcon_core.environment:checking '/home/ascachetti/Documents/trekking_ws/install/robot_bringup' for CMake module files
[0.224s] Level 1:colcon.colcon_core.environment:checking '/home/ascachetti/Documents/trekking_ws/install/robot_bringup' for CMake config files
[0.225s] Level 1:colcon.colcon_core.shell:create_environment_hook('robot_bringup', 'cmake_prefix_path')
[0.225s] INFO:colcon.colcon_core.shell:Creating environment hook '/home/ascachetti/Documents/trekking_ws/install/robot_bringup/share/robot_bringup/hook/cmake_prefix_path.ps1'
[0.226s] INFO:colcon.colcon_core.shell:Creating environment descriptor '/home/ascachetti/Documents/trekking_ws/install/robot_bringup/share/robot_bringup/hook/cmake_prefix_path.dsv'
[0.226s] DEBUG:colcon.colcon_core.event_handler.log_command:Invoked command in '/home/ascachetti/Documents/trekking_ws/build/robot_bringup' returned '0': CMAKE_PREFIX_PATH=${CMAKE_PREFIX_PATH}:/opt/ros/jazzy DEBUGINFOD_URLS=https://debuginfod.ubuntu.com VIRTUAL_ENV_PROMPT=(yolo_env) /usr/bin/cmake --install /home/ascachetti/Documents/trekking_ws/build/robot_bringup
[0.226s] INFO:colcon.colcon_core.shell:Creating environment hook '/home/ascachetti/Documents/trekking_ws/install/robot_bringup/share/robot_bringup/hook/cmake_prefix_path.sh'
[0.228s] Level 1:colcon.colcon_core.environment:checking '/home/ascachetti/Documents/trekking_ws/install/robot_bringup/bin'
[0.228s] Level 1:colcon.colcon_core.environment:checking '/home/ascachetti/Documents/trekking_ws/install/robot_bringup/lib/pkgconfig/robot_bringup.pc'
[0.228s] Level 1:colcon.colcon_core.environment:checking '/home/ascachetti/Documents/trekking_ws/install/robot_bringup/lib/python3.12/site-packages'
[0.228s] Level 1:colcon.colcon_core.environment:checking '/home/ascachetti/Documents/trekking_ws/install/robot_bringup/bin'
[0.228s] INFO:colcon.colcon_core.shell:Creating package script '/home/ascachetti/Documents/trekking_ws/install/robot_bringup/share/robot_bringup/package.ps1'
[0.229s] INFO:colcon.colcon_core.shell:Creating package descriptor '/home/ascachetti/Documents/trekking_ws/install/robot_bringup/share/robot_bringup/package.dsv'
[0.229s] INFO:colcon.colcon_core.shell:Creating package script '/home/ascachetti/Documents/trekking_ws/install/robot_bringup/share/robot_bringup/package.sh'
[0.230s] INFO:colcon.colcon_core.shell:Creating package script '/home/ascachetti/Documents/trekking_ws/install/robot_bringup/share/robot_bringup/package.bash'
[0.230s] INFO:colcon.colcon_core.shell:Creating package script '/home/ascachetti/Documents/trekking_ws/install/robot_bringup/share/robot_bringup/package.zsh'
[0.231s] Level 1:colcon.colcon_core.environment:create_file_with_runtime_dependencies(/home/ascachetti/Documents/trekking_ws/install/robot_bringup/share/colcon-core/packages/robot_bringup)
[0.231s] Level 1:colcon.colcon_core.environment:create_environment_scripts_only(robot_bringup)
[0.231s] Level 1:colcon.colcon_core.environment:checking '/home/ascachetti/Documents/trekking_ws/install/robot_bringup' for CMake module files
[0.232s] Level 1:colcon.colcon_core.environment:checking '/home/ascachetti/Documents/trekking_ws/install/robot_bringup' for CMake config files
[0.233s] Level 1:colcon.colcon_core.shell:create_environment_hook('robot_bringup', 'cmake_prefix_path')
[0.233s] INFO:colcon.colcon_core.shell:Creating environment hook '/home/ascachetti/Documents/trekking_ws/install/robot_bringup/share/robot_bringup/hook/cmake_prefix_path.ps1'
[0.234s] INFO:colcon.colcon_core.shell:Creating environment descriptor '/home/ascachetti/Documents/trekking_ws/install/robot_bringup/share/robot_bringup/hook/cmake_prefix_path.dsv'
[0.234s] INFO:colcon.colcon_core.shell:Creating environment hook '/home/ascachetti/Documents/trekking_ws/install/robot_bringup/share/robot_bringup/hook/cmake_prefix_path.sh'
[0.234s] Level 1:colcon.colcon_core.environment:checking '/home/ascachetti/Documents/trekking_ws/install/robot_bringup/bin'
[0.234s] Level 1:colcon.colcon_core.environment:checking '/home/ascachetti/Documents/trekking_ws/install/robot_bringup/lib/pkgconfig/robot_bringup.pc'
[0.235s] Level 1:colcon.colcon_core.environment:checking '/home/ascachetti/Documents/trekking_ws/install/robot_bringup/lib/python3.12/site-packages'
[0.235s] Level 1:colcon.colcon_core.environment:checking '/home/ascachetti/Documents/trekking_ws/install/robot_bringup/bin'
[0.235s] INFO:colcon.colcon_core.shell:Creating package script '/home/ascachetti/Documents/trekking_ws/install/robot_bringup/share/robot_bringup/package.ps1'
[0.235s] INFO:colcon.colcon_core.shell:Creating package descriptor '/home/ascachetti/Documents/trekking_ws/install/robot_bringup/share/robot_bringup/package.dsv'
[0.236s] INFO:colcon.colcon_core.shell:Creating package script '/home/ascachetti/Documents/trekking_ws/install/robot_bringup/share/robot_bringup/package.sh'
[0.236s] INFO:colcon.colcon_core.shell:Creating package script '/home/ascachetti/Documents/trekking_ws/install/robot_bringup/share/robot_bringup/package.bash'
[0.236s] INFO:colcon.colcon_core.shell:Creating package script '/home/ascachetti/Documents/trekking_ws/install/robot_bringup/share/robot_bringup/package.zsh'
[0.236s] Level 1:colcon.colcon_core.environment:create_file_with_runtime_dependencies(/home/ascachetti/Documents/trekking_ws/install/robot_bringup/share/colcon-core/packages/robot_bringup)
[0.237s] Level 1:colcon.colcon_core.environment:create_environment_scripts_only(robot_description)
[0.237s] Level 1:colcon.colcon_core.environment:checking '/home/ascachetti/Documents/trekking_ws/install/robot_description' for CMake module files
[0.238s] Level 1:colcon.colcon_core.environment:checking '/home/ascachetti/Documents/trekking_ws/install/robot_description' for CMake config files
[0.238s] DEBUG:colcon.colcon_core.event_handler.log_command:Invoked command in '/home/ascachetti/Documents/trekking_ws/build/robot_description' returned '0': CMAKE_PREFIX_PATH=${CMAKE_PREFIX_PATH}:/opt/ros/jazzy DEBUGINFOD_URLS=https://debuginfod.ubuntu.com VIRTUAL_ENV_PROMPT=(yolo_env) /usr/bin/cmake --install /home/ascachetti/Documents/trekking_ws/build/robot_description
[0.238s] Level 1:colcon.colcon_core.shell:create_environment_hook('robot_description', 'cmake_prefix_path')
[0.238s] INFO:colcon.colcon_core.shell:Creating environment hook '/home/ascachetti/Documents/trekking_ws/install/robot_description/share/robot_description/hook/cmake_prefix_path.ps1'
[0.239s] INFO:colcon.colcon_core.shell:Creating environment descriptor '/home/ascachetti/Documents/trekking_ws/install/robot_description/share/robot_description/hook/cmake_prefix_path.dsv'
[0.239s] INFO:colcon.colcon_core.shell:Creating environment hook '/home/ascachetti/Documents/trekking_ws/install/robot_description/share/robot_description/hook/cmake_prefix_path.sh'
[0.239s] Level 1:colcon.colcon_core.environment:checking '/home/ascachetti/Documents/trekking_ws/install/robot_description/bin'
[0.239s] Level 1:colcon.colcon_core.environment:checking '/home/ascachetti/Documents/trekking_ws/install/robot_description/lib/pkgconfig/robot_description.pc'
[0.239s] Level 1:colcon.colcon_core.environment:checking '/home/ascachetti/Documents/trekking_ws/install/robot_description/lib/python3.12/site-packages'
[0.240s] Level 1:colcon.colcon_core.environment:checking '/home/ascachetti/Documents/trekking_ws/install/robot_description/bin'
[0.240s] INFO:colcon.colcon_core.shell:Creating package script '/home/ascachetti/Documents/trekking_ws/install/robot_description/share/robot_description/package.ps1'
[0.240s] INFO:colcon.colcon_core.shell:Creating package descriptor '/home/ascachetti/Documents/trekking_ws/install/robot_description/share/robot_description/package.dsv'
[0.241s] INFO:colcon.colcon_core.shell:Creating package script '/home/ascachetti/Documents/trekking_ws/install/robot_description/share/robot_description/package.sh'
[0.241s] INFO:colcon.colcon_core.shell:Creating package script '/home/ascachetti/Documents/trekking_ws/install/robot_description/share/robot_description/package.bash'
[0.241s] INFO:colcon.colcon_core.shell:Creating package script '/home/ascachetti/Documents/trekking_ws/install/robot_description/share/robot_description/package.zsh'
[0.241s] Level 1:colcon.colcon_core.environment:create_file_with_runtime_dependencies(/home/ascachetti/Documents/trekking_ws/install/robot_description/share/colcon-core/packages/robot_description)
[0.241s] Level 1:colcon.colcon_core.environment:create_environment_scripts_only(robot_description)
[0.242s] Level 1:colcon.colcon_core.environment:checking '/home/ascachetti/Documents/trekking_ws/install/robot_description' for CMake module files
[0.242s] Level 1:colcon.colcon_core.environment:checking '/home/ascachetti/Documents/trekking_ws/install/robot_description' for CMake config files
[0.242s] Level 1:colcon.colcon_core.shell:create_environment_hook('robot_description', 'cmake_prefix_path')
[0.242s] INFO:colcon.colcon_core.shell:Creating environment hook '/home/ascachetti/Documents/trekking_ws/install/robot_description/share/robot_description/hook/cmake_prefix_path.ps1'
[0.242s] INFO:colcon.colcon_core.shell:Creating environment descriptor '/home/ascachetti/Documents/trekking_ws/install/robot_description/share/robot_description/hook/cmake_prefix_path.dsv'
[0.243s] INFO:colcon.colcon_core.shell:Creating environment hook '/home/ascachetti/Documents/trekking_ws/install/robot_description/share/robot_description/hook/cmake_prefix_path.sh'
[0.243s] Level 1:colcon.colcon_core.environment:checking '/home/ascachetti/Documents/trekking_ws/install/robot_description/bin'
[0.243s] Level 1:colcon.colcon_core.environment:checking '/home/ascachetti/Documents/trekking_ws/install/robot_description/lib/pkgconfig/robot_description.pc'
[0.243s] Level 1:colcon.colcon_core.environment:checking '/home/ascachetti/Documents/trekking_ws/install/robot_description/lib/python3.12/site-packages'
[0.243s] Level 1:colcon.colcon_core.environment:checking '/home/ascachetti/Documents/trekking_ws/install/robot_description/bin'
[0.243s] INFO:colcon.colcon_core.shell:Creating package script '/home/ascachetti/Documents/trekking_ws/install/robot_description/share/robot_description/package.ps1'
[0.244s] INFO:colcon.colcon_core.shell:Creating package descriptor '/home/ascachetti/Documents/trekking_ws/install/robot_description/share/robot_description/package.dsv'
[0.244s] INFO:colcon.colcon_core.shell:Creating package script '/home/ascachetti/Documents/trekking_ws/install/robot_description/share/robot_description/package.sh'
[0.244s] INFO:colcon.colcon_core.shell:Creating package script '/home/ascachetti/Documents/trekking_ws/install/robot_description/share/robot_description/package.bash'
[0.244s] INFO:colcon.colcon_core.shell:Creating package script '/home/ascachetti/Documents/trekking_ws/install/robot_description/share/robot_description/package.zsh'
[0.245s] Level 1:colcon.colcon_core.environment:create_file_with_runtime_dependencies(/home/ascachetti/Documents/trekking_ws/install/robot_description/share/colcon-core/packages/robot_description)
[0.245s] Level 1:colcon.colcon_core.environment:create_environment_scripts_only(robot_core)
[0.245s] Level 1:colcon.colcon_core.environment:checking '/home/ascachetti/Documents/trekking_ws/install/robot_core' for CMake module files
[0.246s] Level 1:colcon.colcon_core.environment:checking '/home/ascachetti/Documents/trekking_ws/install/robot_core' for CMake config files
[0.246s] DEBUG:colcon.colcon_core.event_handler.log_command:Invoked command in '/home/ascachetti/Documents/trekking_ws/build/robot_core' returned '0': CMAKE_PREFIX_PATH=${CMAKE_PREFIX_PATH}:/opt/ros/jazzy DEBUGINFOD_URLS=https://debuginfod.ubuntu.com VIRTUAL_ENV_PROMPT=(yolo_env) /usr/bin/cmake --install /home/ascachetti/Documents/trekking_ws/build/robot_core
[0.246s] Level 1:colcon.colcon_core.shell:create_environment_hook('robot_core', 'cmake_prefix_path')
[0.246s] INFO:colcon.colcon_core.shell:Creating environment hook '/home/ascachetti/Documents/trekking_ws/install/robot_core/share/robot_core/hook/cmake_prefix_path.ps1'
[0.246s] INFO:colcon.colcon_core.shell:Creating environment descriptor '/home/ascachetti/Documents/trekking_ws/install/robot_core/share/robot_core/hook/cmake_prefix_path.dsv'
[0.246s] INFO:colcon.colcon_core.shell:Creating environment hook '/home/ascachetti/Documents/trekking_ws/install/robot_core/share/robot_core/hook/cmake_prefix_path.sh'
[0.247s] Level 1:colcon.colcon_core.environment:checking '/home/ascachetti/Documents/trekking_ws/install/robot_core/bin'
[0.247s] Level 1:colcon.colcon_core.environment:checking '/home/ascachetti/Documents/trekking_ws/install/robot_core/lib/pkgconfig/robot_core.pc'
[0.247s] Level 1:colcon.colcon_core.environment:checking '/home/ascachetti/Documents/trekking_ws/install/robot_core/lib/python3.12/site-packages'
[0.247s] Level 1:colcon.colcon_core.environment:checking '/home/ascachetti/Documents/trekking_ws/install/robot_core/bin'
[0.247s] INFO:colcon.colcon_core.shell:Creating package script '/home/ascachetti/Documents/trekking_ws/install/robot_core/share/robot_core/package.ps1'
[0.248s] INFO:colcon.colcon_core.shell:Creating package descriptor '/home/ascachetti/Documents/trekking_ws/install/robot_core/share/robot_core/package.dsv'
[0.248s] INFO:colcon.colcon_core.shell:Creating package script '/home/ascachetti/Documents/trekking_ws/install/robot_core/share/robot_core/package.sh'
[0.248s] INFO:colcon.colcon_core.shell:Creating package script '/home/ascachetti/Documents/trekking_ws/install/robot_core/share/robot_core/package.bash'
[0.248s] INFO:colcon.colcon_core.shell:Creating package script '/home/ascachetti/Documents/trekking_ws/install/robot_core/share/robot_core/package.zsh'
[0.249s] Level 1:colcon.colcon_core.environment:create_file_with_runtime_dependencies(/home/ascachetti/Documents/trekking_ws/install/robot_core/share/colcon-core/packages/robot_core)
[0.249s] Level 1:colcon.colcon_core.environment:create_environment_scripts_only(robot_core)
[0.249s] Level 1:colcon.colcon_core.environment:checking '/home/ascachetti/Documents/trekking_ws/install/robot_core' for CMake module files
[0.249s] Level 1:colcon.colcon_core.environment:checking '/home/ascachetti/Documents/trekking_ws/install/robot_core' for CMake config files
[0.250s] Level 1:colcon.colcon_core.shell:create_environment_hook('robot_core', 'cmake_prefix_path')
[0.250s] INFO:colcon.colcon_core.shell:Creating environment hook '/home/ascachetti/Documents/trekking_ws/install/robot_core/share/robot_core/hook/cmake_prefix_path.ps1'
[0.250s] INFO:colcon.colcon_core.shell:Creating environment descriptor '/home/ascachetti/Documents/trekking_ws/install/robot_core/share/robot_core/hook/cmake_prefix_path.dsv'
[0.250s] INFO:colcon.colcon_core.shell:Creating environment hook '/home/ascachetti/Documents/trekking_ws/install/robot_core/share/robot_core/hook/cmake_prefix_path.sh'
[0.250s] Level 1:colcon.colcon_core.environment:checking '/home/ascachetti/Documents/trekking_ws/install/robot_core/bin'
[0.251s] Level 1:colcon.colcon_core.environment:checking '/home/ascachetti/Documents/trekking_ws/install/robot_core/lib/pkgconfig/robot_core.pc'
[0.251s] Level 1:colcon.colcon_core.environment:checking '/home/ascachetti/Documents/trekking_ws/install/robot_core/lib/python3.12/site-packages'
[0.251s] Level 1:colcon.colcon_core.environment:checking '/home/ascachetti/Documents/trekking_ws/install/robot_core/bin'
[0.251s] INFO:colcon.colcon_core.shell:Creating package script '/home/ascachetti/Documents/trekking_ws/install/robot_core/share/robot_core/package.ps1'
[0.251s] INFO:colcon.colcon_core.shell:Creating package descriptor '/home/ascachetti/Documents/trekking_ws/install/robot_core/share/robot_core/package.dsv'
[0.252s] INFO:colcon.colcon_core.shell:Creating package script '/home/ascachetti/Documents/trekking_ws/install/robot_core/share/robot_core/package.sh'
[0.252s] INFO:colcon.colcon_core.shell:Creating package script '/home/ascachetti/Documents/trekking_ws/install/robot_core/share/robot_core/package.bash'
[0.252s] INFO:colcon.colcon_core.shell:Creating package script '/home/ascachetti/Documents/trekking_ws/install/robot_core/share/robot_core/package.zsh'
[0.253s] Level 1:colcon.colcon_core.environment:create_file_with_runtime_dependencies(/home/ascachetti/Documents/trekking_ws/install/robot_core/share/colcon-core/packages/robot_core)
[0.253s] Level 1:colcon.colcon_core.environment:create_environment_scripts_only(robot_control)
[0.253s] Level 1:colcon.colcon_core.environment:checking '/home/ascachetti/Documents/trekking_ws/install/robot_control' for CMake module files
[0.254s] Level 1:colcon.colcon_core.environment:checking '/home/ascachetti/Documents/trekking_ws/install/robot_control' for CMake config files
[0.254s] DEBUG:colcon.colcon_core.event_handler.log_command:Invoked command in '/home/ascachetti/Documents/trekking_ws/build/robot_control' returned '0': CMAKE_PREFIX_PATH=${CMAKE_PREFIX_PATH}:/opt/ros/jazzy DEBUGINFOD_URLS=https://debuginfod.ubuntu.com VIRTUAL_ENV_PROMPT=(yolo_env) /usr/bin/cmake --install /home/ascachetti/Documents/trekking_ws/build/robot_control
[0.254s] Level 1:colcon.colcon_core.shell:create_environment_hook('robot_control', 'cmake_prefix_path')
[0.254s] INFO:colcon.colcon_core.shell:Creating environment hook '/home/ascachetti/Documents/trekking_ws/install/robot_control/share/robot_control/hook/cmake_prefix_path.ps1'
[0.255s] INFO:colcon.colcon_core.shell:Creating environment descriptor '/home/ascachetti/Documents/trekking_ws/install/robot_control/share/robot_control/hook/cmake_prefix_path.dsv'
[0.255s] INFO:colcon.colcon_core.shell:Creating environment hook '/home/ascachetti/Documents/trekking_ws/install/robot_control/share/robot_control/hook/cmake_prefix_path.sh'
[0.255s] Level 1:colcon.colcon_core.environment:checking '/home/ascachetti/Documents/trekking_ws/install/robot_control/bin'
[0.256s] Level 1:colcon.colcon_core.environment:checking '/home/ascachetti/Documents/trekking_ws/install/robot_control/lib/pkgconfig/robot_control.pc'
[0.256s] Level 1:colcon.colcon_core.environment:checking '/home/ascachetti/Documents/trekking_ws/install/robot_control/lib/python3.12/site-packages'
[0.256s] Level 1:colcon.colcon_core.environment:checking '/home/ascachetti/Documents/trekking_ws/install/robot_control/bin'
[0.256s] INFO:colcon.colcon_core.shell:Creating package script '/home/ascachetti/Documents/trekking_ws/install/robot_control/share/robot_control/package.ps1'
[0.257s] INFO:colcon.colcon_core.shell:Creating package descriptor '/home/ascachetti/Documents/trekking_ws/install/robot_control/share/robot_control/package.dsv'
[0.257s] INFO:colcon.colcon_core.shell:Creating package script '/home/ascachetti/Documents/trekking_ws/install/robot_control/share/robot_control/package.sh'
[0.257s] INFO:colcon.colcon_core.shell:Creating package script '/home/ascachetti/Documents/trekking_ws/install/robot_control/share/robot_control/package.bash'
[0.257s] INFO:colcon.colcon_core.shell:Creating package script '/home/ascachetti/Documents/trekking_ws/install/robot_control/share/robot_control/package.zsh'
[0.257s] Level 1:colcon.colcon_core.environment:create_file_with_runtime_dependencies(/home/ascachetti/Documents/trekking_ws/install/robot_control/share/colcon-core/packages/robot_control)
[0.258s] Level 1:colcon.colcon_core.environment:create_environment_scripts_only(robot_control)
[0.258s] Level 1:colcon.colcon_core.environment:checking '/home/ascachetti/Documents/trekking_ws/install/robot_control' for CMake module files
[0.258s] Level 1:colcon.colcon_core.environment:checking '/home/ascachetti/Documents/trekking_ws/install/robot_control' for CMake config files
[0.258s] Level 1:colcon.colcon_core.shell:create_environment_hook('robot_control', 'cmake_prefix_path')
[0.259s] INFO:colcon.colcon_core.shell:Creating environment hook '/home/ascachetti/Documents/trekking_ws/install/robot_control/share/robot_control/hook/cmake_prefix_path.ps1'
[0.259s] INFO:colcon.colcon_core.shell:Creating environment descriptor '/home/ascachetti/Documents/trekking_ws/install/robot_control/share/robot_control/hook/cmake_prefix_path.dsv'
[0.259s] INFO:colcon.colcon_core.shell:Creating environment hook '/home/ascachetti/Documents/trekking_ws/install/robot_control/share/robot_control/hook/cmake_prefix_path.sh'
[0.260s] Level 1:colcon.colcon_core.environment:checking '/home/ascachetti/Documents/trekking_ws/install/robot_control/bin'
[0.260s] Level 1:colcon.colcon_core.environment:checking '/home/ascachetti/Documents/trekking_ws/install/robot_control/lib/pkgconfig/robot_control.pc'
[0.260s] Level 1:colcon.colcon_core.environment:checking '/home/ascachetti/Documents/trekking_ws/install/robot_control/lib/python3.12/site-packages'
[0.260s] Level 1:colcon.colcon_core.environment:checking '/home/ascachetti/Documents/trekking_ws/install/robot_control/bin'
[0.260s] INFO:colcon.colcon_core.shell:Creating package script '/home/ascachetti/Documents/trekking_ws/install/robot_control/share/robot_control/package.ps1'
[0.261s] INFO:colcon.colcon_core.shell:Creating package descriptor '/home/ascachetti/Documents/trekking_ws/install/robot_control/share/robot_control/package.dsv'
[0.261s] INFO:colcon.colcon_core.shell:Creating package script '/home/ascachetti/Documents/trekking_ws/install/robot_control/share/robot_control/package.sh'
[0.261s] INFO:colcon.colcon_core.shell:Creating package script '/home/ascachetti/Documents/trekking_ws/install/robot_control/share/robot_control/package.bash'
[0.261s] INFO:colcon.colcon_core.shell:Creating package script '/home/ascachetti/Documents/trekking_ws/install/robot_control/share/robot_control/package.zsh'
[0.262s] Level 1:colcon.colcon_core.environment:create_file_with_runtime_dependencies(/home/ascachetti/Documents/trekking_ws/install/robot_control/share/colcon-core/packages/robot_control)
[1.526s] DEBUG:colcon.colcon_core.event_handler.log_command:Invoked command in '/home/ascachetti/Documents/trekking_ws/build/robot_gazebo' returned '0': CMAKE_PREFIX_PATH=${CMAKE_PREFIX_PATH}:/opt/ros/jazzy DEBUGINFOD_URLS=https://debuginfod.ubuntu.com VIRTUAL_ENV_PROMPT=(yolo_env) /usr/bin/cmake --build /home/ascachetti/Documents/trekking_ws/build/robot_gazebo -- -j12 -l12
[1.527s] DEBUG:colcon.colcon_core.event_handler.log_command:Invoking command in '/home/ascachetti/Documents/trekking_ws/build/robot_gazebo': CMAKE_PREFIX_PATH=${CMAKE_PREFIX_PATH}:/opt/ros/jazzy DEBUGINFOD_URLS=https://debuginfod.ubuntu.com VIRTUAL_ENV_PROMPT=(yolo_env) /usr/bin/cmake --install /home/ascachetti/Documents/trekking_ws/build/robot_gazebo
[1.547s] Level 1:colcon.colcon_core.environment:create_environment_scripts_only(robot_gazebo)
[1.547s] Level 1:colcon.colcon_core.environment:checking '/home/ascachetti/Documents/trekking_ws/install/robot_gazebo' for CMake module files
[1.547s] DEBUG:colcon.colcon_core.event_handler.log_command:Invoked command in '/home/ascachetti/Documents/trekking_ws/build/robot_gazebo' returned '0': CMAKE_PREFIX_PATH=${CMAKE_PREFIX_PATH}:/opt/ros/jazzy DEBUGINFOD_URLS=https://debuginfod.ubuntu.com VIRTUAL_ENV_PROMPT=(yolo_env) /usr/bin/cmake --install /home/ascachetti/Documents/trekking_ws/build/robot_gazebo
[1.548s] Level 1:colcon.colcon_core.environment:checking '/home/ascachetti/Documents/trekking_ws/install/robot_gazebo' for CMake config files
[1.548s] Level 1:colcon.colcon_core.shell:create_environment_hook('robot_gazebo', 'cmake_prefix_path')
[1.548s] INFO:colcon.colcon_core.shell:Creating environment hook '/home/ascachetti/Documents/trekking_ws/install/robot_gazebo/share/robot_gazebo/hook/cmake_prefix_path.ps1'
[1.548s] INFO:colcon.colcon_core.shell:Creating environment descriptor '/home/ascachetti/Documents/trekking_ws/install/robot_gazebo/share/robot_gazebo/hook/cmake_prefix_path.dsv'
[1.549s] INFO:colcon.colcon_core.shell:Creating environment hook '/home/ascachetti/Documents/trekking_ws/install/robot_gazebo/share/robot_gazebo/hook/cmake_prefix_path.sh'
[1.549s] Level 1:colcon.colcon_core.environment:checking '/home/ascachetti/Documents/trekking_ws/install/robot_gazebo/bin'
[1.549s] Level 1:colcon.colcon_core.environment:checking '/home/ascachetti/Documents/trekking_ws/install/robot_gazebo/lib/pkgconfig/robot_gazebo.pc'
[1.549s] Level 1:colcon.colcon_core.environment:checking '/home/ascachetti/Documents/trekking_ws/install/robot_gazebo/lib/python3.12/site-packages'
[1.549s] Level 1:colcon.colcon_core.environment:checking '/home/ascachetti/Documents/trekking_ws/install/robot_gazebo/bin'
[1.550s] INFO:colcon.colcon_core.shell:Creating package script '/home/ascachetti/Documents/trekking_ws/install/robot_gazebo/share/robot_gazebo/package.ps1'
[1.550s] INFO:colcon.colcon_core.shell:Creating package descriptor '/home/ascachetti/Documents/trekking_ws/install/robot_gazebo/share/robot_gazebo/package.dsv'
[1.550s] INFO:colcon.colcon_core.shell:Creating package script '/home/ascachetti/Documents/trekking_ws/install/robot_gazebo/share/robot_gazebo/package.sh'
[1.550s] INFO:colcon.colcon_core.shell:Creating package script '/home/ascachetti/Documents/trekking_ws/install/robot_gazebo/share/robot_gazebo/package.bash'
[1.550s] INFO:colcon.colcon_core.shell:Creating package script '/home/ascachetti/Documents/trekking_ws/install/robot_gazebo/share/robot_gazebo/package.zsh'
[1.551s] Level 1:colcon.colcon_core.environment:create_file_with_runtime_dependencies(/home/ascachetti/Documents/trekking_ws/install/robot_gazebo/share/colcon-core/packages/robot_gazebo)
[1.551s] Level 1:colcon.colcon_core.environment:create_environment_scripts_only(robot_gazebo)
[1.551s] Level 1:colcon.colcon_core.environment:checking '/home/ascachetti/Documents/trekking_ws/install/robot_gazebo' for CMake module files
[1.551s] Level 1:colcon.colcon_core.environment:checking '/home/ascachetti/Documents/trekking_ws/install/robot_gazebo' for CMake config files
[1.551s] Level 1:colcon.colcon_core.shell:create_environment_hook('robot_gazebo', 'cmake_prefix_path')
[1.552s] INFO:colcon.colcon_core.shell:Creating environment hook '/home/ascachetti/Documents/trekking_ws/install/robot_gazebo/share/robot_gazebo/hook/cmake_prefix_path.ps1'
[1.552s] INFO:colcon.colcon_core.shell:Creating environment descriptor '/home/ascachetti/Documents/trekking_ws/install/robot_gazebo/share/robot_gazebo/hook/cmake_prefix_path.dsv'
[1.552s] INFO:colcon.colcon_core.shell:Creating environment hook '/home/ascachetti/Documents/trekking_ws/install/robot_gazebo/share/robot_gazebo/hook/cmake_prefix_path.sh'
[1.552s] Level 1:colcon.colcon_core.environment:checking '/home/ascachetti/Documents/trekking_ws/install/robot_gazebo/bin'
[1.552s] Level 1:colcon.colcon_core.environment:checking '/home/ascachetti/Documents/trekking_ws/install/robot_gazebo/lib/pkgconfig/robot_gazebo.pc'
[1.552s] Level 1:colcon.colcon_core.environment:checking '/home/ascachetti/Documents/trekking_ws/install/robot_gazebo/lib/python3.12/site-packages'
[1.553s] Level 1:colcon.colcon_core.environment:checking '/home/ascachetti/Documents/trekking_ws/install/robot_gazebo/bin'
[1.553s] INFO:colcon.colcon_core.shell:Creating package script '/home/ascachetti/Documents/trekking_ws/install/robot_gazebo/share/robot_gazebo/package.ps1'
[1.553s] INFO:colcon.colcon_core.shell:Creating package descriptor '/home/ascachetti/Documents/trekking_ws/install/robot_gazebo/share/robot_gazebo/package.dsv'
[1.553s] INFO:colcon.colcon_core.shell:Creating package script '/home/ascachetti/Documents/trekking_ws/install/robot_gazebo/share/robot_gazebo/package.sh'
[1.554s] INFO:colcon.colcon_core.shell:Creating package script '/home/ascachetti/Documents/trekking_ws/install/robot_gazebo/share/robot_gazebo/package.bash'
[1.554s] INFO:colcon.colcon_core.shell:Creating package script '/home/ascachetti/Documents/trekking_ws/install/robot_gazebo/share/robot_gazebo/package.zsh'
[1.554s] Level 1:colcon.colcon_core.environment:create_file_with_runtime_dependencies(/home/ascachetti/Documents/trekking_ws/install/robot_gazebo/share/colcon-core/packages/robot_gazebo)
[1.554s] DEBUG:colcon.colcon_parallel_executor.executor.parallel:closing loop
[1.554s] DEBUG:colcon.colcon_parallel_executor.executor.parallel:loop closed
[1.554s] DEBUG:colcon.colcon_parallel_executor.executor.parallel:run_until_complete finished with '0'
[1.554s] DEBUG:colcon.colcon_core.event_reactor:joining thread
[1.560s] INFO:colcon.colcon_core.plugin_system:Skipping extension 'colcon_notification.desktop_notification.terminal_notifier': Not used on non-Darwin systems
[1.560s] INFO:colcon.colcon_core.plugin_system:Skipping extension 'colcon_notification.desktop_notification.win32': Not used on non-Windows systems
[1.560s] INFO:colcon.colcon_notification.desktop_notification:Sending desktop notification using 'notify2'
[1.571s] DEBUG:colcon.colcon_core.event_reactor:joined thread
[1.571s] INFO:colcon.colcon_core.shell:Creating prefix script '/home/ascachetti/Documents/trekking_ws/install/local_setup.ps1'
[1.571s] INFO:colcon.colcon_core.shell:Creating prefix util module '/home/ascachetti/Documents/trekking_ws/install/_local_setup_util_ps1.py'
[1.572s] INFO:colcon.colcon_core.shell:Creating prefix chain script '/home/ascachetti/Documents/trekking_ws/install/setup.ps1'
[1.573s] INFO:colcon.colcon_core.shell:Creating prefix script '/home/ascachetti/Documents/trekking_ws/install/local_setup.sh'
[1.573s] INFO:colcon.colcon_core.shell:Creating prefix util module '/home/ascachetti/Documents/trekking_ws/install/_local_setup_util_sh.py'
[1.573s] INFO:colcon.colcon_core.shell:Creating prefix chain script '/home/ascachetti/Documents/trekking_ws/install/setup.sh'
[1.574s] INFO:colcon.colcon_core.shell:Creating prefix script '/home/ascachetti/Documents/trekking_ws/install/local_setup.bash'
[1.574s] INFO:colcon.colcon_core.shell:Creating prefix chain script '/home/ascachetti/Documents/trekking_ws/install/setup.bash'
[1.575s] INFO:colcon.colcon_core.shell:Creating prefix script '/home/ascachetti/Documents/trekking_ws/install/local_setup.zsh'
[1.575s] INFO:colcon.colcon_core.shell:Creating prefix chain script '/home/ascachetti/Documents/trekking_ws/install/setup.zsh'
