[0.065s] DEBUG:colcon:Command line arguments: ['/usr/bin/colcon', 'build']
[0.065s] DEBUG:colcon:Parsed command line arguments: Namespace(log_base=None, log_level=None, verb_name='build', build_base='build', install_base='install', merge_install=False, symlink_install=False, test_result_base=None, continue_on_error=False, executor='parallel', parallel_workers=12, event_handlers=None, ignore_user_meta=False, metas=['./colcon.meta'], base_paths=['.'], packages_ignore=None, packages_ignore_regex=None, paths=None, packages_up_to=None, packages_up_to_regex=None, packages_above=None, packages_above_and_dependencies=None, packages_above_depth=None, packages_select_by_dep=None, packages_skip_by_dep=None, packages_skip_up_to=None, packages_select_build_failed=False, packages_skip_build_finished=False, packages_select_test_failures=False, packages_skip_test_passed=False, packages_select=None, packages_skip=None, packages_select_regex=None, packages_skip_regex=None, packages_start=None, packages_end=None, allow_overriding=[], cmake_args=None, cmake_target=None, cmake_target_skip_unavailable=False, cmake_clean_cache=False, cmake_clean_first=False, cmake_force_configure=False, ament_cmake_args=None, catkin_cmake_args=None, catkin_skip_building_tests=False, verb_parser=<colcon_defaults.argument_parser.defaults.DefaultArgumentsDecorator object at 0x7e53b4fa00b0>, verb_extension=<colcon_core.verb.build.BuildVerb object at 0x7e53b4f7bdd0>, main=<bound method BuildVerb.main of <colcon_core.verb.build.BuildVerb object at 0x7e53b4f7bdd0>>)
[0.091s] Level 1:colcon.colcon_core.package_discovery:discover_packages(colcon_meta) check parameters
[0.091s] Level 1:colcon.colcon_core.package_discovery:discover_packages(recursive) check parameters
[0.091s] Level 1:colcon.colcon_core.package_discovery:discover_packages(ignore) check parameters
[0.091s] Level 1:colcon.colcon_core.package_discovery:discover_packages(path) check parameters
[0.091s] Level 1:colcon.colcon_core.package_discovery:discover_packages(colcon_meta) discover
[0.091s] Level 1:colcon.colcon_core.package_discovery:discover_packages(recursive) discover
[0.091s] INFO:colcon.colcon_core.package_discovery:Crawling recursively for packages in '/home/ascachetti/Documents/trekking_ws'
[0.091s] Level 1:colcon.colcon_core.package_identification:_identify(.) by extensions ['ignore', 'ignore_ament_install']
[0.091s] Level 1:colcon.colcon_core.package_identification:_identify(.) by extension 'ignore'
[0.091s] Level 1:colcon.colcon_core.package_identification:_identify(.) by extension 'ignore_ament_install'
[0.091s] Level 1:colcon.colcon_core.package_identification:_identify(.) by extensions ['colcon_pkg']
[0.092s] Level 1:colcon.colcon_core.package_identification:_identify(.) by extension 'colcon_pkg'
[0.092s] Level 1:colcon.colcon_core.package_identification:_identify(.) by extensions ['colcon_meta']
[0.092s] Level 1:colcon.colcon_core.package_identification:_identify(.) by extension 'colcon_meta'
[0.092s] Level 1:colcon.colcon_core.package_identification:_identify(.) by extensions ['ros']
[0.092s] Level 1:colcon.colcon_core.package_identification:_identify(.) by extension 'ros'
[0.110s] Level 1:colcon.colcon_core.package_identification:_identify(.) by extensions ['cmake', 'python']
[0.110s] Level 1:colcon.colcon_core.package_identification:_identify(.) by extension 'cmake'
[0.110s] Level 1:colcon.colcon_core.package_identification:_identify(.) by extension 'python'
[0.110s] Level 1:colcon.colcon_core.package_identification:_identify(.) by extensions ['python_setup_py']
[0.110s] Level 1:colcon.colcon_core.package_identification:_identify(.) by extension 'python_setup_py'
[0.110s] Level 1:colcon.colcon_core.package_identification:_identify(build) by extensions ['ignore', 'ignore_ament_install']
[0.110s] Level 1:colcon.colcon_core.package_identification:_identify(build) by extension 'ignore'
[0.110s] Level 1:colcon.colcon_core.package_identification:_identify(build) ignored
[0.110s] Level 1:colcon.colcon_core.package_identification:_identify(install) by extensions ['ignore', 'ignore_ament_install']
[0.111s] Level 1:colcon.colcon_core.package_identification:_identify(install) by extension 'ignore'
[0.111s] Level 1:colcon.colcon_core.package_identification:_identify(install) ignored
[0.111s] Level 1:colcon.colcon_core.package_identification:_identify(log) by extensions ['ignore', 'ignore_ament_install']
[0.111s] Level 1:colcon.colcon_core.package_identification:_identify(log) by extension 'ignore'
[0.111s] Level 1:colcon.colcon_core.package_identification:_identify(log) ignored
[0.111s] Level 1:colcon.colcon_core.package_identification:_identify(src) by extensions ['ignore', 'ignore_ament_install']
[0.111s] Level 1:colcon.colcon_core.package_identification:_identify(src) by extension 'ignore'
[0.111s] Level 1:colcon.colcon_core.package_identification:_identify(src) by extension 'ignore_ament_install'
[0.111s] Level 1:colcon.colcon_core.package_identification:_identify(src) by extensions ['colcon_pkg']
[0.111s] Level 1:colcon.colcon_core.package_identification:_identify(src) by extension 'colcon_pkg'
[0.111s] Level 1:colcon.colcon_core.package_identification:_identify(src) by extensions ['colcon_meta']
[0.111s] Level 1:colcon.colcon_core.package_identification:_identify(src) by extension 'colcon_meta'
[0.111s] Level 1:colcon.colcon_core.package_identification:_identify(src) by extensions ['ros']
[0.111s] Level 1:colcon.colcon_core.package_identification:_identify(src) by extension 'ros'
[0.111s] Level 1:colcon.colcon_core.package_identification:_identify(src) by extensions ['cmake', 'python']
[0.111s] Level 1:colcon.colcon_core.package_identification:_identify(src) by extension 'cmake'
[0.111s] Level 1:colcon.colcon_core.package_identification:_identify(src) by extension 'python'
[0.111s] Level 1:colcon.colcon_core.package_identification:_identify(src) by extensions ['python_setup_py']
[0.111s] Level 1:colcon.colcon_core.package_identification:_identify(src) by extension 'python_setup_py'
[0.111s] Level 1:colcon.colcon_core.package_identification:_identify(src/robot_bringup) by extensions ['ignore', 'ignore_ament_install']
[0.111s] Level 1:colcon.colcon_core.package_identification:_identify(src/robot_bringup) by extension 'ignore'
[0.111s] Level 1:colcon.colcon_core.package_identification:_identify(src/robot_bringup) by extension 'ignore_ament_install'
[0.111s] Level 1:colcon.colcon_core.package_identification:_identify(src/robot_bringup) by extensions ['colcon_pkg']
[0.111s] Level 1:colcon.colcon_core.package_identification:_identify(src/robot_bringup) by extension 'colcon_pkg'
[0.111s] Level 1:colcon.colcon_core.package_identification:_identify(src/robot_bringup) by extensions ['colcon_meta']
[0.111s] Level 1:colcon.colcon_core.package_identification:_identify(src/robot_bringup) by extension 'colcon_meta'
[0.111s] Level 1:colcon.colcon_core.package_identification:_identify(src/robot_bringup) by extensions ['ros']
[0.111s] Level 1:colcon.colcon_core.package_identification:_identify(src/robot_bringup) by extension 'ros'
[0.113s] DEBUG:colcon.colcon_core.package_identification:Package 'src/robot_bringup' with type 'ros.ament_cmake' and name 'robot_bringup'
[0.113s] Level 1:colcon.colcon_core.package_identification:_identify(src/robot_control) by extensions ['ignore', 'ignore_ament_install']
[0.113s] Level 1:colcon.colcon_core.package_identification:_identify(src/robot_control) by extension 'ignore'
[0.113s] Level 1:colcon.colcon_core.package_identification:_identify(src/robot_control) by extension 'ignore_ament_install'
[0.113s] Level 1:colcon.colcon_core.package_identification:_identify(src/robot_control) by extensions ['colcon_pkg']
[0.113s] Level 1:colcon.colcon_core.package_identification:_identify(src/robot_control) by extension 'colcon_pkg'
[0.113s] Level 1:colcon.colcon_core.package_identification:_identify(src/robot_control) by extensions ['colcon_meta']
[0.113s] Level 1:colcon.colcon_core.package_identification:_identify(src/robot_control) by extension 'colcon_meta'
[0.113s] Level 1:colcon.colcon_core.package_identification:_identify(src/robot_control) by extensions ['ros']
[0.113s] Level 1:colcon.colcon_core.package_identification:_identify(src/robot_control) by extension 'ros'
[0.113s] DEBUG:colcon.colcon_core.package_identification:Package 'src/robot_control' with type 'ros.ament_cmake' and name 'robot_control'
[0.113s] Level 1:colcon.colcon_core.package_identification:_identify(src/robot_core) by extensions ['ignore', 'ignore_ament_install']
[0.113s] Level 1:colcon.colcon_core.package_identification:_identify(src/robot_core) by extension 'ignore'
[0.114s] Level 1:colcon.colcon_core.package_identification:_identify(src/robot_core) by extension 'ignore_ament_install'
[0.114s] Level 1:colcon.colcon_core.package_identification:_identify(src/robot_core) by extensions ['colcon_pkg']
[0.114s] Level 1:colcon.colcon_core.package_identification:_identify(src/robot_core) by extension 'colcon_pkg'
[0.114s] Level 1:colcon.colcon_core.package_identification:_identify(src/robot_core) by extensions ['colcon_meta']
[0.114s] Level 1:colcon.colcon_core.package_identification:_identify(src/robot_core) by extension 'colcon_meta'
[0.114s] Level 1:colcon.colcon_core.package_identification:_identify(src/robot_core) by extensions ['ros']
[0.114s] Level 1:colcon.colcon_core.package_identification:_identify(src/robot_core) by extension 'ros'
[0.114s] DEBUG:colcon.colcon_core.package_identification:Package 'src/robot_core' with type 'ros.ament_cmake' and name 'robot_core'
[0.114s] Level 1:colcon.colcon_core.package_identification:_identify(src/robot_description) by extensions ['ignore', 'ignore_ament_install']
[0.114s] Level 1:colcon.colcon_core.package_identification:_identify(src/robot_description) by extension 'ignore'
[0.114s] Level 1:colcon.colcon_core.package_identification:_identify(src/robot_description) by extension 'ignore_ament_install'
[0.114s] Level 1:colcon.colcon_core.package_identification:_identify(src/robot_description) by extensions ['colcon_pkg']
[0.114s] Level 1:colcon.colcon_core.package_identification:_identify(src/robot_description) by extension 'colcon_pkg'
[0.114s] Level 1:colcon.colcon_core.package_identification:_identify(src/robot_description) by extensions ['colcon_meta']
[0.114s] Level 1:colcon.colcon_core.package_identification:_identify(src/robot_description) by extension 'colcon_meta'
[0.114s] Level 1:colcon.colcon_core.package_identification:_identify(src/robot_description) by extensions ['ros']
[0.114s] Level 1:colcon.colcon_core.package_identification:_identify(src/robot_description) by extension 'ros'
[0.115s] DEBUG:colcon.colcon_core.package_identification:Package 'src/robot_description' with type 'ros.ament_cmake' and name 'robot_description'
[0.115s] Level 1:colcon.colcon_core.package_identification:_identify(src/robot_gazebo) by extensions ['ignore', 'ignore_ament_install']
[0.115s] Level 1:colcon.colcon_core.package_identification:_identify(src/robot_gazebo) by extension 'ignore'
[0.115s] Level 1:colcon.colcon_core.package_identification:_identify(src/robot_gazebo) by extension 'ignore_ament_install'
[0.115s] Level 1:colcon.colcon_core.package_identification:_identify(src/robot_gazebo) by extensions ['colcon_pkg']
[0.115s] Level 1:colcon.colcon_core.package_identification:_identify(src/robot_gazebo) by extension 'colcon_pkg'
[0.115s] Level 1:colcon.colcon_core.package_identification:_identify(src/robot_gazebo) by extensions ['colcon_meta']
[0.115s] Level 1:colcon.colcon_core.package_identification:_identify(src/robot_gazebo) by extension 'colcon_meta'
[0.115s] Level 1:colcon.colcon_core.package_identification:_identify(src/robot_gazebo) by extensions ['ros']
[0.115s] Level 1:colcon.colcon_core.package_identification:_identify(src/robot_gazebo) by extension 'ros'
[0.115s] DEBUG:colcon.colcon_core.package_identification:Package 'src/robot_gazebo' with type 'ros.ament_cmake' and name 'robot_gazebo'
[0.115s] Level 1:colcon.colcon_core.package_identification:_identify(src/robot_hardware) by extensions ['ignore', 'ignore_ament_install']
[0.115s] Level 1:colcon.colcon_core.package_identification:_identify(src/robot_hardware) by extension 'ignore'
[0.115s] Level 1:colcon.colcon_core.package_identification:_identify(src/robot_hardware) by extension 'ignore_ament_install'
[0.115s] Level 1:colcon.colcon_core.package_identification:_identify(src/robot_hardware) by extensions ['colcon_pkg']
[0.115s] Level 1:colcon.colcon_core.package_identification:_identify(src/robot_hardware) by extension 'colcon_pkg'
[0.115s] Level 1:colcon.colcon_core.package_identification:_identify(src/robot_hardware) by extensions ['colcon_meta']
[0.115s] Level 1:colcon.colcon_core.package_identification:_identify(src/robot_hardware) by extension 'colcon_meta'
[0.115s] Level 1:colcon.colcon_core.package_identification:_identify(src/robot_hardware) by extensions ['ros']
[0.115s] Level 1:colcon.colcon_core.package_identification:_identify(src/robot_hardware) by extension 'ros'
[0.115s] Level 1:colcon.colcon_core.package_identification:_identify(src/robot_hardware) by extensions ['cmake', 'python']
[0.115s] Level 1:colcon.colcon_core.package_identification:_identify(src/robot_hardware) by extension 'cmake'
[0.115s] Level 1:colcon.colcon_core.package_identification:_identify(src/robot_hardware) by extension 'python'
[0.115s] Level 1:colcon.colcon_core.package_identification:_identify(src/robot_hardware) by extensions ['python_setup_py']
[0.116s] Level 1:colcon.colcon_core.package_identification:_identify(src/robot_hardware) by extension 'python_setup_py'
[0.116s] Level 1:colcon.colcon_core.package_identification:_identify(src/robot_hardware/config) by extensions ['ignore', 'ignore_ament_install']
[0.116s] Level 1:colcon.colcon_core.package_identification:_identify(src/robot_hardware/config) by extension 'ignore'
[0.116s] Level 1:colcon.colcon_core.package_identification:_identify(src/robot_hardware/config) by extension 'ignore_ament_install'
[0.116s] Level 1:colcon.colcon_core.package_identification:_identify(src/robot_hardware/config) by extensions ['colcon_pkg']
[0.116s] Level 1:colcon.colcon_core.package_identification:_identify(src/robot_hardware/config) by extension 'colcon_pkg'
[0.116s] Level 1:colcon.colcon_core.package_identification:_identify(src/robot_hardware/config) by extensions ['colcon_meta']
[0.116s] Level 1:colcon.colcon_core.package_identification:_identify(src/robot_hardware/config) by extension 'colcon_meta'
[0.116s] Level 1:colcon.colcon_core.package_identification:_identify(src/robot_hardware/config) by extensions ['ros']
[0.116s] Level 1:colcon.colcon_core.package_identification:_identify(src/robot_hardware/config) by extension 'ros'
[0.116s] Level 1:colcon.colcon_core.package_identification:_identify(src/robot_hardware/config) by extensions ['cmake', 'python']
[0.116s] Level 1:colcon.colcon_core.package_identification:_identify(src/robot_hardware/config) by extension 'cmake'
[0.116s] Level 1:colcon.colcon_core.package_identification:_identify(src/robot_hardware/config) by extension 'python'
[0.116s] Level 1:colcon.colcon_core.package_identification:_identify(src/robot_hardware/config) by extensions ['python_setup_py']
[0.116s] Level 1:colcon.colcon_core.package_identification:_identify(src/robot_hardware/config) by extension 'python_setup_py'
[0.116s] Level 1:colcon.colcon_core.package_identification:_identify(src/robot_hardware/launch) by extensions ['ignore', 'ignore_ament_install']
[0.116s] Level 1:colcon.colcon_core.package_identification:_identify(src/robot_hardware/launch) by extension 'ignore'
[0.116s] Level 1:colcon.colcon_core.package_identification:_identify(src/robot_hardware/launch) by extension 'ignore_ament_install'
[0.116s] Level 1:colcon.colcon_core.package_identification:_identify(src/robot_hardware/launch) by extensions ['colcon_pkg']
[0.116s] Level 1:colcon.colcon_core.package_identification:_identify(src/robot_hardware/launch) by extension 'colcon_pkg'
[0.116s] Level 1:colcon.colcon_core.package_identification:_identify(src/robot_hardware/launch) by extensions ['colcon_meta']
[0.116s] Level 1:colcon.colcon_core.package_identification:_identify(src/robot_hardware/launch) by extension 'colcon_meta'
[0.116s] Level 1:colcon.colcon_core.package_identification:_identify(src/robot_hardware/launch) by extensions ['ros']
[0.116s] Level 1:colcon.colcon_core.package_identification:_identify(src/robot_hardware/launch) by extension 'ros'
[0.116s] Level 1:colcon.colcon_core.package_identification:_identify(src/robot_hardware/launch) by extensions ['cmake', 'python']
[0.116s] Level 1:colcon.colcon_core.package_identification:_identify(src/robot_hardware/launch) by extension 'cmake'
[0.116s] Level 1:colcon.colcon_core.package_identification:_identify(src/robot_hardware/launch) by extension 'python'
[0.116s] Level 1:colcon.colcon_core.package_identification:_identify(src/robot_hardware/launch) by extensions ['python_setup_py']
[0.116s] Level 1:colcon.colcon_core.package_identification:_identify(src/robot_hardware/launch) by extension 'python_setup_py'
[0.116s] Level 1:colcon.colcon_core.package_discovery:discover_packages(recursive) using defaults
[0.116s] Level 1:colcon.colcon_core.package_discovery:discover_packages(ignore) discover
[0.116s] Level 1:colcon.colcon_core.package_discovery:discover_packages(ignore) using defaults
[0.116s] Level 1:colcon.colcon_core.package_discovery:discover_packages(path) discover
[0.116s] Level 1:colcon.colcon_core.package_discovery:discover_packages(path) using defaults
[0.129s] Level 1:colcon.colcon_core.package_discovery:discover_packages(prefix_path) check parameters
[0.129s] Level 1:colcon.colcon_core.package_discovery:discover_packages(prefix_path) discover
[0.130s] DEBUG:colcon.colcon_installed_package_information.package_discovery:Found 388 installed packages in /opt/ros/jazzy
[0.132s] Level 1:colcon.colcon_core.package_discovery:discover_packages(prefix_path) using defaults
[0.159s] Level 5:colcon.colcon_core.verb:set package 'robot_bringup' build argument 'cmake_args' from command line to 'None'
[0.160s] Level 5:colcon.colcon_core.verb:set package 'robot_bringup' build argument 'cmake_target' from command line to 'None'
[0.160s] Level 5:colcon.colcon_core.verb:set package 'robot_bringup' build argument 'cmake_target_skip_unavailable' from command line to 'False'
[0.160s] Level 5:colcon.colcon_core.verb:set package 'robot_bringup' build argument 'cmake_clean_cache' from command line to 'False'
[0.160s] Level 5:colcon.colcon_core.verb:set package 'robot_bringup' build argument 'cmake_clean_first' from command line to 'False'
[0.160s] Level 5:colcon.colcon_core.verb:set package 'robot_bringup' build argument 'cmake_force_configure' from command line to 'False'
[0.160s] Level 5:colcon.colcon_core.verb:set package 'robot_bringup' build argument 'ament_cmake_args' from command line to 'None'
[0.160s] Level 5:colcon.colcon_core.verb:set package 'robot_bringup' build argument 'catkin_cmake_args' from command line to 'None'
[0.160s] Level 5:colcon.colcon_core.verb:set package 'robot_bringup' build argument 'catkin_skip_building_tests' from command line to 'False'
[0.160s] DEBUG:colcon.colcon_core.verb:Building package 'robot_bringup' with the following arguments: {'ament_cmake_args': None, 'build_base': '/home/ascachetti/Documents/trekking_ws/build/robot_bringup', 'catkin_cmake_args': None, 'catkin_skip_building_tests': False, 'cmake_args': None, 'cmake_clean_cache': False, 'cmake_clean_first': False, 'cmake_force_configure': False, 'cmake_target': None, 'cmake_target_skip_unavailable': False, 'install_base': '/home/ascachetti/Documents/trekking_ws/install/robot_bringup', 'merge_install': False, 'path': '/home/ascachetti/Documents/trekking_ws/src/robot_bringup', 'symlink_install': False, 'test_result_base': None}
[0.160s] Level 5:colcon.colcon_core.verb:set package 'robot_control' build argument 'cmake_args' from command line to 'None'
[0.160s] Level 5:colcon.colcon_core.verb:set package 'robot_control' build argument 'cmake_target' from command line to 'None'
[0.160s] Level 5:colcon.colcon_core.verb:set package 'robot_control' build argument 'cmake_target_skip_unavailable' from command line to 'False'
[0.160s] Level 5:colcon.colcon_core.verb:set package 'robot_control' build argument 'cmake_clean_cache' from command line to 'False'
[0.160s] Level 5:colcon.colcon_core.verb:set package 'robot_control' build argument 'cmake_clean_first' from command line to 'False'
[0.160s] Level 5:colcon.colcon_core.verb:set package 'robot_control' build argument 'cmake_force_configure' from command line to 'False'
[0.160s] Level 5:colcon.colcon_core.verb:set package 'robot_control' build argument 'ament_cmake_args' from command line to 'None'
[0.160s] Level 5:colcon.colcon_core.verb:set package 'robot_control' build argument 'catkin_cmake_args' from command line to 'None'
[0.160s] Level 5:colcon.colcon_core.verb:set package 'robot_control' build argument 'catkin_skip_building_tests' from command line to 'False'
[0.160s] DEBUG:colcon.colcon_core.verb:Building package 'robot_control' with the following arguments: {'ament_cmake_args': None, 'build_base': '/home/ascachetti/Documents/trekking_ws/build/robot_control', 'catkin_cmake_args': None, 'catkin_skip_building_tests': False, 'cmake_args': None, 'cmake_clean_cache': False, 'cmake_clean_first': False, 'cmake_force_configure': False, 'cmake_target': None, 'cmake_target_skip_unavailable': False, 'install_base': '/home/ascachetti/Documents/trekking_ws/install/robot_control', 'merge_install': False, 'path': '/home/ascachetti/Documents/trekking_ws/src/robot_control', 'symlink_install': False, 'test_result_base': None}
[0.160s] Level 5:colcon.colcon_core.verb:set package 'robot_core' build argument 'cmake_args' from command line to 'None'
[0.160s] Level 5:colcon.colcon_core.verb:set package 'robot_core' build argument 'cmake_target' from command line to 'None'
[0.160s] Level 5:colcon.colcon_core.verb:set package 'robot_core' build argument 'cmake_target_skip_unavailable' from command line to 'False'
[0.160s] Level 5:colcon.colcon_core.verb:set package 'robot_core' build argument 'cmake_clean_cache' from command line to 'False'
[0.160s] Level 5:colcon.colcon_core.verb:set package 'robot_core' build argument 'cmake_clean_first' from command line to 'False'
[0.160s] Level 5:colcon.colcon_core.verb:set package 'robot_core' build argument 'cmake_force_configure' from command line to 'False'
[0.160s] Level 5:colcon.colcon_core.verb:set package 'robot_core' build argument 'ament_cmake_args' from command line to 'None'
[0.160s] Level 5:colcon.colcon_core.verb:set package 'robot_core' build argument 'catkin_cmake_args' from command line to 'None'
[0.160s] Level 5:colcon.colcon_core.verb:set package 'robot_core' build argument 'catkin_skip_building_tests' from command line to 'False'
[0.160s] DEBUG:colcon.colcon_core.verb:Building package 'robot_core' with the following arguments: {'ament_cmake_args': None, 'build_base': '/home/ascachetti/Documents/trekking_ws/build/robot_core', 'catkin_cmake_args': None, 'catkin_skip_building_tests': False, 'cmake_args': None, 'cmake_clean_cache': False, 'cmake_clean_first': False, 'cmake_force_configure': False, 'cmake_target': None, 'cmake_target_skip_unavailable': False, 'install_base': '/home/ascachetti/Documents/trekking_ws/install/robot_core', 'merge_install': False, 'path': '/home/ascachetti/Documents/trekking_ws/src/robot_core', 'symlink_install': False, 'test_result_base': None}
[0.160s] Level 5:colcon.colcon_core.verb:set package 'robot_description' build argument 'cmake_args' from command line to 'None'
[0.160s] Level 5:colcon.colcon_core.verb:set package 'robot_description' build argument 'cmake_target' from command line to 'None'
[0.160s] Level 5:colcon.colcon_core.verb:set package 'robot_description' build argument 'cmake_target_skip_unavailable' from command line to 'False'
[0.160s] Level 5:colcon.colcon_core.verb:set package 'robot_description' build argument 'cmake_clean_cache' from command line to 'False'
[0.160s] Level 5:colcon.colcon_core.verb:set package 'robot_description' build argument 'cmake_clean_first' from command line to 'False'
[0.160s] Level 5:colcon.colcon_core.verb:set package 'robot_description' build argument 'cmake_force_configure' from command line to 'False'
[0.160s] Level 5:colcon.colcon_core.verb:set package 'robot_description' build argument 'ament_cmake_args' from command line to 'None'
[0.160s] Level 5:colcon.colcon_core.verb:set package 'robot_description' build argument 'catkin_cmake_args' from command line to 'None'
[0.160s] Level 5:colcon.colcon_core.verb:set package 'robot_description' build argument 'catkin_skip_building_tests' from command line to 'False'
[0.161s] DEBUG:colcon.colcon_core.verb:Building package 'robot_description' with the following arguments: {'ament_cmake_args': None, 'build_base': '/home/ascachetti/Documents/trekking_ws/build/robot_description', 'catkin_cmake_args': None, 'catkin_skip_building_tests': False, 'cmake_args': None, 'cmake_clean_cache': False, 'cmake_clean_first': False, 'cmake_force_configure': False, 'cmake_target': None, 'cmake_target_skip_unavailable': False, 'install_base': '/home/ascachetti/Documents/trekking_ws/install/robot_description', 'merge_install': False, 'path': '/home/ascachetti/Documents/trekking_ws/src/robot_description', 'symlink_install': False, 'test_result_base': None}
[0.161s] Level 5:colcon.colcon_core.verb:set package 'robot_gazebo' build argument 'cmake_args' from command line to 'None'
[0.161s] Level 5:colcon.colcon_core.verb:set package 'robot_gazebo' build argument 'cmake_target' from command line to 'None'
[0.161s] Level 5:colcon.colcon_core.verb:set package 'robot_gazebo' build argument 'cmake_target_skip_unavailable' from command line to 'False'
[0.161s] Level 5:colcon.colcon_core.verb:set package 'robot_gazebo' build argument 'cmake_clean_cache' from command line to 'False'
[0.161s] Level 5:colcon.colcon_core.verb:set package 'robot_gazebo' build argument 'cmake_clean_first' from command line to 'False'
[0.161s] Level 5:colcon.colcon_core.verb:set package 'robot_gazebo' build argument 'cmake_force_configure' from command line to 'False'
[0.161s] Level 5:colcon.colcon_core.verb:set package 'robot_gazebo' build argument 'ament_cmake_args' from command line to 'None'
[0.161s] Level 5:colcon.colcon_core.verb:set package 'robot_gazebo' build argument 'catkin_cmake_args' from command line to 'None'
[0.161s] Level 5:colcon.colcon_core.verb:set package 'robot_gazebo' build argument 'catkin_skip_building_tests' from command line to 'False'
[0.161s] DEBUG:colcon.colcon_core.verb:Building package 'robot_gazebo' with the following arguments: {'ament_cmake_args': None, 'build_base': '/home/ascachetti/Documents/trekking_ws/build/robot_gazebo', 'catkin_cmake_args': None, 'catkin_skip_building_tests': False, 'cmake_args': None, 'cmake_clean_cache': False, 'cmake_clean_first': False, 'cmake_force_configure': False, 'cmake_target': None, 'cmake_target_skip_unavailable': False, 'install_base': '/home/ascachetti/Documents/trekking_ws/install/robot_gazebo', 'merge_install': False, 'path': '/home/ascachetti/Documents/trekking_ws/src/robot_gazebo', 'symlink_install': False, 'test_result_base': None}
[0.161s] INFO:colcon.colcon_core.executor:Executing jobs using 'parallel' executor
[0.162s] DEBUG:colcon.colcon_parallel_executor.executor.parallel:run_until_complete
[0.162s] INFO:colcon.colcon_ros.task.ament_cmake.build:Building ROS package in '/home/ascachetti/Documents/trekking_ws/src/robot_bringup' with build type 'ament_cmake'
[0.162s] INFO:colcon.colcon_cmake.task.cmake.build:Building CMake package in '/home/ascachetti/Documents/trekking_ws/src/robot_bringup'
[0.163s] INFO:colcon.colcon_core.plugin_system:Skipping extension 'colcon_core.shell.bat': Not used on non-Windows systems
[0.163s] INFO:colcon.colcon_core.shell:Skip shell extension 'powershell' for command environment: Not usable outside of PowerShell
[0.163s] DEBUG:colcon.colcon_core.shell:Skip shell extension 'dsv' for command environment
[0.165s] INFO:colcon.colcon_ros.task.ament_cmake.build:Building ROS package in '/home/ascachetti/Documents/trekking_ws/src/robot_control' with build type 'ament_cmake'
[0.166s] INFO:colcon.colcon_cmake.task.cmake.build:Building CMake package in '/home/ascachetti/Documents/trekking_ws/src/robot_control'
[0.166s] INFO:colcon.colcon_core.shell:Skip shell extension 'powershell' for command environment: Not usable outside of PowerShell
[0.166s] DEBUG:colcon.colcon_core.shell:Skip shell extension 'dsv' for command environment
[0.168s] INFO:colcon.colcon_ros.task.ament_cmake.build:Building ROS package in '/home/ascachetti/Documents/trekking_ws/src/robot_core' with build type 'ament_cmake'
[0.168s] INFO:colcon.colcon_cmake.task.cmake.build:Building CMake package in '/home/ascachetti/Documents/trekking_ws/src/robot_core'
[0.168s] INFO:colcon.colcon_core.shell:Skip shell extension 'powershell' for command environment: Not usable outside of PowerShell
[0.168s] DEBUG:colcon.colcon_core.shell:Skip shell extension 'dsv' for command environment
[0.170s] INFO:colcon.colcon_ros.task.ament_cmake.build:Building ROS package in '/home/ascachetti/Documents/trekking_ws/src/robot_description' with build type 'ament_cmake'
[0.170s] INFO:colcon.colcon_cmake.task.cmake.build:Building CMake package in '/home/ascachetti/Documents/trekking_ws/src/robot_description'
[0.170s] INFO:colcon.colcon_core.shell:Skip shell extension 'powershell' for command environment: Not usable outside of PowerShell
[0.170s] DEBUG:colcon.colcon_core.shell:Skip shell extension 'dsv' for command environment
[0.173s] INFO:colcon.colcon_ros.task.ament_cmake.build:Building ROS package in '/home/ascachetti/Documents/trekking_ws/src/robot_gazebo' with build type 'ament_cmake'
[0.173s] INFO:colcon.colcon_cmake.task.cmake.build:Building CMake package in '/home/ascachetti/Documents/trekking_ws/src/robot_gazebo'
[0.173s] INFO:colcon.colcon_core.shell:Skip shell extension 'powershell' for command environment: Not usable outside of PowerShell
[0.173s] DEBUG:colcon.colcon_core.shell:Skip shell extension 'dsv' for command environment
[0.182s] DEBUG:colcon.colcon_core.event_handler.log_command:Invoking command in '/home/ascachetti/Documents/trekking_ws/build/robot_bringup': CMAKE_PREFIX_PATH=${CMAKE_PREFIX_PATH}:/opt/ros/jazzy DEBUGINFOD_URLS=https://debuginfod.ubuntu.com /usr/bin/cmake /home/ascachetti/Documents/trekking_ws/src/robot_bringup -DCMAKE_INSTALL_PREFIX=/home/ascachetti/Documents/trekking_ws/install/robot_bringup
[0.186s] DEBUG:colcon.colcon_core.event_handler.log_command:Invoking command in '/home/ascachetti/Documents/trekking_ws/build/robot_control': CMAKE_PREFIX_PATH=${CMAKE_PREFIX_PATH}:/opt/ros/jazzy DEBUGINFOD_URLS=https://debuginfod.ubuntu.com /usr/bin/cmake /home/ascachetti/Documents/trekking_ws/src/robot_control -DCMAKE_INSTALL_PREFIX=/home/ascachetti/Documents/trekking_ws/install/robot_control
[0.188s] DEBUG:colcon.colcon_core.event_handler.log_command:Invoking command in '/home/ascachetti/Documents/trekking_ws/build/robot_core': CMAKE_PREFIX_PATH=${CMAKE_PREFIX_PATH}:/opt/ros/jazzy DEBUGINFOD_URLS=https://debuginfod.ubuntu.com /usr/bin/cmake /home/ascachetti/Documents/trekking_ws/src/robot_core -DCMAKE_INSTALL_PREFIX=/home/ascachetti/Documents/trekking_ws/install/robot_core
[0.189s] DEBUG:colcon.colcon_core.event_handler.log_command:Invoking command in '/home/ascachetti/Documents/trekking_ws/build/robot_description': CMAKE_PREFIX_PATH=${CMAKE_PREFIX_PATH}:/opt/ros/jazzy DEBUGINFOD_URLS=https://debuginfod.ubuntu.com /usr/bin/cmake /home/ascachetti/Documents/trekking_ws/src/robot_description -DCMAKE_INSTALL_PREFIX=/home/ascachetti/Documents/trekking_ws/install/robot_description
[0.194s] DEBUG:colcon.colcon_core.event_handler.log_command:Invoking command in '/home/ascachetti/Documents/trekking_ws/build/robot_gazebo': CMAKE_PREFIX_PATH=${CMAKE_PREFIX_PATH}:/opt/ros/jazzy DEBUGINFOD_URLS=https://debuginfod.ubuntu.com /usr/bin/cmake /home/ascachetti/Documents/trekking_ws/src/robot_gazebo -DCMAKE_INSTALL_PREFIX=/home/ascachetti/Documents/trekking_ws/install/robot_gazebo
[1.151s] DEBUG:colcon.colcon_core.event_handler.log_command:Invoked command in '/home/ascachetti/Documents/trekking_ws/build/robot_bringup' returned '0': CMAKE_PREFIX_PATH=${CMAKE_PREFIX_PATH}:/opt/ros/jazzy DEBUGINFOD_URLS=https://debuginfod.ubuntu.com /usr/bin/cmake /home/ascachetti/Documents/trekking_ws/src/robot_bringup -DCMAKE_INSTALL_PREFIX=/home/ascachetti/Documents/trekking_ws/install/robot_bringup
[1.153s] DEBUG:colcon.colcon_core.event_handler.log_command:Invoking command in '/home/ascachetti/Documents/trekking_ws/build/robot_bringup': CMAKE_PREFIX_PATH=${CMAKE_PREFIX_PATH}:/opt/ros/jazzy DEBUGINFOD_URLS=https://debuginfod.ubuntu.com /usr/bin/cmake --build /home/ascachetti/Documents/trekking_ws/build/robot_bringup -- -j12 -l12
[1.205s] DEBUG:colcon.colcon_core.event_handler.log_command:Invoked command in '/home/ascachetti/Documents/trekking_ws/build/robot_bringup' returned '0': CMAKE_PREFIX_PATH=${CMAKE_PREFIX_PATH}:/opt/ros/jazzy DEBUGINFOD_URLS=https://debuginfod.ubuntu.com /usr/bin/cmake --build /home/ascachetti/Documents/trekking_ws/build/robot_bringup -- -j12 -l12
[1.212s] DEBUG:colcon.colcon_core.event_handler.log_command:Invoking command in '/home/ascachetti/Documents/trekking_ws/build/robot_bringup': CMAKE_PREFIX_PATH=${CMAKE_PREFIX_PATH}:/opt/ros/jazzy DEBUGINFOD_URLS=https://debuginfod.ubuntu.com /usr/bin/cmake --install /home/ascachetti/Documents/trekking_ws/build/robot_bringup
[1.224s] Level 1:colcon.colcon_core.environment:create_environment_scripts_only(robot_bringup)
[1.224s] DEBUG:colcon.colcon_core.event_handler.log_command:Invoked command in '/home/ascachetti/Documents/trekking_ws/build/robot_bringup' returned '0': CMAKE_PREFIX_PATH=${CMAKE_PREFIX_PATH}:/opt/ros/jazzy DEBUGINFOD_URLS=https://debuginfod.ubuntu.com /usr/bin/cmake --install /home/ascachetti/Documents/trekking_ws/build/robot_bringup
[1.226s] Level 1:colcon.colcon_core.environment:checking '/home/ascachetti/Documents/trekking_ws/install/robot_bringup' for CMake module files
[1.226s] Level 1:colcon.colcon_core.environment:checking '/home/ascachetti/Documents/trekking_ws/install/robot_bringup' for CMake config files
[1.226s] Level 1:colcon.colcon_core.shell:create_environment_hook('robot_bringup', 'cmake_prefix_path')
[1.226s] INFO:colcon.colcon_core.shell:Creating environment hook '/home/ascachetti/Documents/trekking_ws/install/robot_bringup/share/robot_bringup/hook/cmake_prefix_path.ps1'
[1.227s] INFO:colcon.colcon_core.shell:Creating environment descriptor '/home/ascachetti/Documents/trekking_ws/install/robot_bringup/share/robot_bringup/hook/cmake_prefix_path.dsv'
[1.227s] INFO:colcon.colcon_core.shell:Creating environment hook '/home/ascachetti/Documents/trekking_ws/install/robot_bringup/share/robot_bringup/hook/cmake_prefix_path.sh'
[1.227s] Level 1:colcon.colcon_core.environment:checking '/home/ascachetti/Documents/trekking_ws/install/robot_bringup/bin'
[1.228s] Level 1:colcon.colcon_core.environment:checking '/home/ascachetti/Documents/trekking_ws/install/robot_bringup/lib/pkgconfig/robot_bringup.pc'
[1.228s] Level 1:colcon.colcon_core.environment:checking '/home/ascachetti/Documents/trekking_ws/install/robot_bringup/lib/python3.12/site-packages'
[1.228s] Level 1:colcon.colcon_core.environment:checking '/home/ascachetti/Documents/trekking_ws/install/robot_bringup/bin'
[1.228s] INFO:colcon.colcon_core.shell:Creating package script '/home/ascachetti/Documents/trekking_ws/install/robot_bringup/share/robot_bringup/package.ps1'
[1.229s] INFO:colcon.colcon_core.shell:Creating package descriptor '/home/ascachetti/Documents/trekking_ws/install/robot_bringup/share/robot_bringup/package.dsv'
[1.229s] INFO:colcon.colcon_core.shell:Creating package script '/home/ascachetti/Documents/trekking_ws/install/robot_bringup/share/robot_bringup/package.sh'
[1.230s] INFO:colcon.colcon_core.shell:Creating package script '/home/ascachetti/Documents/trekking_ws/install/robot_bringup/share/robot_bringup/package.bash'
[1.230s] INFO:colcon.colcon_core.shell:Creating package script '/home/ascachetti/Documents/trekking_ws/install/robot_bringup/share/robot_bringup/package.zsh'
[1.230s] Level 1:colcon.colcon_core.environment:create_file_with_runtime_dependencies(/home/ascachetti/Documents/trekking_ws/install/robot_bringup/share/colcon-core/packages/robot_bringup)
[1.231s] Level 1:colcon.colcon_core.environment:create_environment_scripts_only(robot_bringup)
[1.231s] Level 1:colcon.colcon_core.environment:checking '/home/ascachetti/Documents/trekking_ws/install/robot_bringup' for CMake module files
[1.231s] Level 1:colcon.colcon_core.environment:checking '/home/ascachetti/Documents/trekking_ws/install/robot_bringup' for CMake config files
[1.231s] Level 1:colcon.colcon_core.shell:create_environment_hook('robot_bringup', 'cmake_prefix_path')
[1.232s] INFO:colcon.colcon_core.shell:Creating environment hook '/home/ascachetti/Documents/trekking_ws/install/robot_bringup/share/robot_bringup/hook/cmake_prefix_path.ps1'
[1.232s] INFO:colcon.colcon_core.shell:Creating environment descriptor '/home/ascachetti/Documents/trekking_ws/install/robot_bringup/share/robot_bringup/hook/cmake_prefix_path.dsv'
[1.232s] INFO:colcon.colcon_core.shell:Creating environment hook '/home/ascachetti/Documents/trekking_ws/install/robot_bringup/share/robot_bringup/hook/cmake_prefix_path.sh'
[1.232s] Level 1:colcon.colcon_core.environment:checking '/home/ascachetti/Documents/trekking_ws/install/robot_bringup/bin'
[1.232s] Level 1:colcon.colcon_core.environment:checking '/home/ascachetti/Documents/trekking_ws/install/robot_bringup/lib/pkgconfig/robot_bringup.pc'
[1.233s] Level 1:colcon.colcon_core.environment:checking '/home/ascachetti/Documents/trekking_ws/install/robot_bringup/lib/python3.12/site-packages'
[1.233s] Level 1:colcon.colcon_core.environment:checking '/home/ascachetti/Documents/trekking_ws/install/robot_bringup/bin'
[1.233s] INFO:colcon.colcon_core.shell:Creating package script '/home/ascachetti/Documents/trekking_ws/install/robot_bringup/share/robot_bringup/package.ps1'
[1.233s] INFO:colcon.colcon_core.shell:Creating package descriptor '/home/ascachetti/Documents/trekking_ws/install/robot_bringup/share/robot_bringup/package.dsv'
[1.234s] INFO:colcon.colcon_core.shell:Creating package script '/home/ascachetti/Documents/trekking_ws/install/robot_bringup/share/robot_bringup/package.sh'
[1.234s] INFO:colcon.colcon_core.shell:Creating package script '/home/ascachetti/Documents/trekking_ws/install/robot_bringup/share/robot_bringup/package.bash'
[1.234s] INFO:colcon.colcon_core.shell:Creating package script '/home/ascachetti/Documents/trekking_ws/install/robot_bringup/share/robot_bringup/package.zsh'
[1.235s] Level 1:colcon.colcon_core.environment:create_file_with_runtime_dependencies(/home/ascachetti/Documents/trekking_ws/install/robot_bringup/share/colcon-core/packages/robot_bringup)
[1.795s] DEBUG:colcon.colcon_core.event_handler.log_command:Invoked command in '/home/ascachetti/Documents/trekking_ws/build/robot_description' returned '0': CMAKE_PREFIX_PATH=${CMAKE_PREFIX_PATH}:/opt/ros/jazzy DEBUGINFOD_URLS=https://debuginfod.ubuntu.com /usr/bin/cmake /home/ascachetti/Documents/trekking_ws/src/robot_description -DCMAKE_INSTALL_PREFIX=/home/ascachetti/Documents/trekking_ws/install/robot_description
[1.796s] DEBUG:colcon.colcon_core.event_handler.log_command:Invoking command in '/home/ascachetti/Documents/trekking_ws/build/robot_description': CMAKE_PREFIX_PATH=${CMAKE_PREFIX_PATH}:/opt/ros/jazzy DEBUGINFOD_URLS=https://debuginfod.ubuntu.com /usr/bin/cmake --build /home/ascachetti/Documents/trekking_ws/build/robot_description -- -j12 -l12
[1.838s] DEBUG:colcon.colcon_core.event_handler.log_command:Invoked command in '/home/ascachetti/Documents/trekking_ws/build/robot_core' returned '0': CMAKE_PREFIX_PATH=${CMAKE_PREFIX_PATH}:/opt/ros/jazzy DEBUGINFOD_URLS=https://debuginfod.ubuntu.com /usr/bin/cmake /home/ascachetti/Documents/trekking_ws/src/robot_core -DCMAKE_INSTALL_PREFIX=/home/ascachetti/Documents/trekking_ws/install/robot_core
[1.840s] DEBUG:colcon.colcon_core.event_handler.log_command:Invoking command in '/home/ascachetti/Documents/trekking_ws/build/robot_core': CMAKE_PREFIX_PATH=${CMAKE_PREFIX_PATH}:/opt/ros/jazzy DEBUGINFOD_URLS=https://debuginfod.ubuntu.com /usr/bin/cmake --build /home/ascachetti/Documents/trekking_ws/build/robot_core -- -j12 -l12
[1.845s] DEBUG:colcon.colcon_core.event_handler.log_command:Invoked command in '/home/ascachetti/Documents/trekking_ws/build/robot_description' returned '0': CMAKE_PREFIX_PATH=${CMAKE_PREFIX_PATH}:/opt/ros/jazzy DEBUGINFOD_URLS=https://debuginfod.ubuntu.com /usr/bin/cmake --build /home/ascachetti/Documents/trekking_ws/build/robot_description -- -j12 -l12
[1.847s] DEBUG:colcon.colcon_core.event_handler.log_command:Invoking command in '/home/ascachetti/Documents/trekking_ws/build/robot_description': CMAKE_PREFIX_PATH=${CMAKE_PREFIX_PATH}:/opt/ros/jazzy DEBUGINFOD_URLS=https://debuginfod.ubuntu.com /usr/bin/cmake --install /home/ascachetti/Documents/trekking_ws/build/robot_description
[1.882s] DEBUG:colcon.colcon_core.event_handler.log_command:Invoked command in '/home/ascachetti/Documents/trekking_ws/build/robot_core' returned '0': CMAKE_PREFIX_PATH=${CMAKE_PREFIX_PATH}:/opt/ros/jazzy DEBUGINFOD_URLS=https://debuginfod.ubuntu.com /usr/bin/cmake --build /home/ascachetti/Documents/trekking_ws/build/robot_core -- -j12 -l12
[1.883s] DEBUG:colcon.colcon_core.event_handler.log_command:Invoking command in '/home/ascachetti/Documents/trekking_ws/build/robot_core': CMAKE_PREFIX_PATH=${CMAKE_PREFIX_PATH}:/opt/ros/jazzy DEBUGINFOD_URLS=https://debuginfod.ubuntu.com /usr/bin/cmake --install /home/ascachetti/Documents/trekking_ws/build/robot_core
[1.894s] Level 1:colcon.colcon_core.environment:create_environment_scripts_only(robot_core)
[1.895s] Level 1:colcon.colcon_core.environment:checking '/home/ascachetti/Documents/trekking_ws/install/robot_core' for CMake module files
[1.896s] DEBUG:colcon.colcon_core.event_handler.log_command:Invoked command in '/home/ascachetti/Documents/trekking_ws/build/robot_core' returned '0': CMAKE_PREFIX_PATH=${CMAKE_PREFIX_PATH}:/opt/ros/jazzy DEBUGINFOD_URLS=https://debuginfod.ubuntu.com /usr/bin/cmake --install /home/ascachetti/Documents/trekking_ws/build/robot_core
[1.896s] Level 1:colcon.colcon_core.environment:checking '/home/ascachetti/Documents/trekking_ws/install/robot_core' for CMake config files
[1.897s] Level 1:colcon.colcon_core.shell:create_environment_hook('robot_core', 'cmake_prefix_path')
[1.897s] INFO:colcon.colcon_core.shell:Creating environment hook '/home/ascachetti/Documents/trekking_ws/install/robot_core/share/robot_core/hook/cmake_prefix_path.ps1'
[1.897s] INFO:colcon.colcon_core.shell:Creating environment descriptor '/home/ascachetti/Documents/trekking_ws/install/robot_core/share/robot_core/hook/cmake_prefix_path.dsv'
[1.898s] INFO:colcon.colcon_core.shell:Creating environment hook '/home/ascachetti/Documents/trekking_ws/install/robot_core/share/robot_core/hook/cmake_prefix_path.sh'
[1.898s] Level 1:colcon.colcon_core.environment:checking '/home/ascachetti/Documents/trekking_ws/install/robot_core/bin'
[1.898s] Level 1:colcon.colcon_core.environment:checking '/home/ascachetti/Documents/trekking_ws/install/robot_core/lib/pkgconfig/robot_core.pc'
[1.898s] Level 1:colcon.colcon_core.environment:checking '/home/ascachetti/Documents/trekking_ws/install/robot_core/lib/python3.12/site-packages'
[1.899s] Level 1:colcon.colcon_core.environment:checking '/home/ascachetti/Documents/trekking_ws/install/robot_core/bin'
[1.899s] INFO:colcon.colcon_core.shell:Creating package script '/home/ascachetti/Documents/trekking_ws/install/robot_core/share/robot_core/package.ps1'
[1.900s] INFO:colcon.colcon_core.shell:Creating package descriptor '/home/ascachetti/Documents/trekking_ws/install/robot_core/share/robot_core/package.dsv'
[1.900s] INFO:colcon.colcon_core.shell:Creating package script '/home/ascachetti/Documents/trekking_ws/install/robot_core/share/robot_core/package.sh'
[1.900s] INFO:colcon.colcon_core.shell:Creating package script '/home/ascachetti/Documents/trekking_ws/install/robot_core/share/robot_core/package.bash'
[1.901s] INFO:colcon.colcon_core.shell:Creating package script '/home/ascachetti/Documents/trekking_ws/install/robot_core/share/robot_core/package.zsh'
[1.901s] Level 1:colcon.colcon_core.environment:create_file_with_runtime_dependencies(/home/ascachetti/Documents/trekking_ws/install/robot_core/share/colcon-core/packages/robot_core)
[1.901s] Level 1:colcon.colcon_core.environment:create_environment_scripts_only(robot_core)
[1.901s] Level 1:colcon.colcon_core.environment:checking '/home/ascachetti/Documents/trekking_ws/install/robot_core' for CMake module files
[1.902s] Level 1:colcon.colcon_core.environment:checking '/home/ascachetti/Documents/trekking_ws/install/robot_core' for CMake config files
[1.902s] Level 1:colcon.colcon_core.shell:create_environment_hook('robot_core', 'cmake_prefix_path')
[1.902s] INFO:colcon.colcon_core.shell:Creating environment hook '/home/ascachetti/Documents/trekking_ws/install/robot_core/share/robot_core/hook/cmake_prefix_path.ps1'
[1.903s] INFO:colcon.colcon_core.shell:Creating environment descriptor '/home/ascachetti/Documents/trekking_ws/install/robot_core/share/robot_core/hook/cmake_prefix_path.dsv'
[1.904s] INFO:colcon.colcon_core.shell:Creating environment hook '/home/ascachetti/Documents/trekking_ws/install/robot_core/share/robot_core/hook/cmake_prefix_path.sh'
[1.905s] Level 1:colcon.colcon_core.environment:checking '/home/ascachetti/Documents/trekking_ws/install/robot_core/bin'
[1.905s] Level 1:colcon.colcon_core.environment:checking '/home/ascachetti/Documents/trekking_ws/install/robot_core/lib/pkgconfig/robot_core.pc'
[1.905s] Level 1:colcon.colcon_core.environment:checking '/home/ascachetti/Documents/trekking_ws/install/robot_core/lib/python3.12/site-packages'
[1.905s] Level 1:colcon.colcon_core.environment:checking '/home/ascachetti/Documents/trekking_ws/install/robot_core/bin'
[1.905s] INFO:colcon.colcon_core.shell:Creating package script '/home/ascachetti/Documents/trekking_ws/install/robot_core/share/robot_core/package.ps1'
[1.906s] INFO:colcon.colcon_core.shell:Creating package descriptor '/home/ascachetti/Documents/trekking_ws/install/robot_core/share/robot_core/package.dsv'
[1.906s] INFO:colcon.colcon_core.shell:Creating package script '/home/ascachetti/Documents/trekking_ws/install/robot_core/share/robot_core/package.sh'
[1.907s] INFO:colcon.colcon_core.shell:Creating package script '/home/ascachetti/Documents/trekking_ws/install/robot_core/share/robot_core/package.bash'
[1.907s] INFO:colcon.colcon_core.shell:Creating package script '/home/ascachetti/Documents/trekking_ws/install/robot_core/share/robot_core/package.zsh'
[1.907s] Level 1:colcon.colcon_core.environment:create_file_with_runtime_dependencies(/home/ascachetti/Documents/trekking_ws/install/robot_core/share/colcon-core/packages/robot_core)
[1.984s] Level 1:colcon.colcon_core.environment:create_environment_scripts_only(robot_description)
[1.984s] Level 1:colcon.colcon_core.environment:checking '/home/ascachetti/Documents/trekking_ws/install/robot_description' for CMake module files
[1.984s] Level 1:colcon.colcon_core.environment:checking '/home/ascachetti/Documents/trekking_ws/install/robot_description' for CMake config files
[1.984s] DEBUG:colcon.colcon_core.event_handler.log_command:Invoked command in '/home/ascachetti/Documents/trekking_ws/build/robot_description' returned '0': CMAKE_PREFIX_PATH=${CMAKE_PREFIX_PATH}:/opt/ros/jazzy DEBUGINFOD_URLS=https://debuginfod.ubuntu.com /usr/bin/cmake --install /home/ascachetti/Documents/trekking_ws/build/robot_description
[1.985s] Level 1:colcon.colcon_core.shell:create_environment_hook('robot_description', 'cmake_prefix_path')
[1.985s] INFO:colcon.colcon_core.shell:Creating environment hook '/home/ascachetti/Documents/trekking_ws/install/robot_description/share/robot_description/hook/cmake_prefix_path.ps1'
[1.985s] INFO:colcon.colcon_core.shell:Creating environment descriptor '/home/ascachetti/Documents/trekking_ws/install/robot_description/share/robot_description/hook/cmake_prefix_path.dsv'
[1.985s] INFO:colcon.colcon_core.shell:Creating environment hook '/home/ascachetti/Documents/trekking_ws/install/robot_description/share/robot_description/hook/cmake_prefix_path.sh'
[1.986s] Level 1:colcon.colcon_core.environment:checking '/home/ascachetti/Documents/trekking_ws/install/robot_description/bin'
[1.986s] Level 1:colcon.colcon_core.environment:checking '/home/ascachetti/Documents/trekking_ws/install/robot_description/lib/pkgconfig/robot_description.pc'
[1.986s] Level 1:colcon.colcon_core.environment:checking '/home/ascachetti/Documents/trekking_ws/install/robot_description/lib/python3.12/site-packages'
[1.986s] Level 1:colcon.colcon_core.environment:checking '/home/ascachetti/Documents/trekking_ws/install/robot_description/bin'
[1.986s] INFO:colcon.colcon_core.shell:Creating package script '/home/ascachetti/Documents/trekking_ws/install/robot_description/share/robot_description/package.ps1'
[1.987s] INFO:colcon.colcon_core.shell:Creating package descriptor '/home/ascachetti/Documents/trekking_ws/install/robot_description/share/robot_description/package.dsv'
[1.987s] INFO:colcon.colcon_core.shell:Creating package script '/home/ascachetti/Documents/trekking_ws/install/robot_description/share/robot_description/package.sh'
[1.988s] INFO:colcon.colcon_core.shell:Creating package script '/home/ascachetti/Documents/trekking_ws/install/robot_description/share/robot_description/package.bash'
[1.988s] INFO:colcon.colcon_core.shell:Creating package script '/home/ascachetti/Documents/trekking_ws/install/robot_description/share/robot_description/package.zsh'
[1.988s] Level 1:colcon.colcon_core.environment:create_file_with_runtime_dependencies(/home/ascachetti/Documents/trekking_ws/install/robot_description/share/colcon-core/packages/robot_description)
[1.989s] Level 1:colcon.colcon_core.environment:create_environment_scripts_only(robot_description)
[1.989s] Level 1:colcon.colcon_core.environment:checking '/home/ascachetti/Documents/trekking_ws/install/robot_description' for CMake module files
[1.989s] Level 1:colcon.colcon_core.environment:checking '/home/ascachetti/Documents/trekking_ws/install/robot_description' for CMake config files
[1.989s] Level 1:colcon.colcon_core.shell:create_environment_hook('robot_description', 'cmake_prefix_path')
[1.989s] INFO:colcon.colcon_core.shell:Creating environment hook '/home/ascachetti/Documents/trekking_ws/install/robot_description/share/robot_description/hook/cmake_prefix_path.ps1'
[1.990s] INFO:colcon.colcon_core.shell:Creating environment descriptor '/home/ascachetti/Documents/trekking_ws/install/robot_description/share/robot_description/hook/cmake_prefix_path.dsv'
[1.990s] INFO:colcon.colcon_core.shell:Creating environment hook '/home/ascachetti/Documents/trekking_ws/install/robot_description/share/robot_description/hook/cmake_prefix_path.sh'
[1.990s] Level 1:colcon.colcon_core.environment:checking '/home/ascachetti/Documents/trekking_ws/install/robot_description/bin'
[1.990s] Level 1:colcon.colcon_core.environment:checking '/home/ascachetti/Documents/trekking_ws/install/robot_description/lib/pkgconfig/robot_description.pc'
[1.990s] Level 1:colcon.colcon_core.environment:checking '/home/ascachetti/Documents/trekking_ws/install/robot_description/lib/python3.12/site-packages'
[1.991s] Level 1:colcon.colcon_core.environment:checking '/home/ascachetti/Documents/trekking_ws/install/robot_description/bin'
[1.991s] INFO:colcon.colcon_core.shell:Creating package script '/home/ascachetti/Documents/trekking_ws/install/robot_description/share/robot_description/package.ps1'
[1.991s] INFO:colcon.colcon_core.shell:Creating package descriptor '/home/ascachetti/Documents/trekking_ws/install/robot_description/share/robot_description/package.dsv'
[1.991s] INFO:colcon.colcon_core.shell:Creating package script '/home/ascachetti/Documents/trekking_ws/install/robot_description/share/robot_description/package.sh'
[1.992s] INFO:colcon.colcon_core.shell:Creating package script '/home/ascachetti/Documents/trekking_ws/install/robot_description/share/robot_description/package.bash'
[1.992s] INFO:colcon.colcon_core.shell:Creating package script '/home/ascachetti/Documents/trekking_ws/install/robot_description/share/robot_description/package.zsh'
[1.992s] Level 1:colcon.colcon_core.environment:create_file_with_runtime_dependencies(/home/ascachetti/Documents/trekking_ws/install/robot_description/share/colcon-core/packages/robot_description)
[2.047s] DEBUG:colcon.colcon_core.event_handler.log_command:Invoked command in '/home/ascachetti/Documents/trekking_ws/build/robot_control' returned '0': CMAKE_PREFIX_PATH=${CMAKE_PREFIX_PATH}:/opt/ros/jazzy DEBUGINFOD_URLS=https://debuginfod.ubuntu.com /usr/bin/cmake /home/ascachetti/Documents/trekking_ws/src/robot_control -DCMAKE_INSTALL_PREFIX=/home/ascachetti/Documents/trekking_ws/install/robot_control
[2.048s] DEBUG:colcon.colcon_core.event_handler.log_command:Invoking command in '/home/ascachetti/Documents/trekking_ws/build/robot_control': CMAKE_PREFIX_PATH=${CMAKE_PREFIX_PATH}:/opt/ros/jazzy DEBUGINFOD_URLS=https://debuginfod.ubuntu.com /usr/bin/cmake --build /home/ascachetti/Documents/trekking_ws/build/robot_control -- -j12 -l12
[2.079s] DEBUG:colcon.colcon_core.event_handler.log_command:Invoked command in '/home/ascachetti/Documents/trekking_ws/build/robot_control' returned '0': CMAKE_PREFIX_PATH=${CMAKE_PREFIX_PATH}:/opt/ros/jazzy DEBUGINFOD_URLS=https://debuginfod.ubuntu.com /usr/bin/cmake --build /home/ascachetti/Documents/trekking_ws/build/robot_control -- -j12 -l12
[2.080s] DEBUG:colcon.colcon_core.event_handler.log_command:Invoking command in '/home/ascachetti/Documents/trekking_ws/build/robot_control': CMAKE_PREFIX_PATH=${CMAKE_PREFIX_PATH}:/opt/ros/jazzy DEBUGINFOD_URLS=https://debuginfod.ubuntu.com /usr/bin/cmake --install /home/ascachetti/Documents/trekking_ws/build/robot_control
[2.087s] Level 1:colcon.colcon_core.environment:create_environment_scripts_only(robot_control)
[2.088s] Level 1:colcon.colcon_core.environment:checking '/home/ascachetti/Documents/trekking_ws/install/robot_control' for CMake module files
[2.089s] Level 1:colcon.colcon_core.environment:checking '/home/ascachetti/Documents/trekking_ws/install/robot_control' for CMake config files
[2.089s] Level 1:colcon.colcon_core.shell:create_environment_hook('robot_control', 'cmake_prefix_path')
[2.088s] DEBUG:colcon.colcon_core.event_handler.log_command:Invoked command in '/home/ascachetti/Documents/trekking_ws/build/robot_control' returned '0': CMAKE_PREFIX_PATH=${CMAKE_PREFIX_PATH}:/opt/ros/jazzy DEBUGINFOD_URLS=https://debuginfod.ubuntu.com /usr/bin/cmake --install /home/ascachetti/Documents/trekking_ws/build/robot_control
[2.089s] INFO:colcon.colcon_core.shell:Creating environment hook '/home/ascachetti/Documents/trekking_ws/install/robot_control/share/robot_control/hook/cmake_prefix_path.ps1'
[2.089s] INFO:colcon.colcon_core.shell:Creating environment descriptor '/home/ascachetti/Documents/trekking_ws/install/robot_control/share/robot_control/hook/cmake_prefix_path.dsv'
[2.089s] INFO:colcon.colcon_core.shell:Creating environment hook '/home/ascachetti/Documents/trekking_ws/install/robot_control/share/robot_control/hook/cmake_prefix_path.sh'
[2.090s] Level 1:colcon.colcon_core.environment:checking '/home/ascachetti/Documents/trekking_ws/install/robot_control/bin'
[2.090s] Level 1:colcon.colcon_core.environment:checking '/home/ascachetti/Documents/trekking_ws/install/robot_control/lib/pkgconfig/robot_control.pc'
[2.090s] Level 1:colcon.colcon_core.environment:checking '/home/ascachetti/Documents/trekking_ws/install/robot_control/lib/python3.12/site-packages'
[2.090s] Level 1:colcon.colcon_core.environment:checking '/home/ascachetti/Documents/trekking_ws/install/robot_control/bin'
[2.090s] INFO:colcon.colcon_core.shell:Creating package script '/home/ascachetti/Documents/trekking_ws/install/robot_control/share/robot_control/package.ps1'
[2.091s] INFO:colcon.colcon_core.shell:Creating package descriptor '/home/ascachetti/Documents/trekking_ws/install/robot_control/share/robot_control/package.dsv'
[2.091s] INFO:colcon.colcon_core.shell:Creating package script '/home/ascachetti/Documents/trekking_ws/install/robot_control/share/robot_control/package.sh'
[2.091s] INFO:colcon.colcon_core.shell:Creating package script '/home/ascachetti/Documents/trekking_ws/install/robot_control/share/robot_control/package.bash'
[2.091s] INFO:colcon.colcon_core.shell:Creating package script '/home/ascachetti/Documents/trekking_ws/install/robot_control/share/robot_control/package.zsh'
[2.092s] Level 1:colcon.colcon_core.environment:create_file_with_runtime_dependencies(/home/ascachetti/Documents/trekking_ws/install/robot_control/share/colcon-core/packages/robot_control)
[2.092s] Level 1:colcon.colcon_core.environment:create_environment_scripts_only(robot_control)
[2.092s] Level 1:colcon.colcon_core.environment:checking '/home/ascachetti/Documents/trekking_ws/install/robot_control' for CMake module files
[2.092s] Level 1:colcon.colcon_core.environment:checking '/home/ascachetti/Documents/trekking_ws/install/robot_control' for CMake config files
[2.092s] Level 1:colcon.colcon_core.shell:create_environment_hook('robot_control', 'cmake_prefix_path')
[2.092s] INFO:colcon.colcon_core.shell:Creating environment hook '/home/ascachetti/Documents/trekking_ws/install/robot_control/share/robot_control/hook/cmake_prefix_path.ps1'
[2.093s] INFO:colcon.colcon_core.shell:Creating environment descriptor '/home/ascachetti/Documents/trekking_ws/install/robot_control/share/robot_control/hook/cmake_prefix_path.dsv'
[2.093s] INFO:colcon.colcon_core.shell:Creating environment hook '/home/ascachetti/Documents/trekking_ws/install/robot_control/share/robot_control/hook/cmake_prefix_path.sh'
[2.093s] Level 1:colcon.colcon_core.environment:checking '/home/ascachetti/Documents/trekking_ws/install/robot_control/bin'
[2.093s] Level 1:colcon.colcon_core.environment:checking '/home/ascachetti/Documents/trekking_ws/install/robot_control/lib/pkgconfig/robot_control.pc'
[2.093s] Level 1:colcon.colcon_core.environment:checking '/home/ascachetti/Documents/trekking_ws/install/robot_control/lib/python3.12/site-packages'
[2.094s] Level 1:colcon.colcon_core.environment:checking '/home/ascachetti/Documents/trekking_ws/install/robot_control/bin'
[2.094s] INFO:colcon.colcon_core.shell:Creating package script '/home/ascachetti/Documents/trekking_ws/install/robot_control/share/robot_control/package.ps1'
[2.094s] INFO:colcon.colcon_core.shell:Creating package descriptor '/home/ascachetti/Documents/trekking_ws/install/robot_control/share/robot_control/package.dsv'
[2.094s] INFO:colcon.colcon_core.shell:Creating package script '/home/ascachetti/Documents/trekking_ws/install/robot_control/share/robot_control/package.sh'
[2.094s] INFO:colcon.colcon_core.shell:Creating package script '/home/ascachetti/Documents/trekking_ws/install/robot_control/share/robot_control/package.bash'
[2.095s] INFO:colcon.colcon_core.shell:Creating package script '/home/ascachetti/Documents/trekking_ws/install/robot_control/share/robot_control/package.zsh'
[2.095s] Level 1:colcon.colcon_core.environment:create_file_with_runtime_dependencies(/home/ascachetti/Documents/trekking_ws/install/robot_control/share/colcon-core/packages/robot_control)
[2.382s] DEBUG:colcon.colcon_core.event_handler.log_command:Invoked command in '/home/ascachetti/Documents/trekking_ws/build/robot_gazebo' returned '0': CMAKE_PREFIX_PATH=${CMAKE_PREFIX_PATH}:/opt/ros/jazzy DEBUGINFOD_URLS=https://debuginfod.ubuntu.com /usr/bin/cmake /home/ascachetti/Documents/trekking_ws/src/robot_gazebo -DCMAKE_INSTALL_PREFIX=/home/ascachetti/Documents/trekking_ws/install/robot_gazebo
[2.383s] DEBUG:colcon.colcon_core.event_handler.log_command:Invoking command in '/home/ascachetti/Documents/trekking_ws/build/robot_gazebo': CMAKE_PREFIX_PATH=${CMAKE_PREFIX_PATH}:/opt/ros/jazzy DEBUGINFOD_URLS=https://debuginfod.ubuntu.com /usr/bin/cmake --build /home/ascachetti/Documents/trekking_ws/build/robot_gazebo -- -j12 -l12
[2.412s] DEBUG:colcon.colcon_core.event_handler.log_command:Invoked command in '/home/ascachetti/Documents/trekking_ws/build/robot_gazebo' returned '0': CMAKE_PREFIX_PATH=${CMAKE_PREFIX_PATH}:/opt/ros/jazzy DEBUGINFOD_URLS=https://debuginfod.ubuntu.com /usr/bin/cmake --build /home/ascachetti/Documents/trekking_ws/build/robot_gazebo -- -j12 -l12
[2.413s] DEBUG:colcon.colcon_core.event_handler.log_command:Invoking command in '/home/ascachetti/Documents/trekking_ws/build/robot_gazebo': CMAKE_PREFIX_PATH=${CMAKE_PREFIX_PATH}:/opt/ros/jazzy DEBUGINFOD_URLS=https://debuginfod.ubuntu.com /usr/bin/cmake --install /home/ascachetti/Documents/trekking_ws/build/robot_gazebo
[2.423s] Level 1:colcon.colcon_core.environment:create_environment_scripts_only(robot_gazebo)
[2.424s] Level 1:colcon.colcon_core.environment:checking '/home/ascachetti/Documents/trekking_ws/install/robot_gazebo' for CMake module files
[2.424s] DEBUG:colcon.colcon_core.event_handler.log_command:Invoked command in '/home/ascachetti/Documents/trekking_ws/build/robot_gazebo' returned '0': CMAKE_PREFIX_PATH=${CMAKE_PREFIX_PATH}:/opt/ros/jazzy DEBUGINFOD_URLS=https://debuginfod.ubuntu.com /usr/bin/cmake --install /home/ascachetti/Documents/trekking_ws/build/robot_gazebo
[2.424s] Level 1:colcon.colcon_core.environment:checking '/home/ascachetti/Documents/trekking_ws/install/robot_gazebo' for CMake config files
[2.424s] Level 1:colcon.colcon_core.shell:create_environment_hook('robot_gazebo', 'cmake_prefix_path')
[2.424s] INFO:colcon.colcon_core.shell:Creating environment hook '/home/ascachetti/Documents/trekking_ws/install/robot_gazebo/share/robot_gazebo/hook/cmake_prefix_path.ps1'
[2.425s] INFO:colcon.colcon_core.shell:Creating environment descriptor '/home/ascachetti/Documents/trekking_ws/install/robot_gazebo/share/robot_gazebo/hook/cmake_prefix_path.dsv'
[2.425s] INFO:colcon.colcon_core.shell:Creating environment hook '/home/ascachetti/Documents/trekking_ws/install/robot_gazebo/share/robot_gazebo/hook/cmake_prefix_path.sh'
[2.425s] Level 1:colcon.colcon_core.environment:checking '/home/ascachetti/Documents/trekking_ws/install/robot_gazebo/bin'
[2.425s] Level 1:colcon.colcon_core.environment:checking '/home/ascachetti/Documents/trekking_ws/install/robot_gazebo/lib/pkgconfig/robot_gazebo.pc'
[2.425s] Level 1:colcon.colcon_core.environment:checking '/home/ascachetti/Documents/trekking_ws/install/robot_gazebo/lib/python3.12/site-packages'
[2.426s] Level 1:colcon.colcon_core.environment:checking '/home/ascachetti/Documents/trekking_ws/install/robot_gazebo/bin'
[2.426s] INFO:colcon.colcon_core.shell:Creating package script '/home/ascachetti/Documents/trekking_ws/install/robot_gazebo/share/robot_gazebo/package.ps1'
[2.426s] INFO:colcon.colcon_core.shell:Creating package descriptor '/home/ascachetti/Documents/trekking_ws/install/robot_gazebo/share/robot_gazebo/package.dsv'
[2.426s] INFO:colcon.colcon_core.shell:Creating package script '/home/ascachetti/Documents/trekking_ws/install/robot_gazebo/share/robot_gazebo/package.sh'
[2.427s] INFO:colcon.colcon_core.shell:Creating package script '/home/ascachetti/Documents/trekking_ws/install/robot_gazebo/share/robot_gazebo/package.bash'
[2.427s] INFO:colcon.colcon_core.shell:Creating package script '/home/ascachetti/Documents/trekking_ws/install/robot_gazebo/share/robot_gazebo/package.zsh'
[2.427s] Level 1:colcon.colcon_core.environment:create_file_with_runtime_dependencies(/home/ascachetti/Documents/trekking_ws/install/robot_gazebo/share/colcon-core/packages/robot_gazebo)
[2.427s] Level 1:colcon.colcon_core.environment:create_environment_scripts_only(robot_gazebo)
[2.427s] Level 1:colcon.colcon_core.environment:checking '/home/ascachetti/Documents/trekking_ws/install/robot_gazebo' for CMake module files
[2.428s] Level 1:colcon.colcon_core.environment:checking '/home/ascachetti/Documents/trekking_ws/install/robot_gazebo' for CMake config files
[2.428s] Level 1:colcon.colcon_core.shell:create_environment_hook('robot_gazebo', 'cmake_prefix_path')
[2.428s] INFO:colcon.colcon_core.shell:Creating environment hook '/home/ascachetti/Documents/trekking_ws/install/robot_gazebo/share/robot_gazebo/hook/cmake_prefix_path.ps1'
[2.428s] INFO:colcon.colcon_core.shell:Creating environment descriptor '/home/ascachetti/Documents/trekking_ws/install/robot_gazebo/share/robot_gazebo/hook/cmake_prefix_path.dsv'
[2.428s] INFO:colcon.colcon_core.shell:Creating environment hook '/home/ascachetti/Documents/trekking_ws/install/robot_gazebo/share/robot_gazebo/hook/cmake_prefix_path.sh'
[2.429s] Level 1:colcon.colcon_core.environment:checking '/home/ascachetti/Documents/trekking_ws/install/robot_gazebo/bin'
[2.429s] Level 1:colcon.colcon_core.environment:checking '/home/ascachetti/Documents/trekking_ws/install/robot_gazebo/lib/pkgconfig/robot_gazebo.pc'
[2.429s] Level 1:colcon.colcon_core.environment:checking '/home/ascachetti/Documents/trekking_ws/install/robot_gazebo/lib/python3.12/site-packages'
[2.429s] Level 1:colcon.colcon_core.environment:checking '/home/ascachetti/Documents/trekking_ws/install/robot_gazebo/bin'
[2.429s] INFO:colcon.colcon_core.shell:Creating package script '/home/ascachetti/Documents/trekking_ws/install/robot_gazebo/share/robot_gazebo/package.ps1'
[2.430s] INFO:colcon.colcon_core.shell:Creating package descriptor '/home/ascachetti/Documents/trekking_ws/install/robot_gazebo/share/robot_gazebo/package.dsv'
[2.430s] INFO:colcon.colcon_core.shell:Creating package script '/home/ascachetti/Documents/trekking_ws/install/robot_gazebo/share/robot_gazebo/package.sh'
[2.430s] INFO:colcon.colcon_core.shell:Creating package script '/home/ascachetti/Documents/trekking_ws/install/robot_gazebo/share/robot_gazebo/package.bash'
[2.430s] INFO:colcon.colcon_core.shell:Creating package script '/home/ascachetti/Documents/trekking_ws/install/robot_gazebo/share/robot_gazebo/package.zsh'
[2.431s] Level 1:colcon.colcon_core.environment:create_file_with_runtime_dependencies(/home/ascachetti/Documents/trekking_ws/install/robot_gazebo/share/colcon-core/packages/robot_gazebo)
[2.431s] DEBUG:colcon.colcon_parallel_executor.executor.parallel:closing loop
[2.431s] DEBUG:colcon.colcon_parallel_executor.executor.parallel:loop closed
[2.431s] DEBUG:colcon.colcon_parallel_executor.executor.parallel:run_until_complete finished with '0'
[2.432s] DEBUG:colcon.colcon_core.event_reactor:joining thread
[2.436s] INFO:colcon.colcon_core.plugin_system:Skipping extension 'colcon_notification.desktop_notification.terminal_notifier': Not used on non-Darwin systems
[2.436s] INFO:colcon.colcon_core.plugin_system:Skipping extension 'colcon_notification.desktop_notification.win32': Not used on non-Windows systems
[2.436s] INFO:colcon.colcon_notification.desktop_notification:Sending desktop notification using 'notify2'
[2.448s] DEBUG:colcon.colcon_core.event_reactor:joined thread
[2.448s] INFO:colcon.colcon_core.shell:Creating prefix script '/home/ascachetti/Documents/trekking_ws/install/local_setup.ps1'
[2.449s] INFO:colcon.colcon_core.shell:Creating prefix util module '/home/ascachetti/Documents/trekking_ws/install/_local_setup_util_ps1.py'
[2.449s] INFO:colcon.colcon_core.shell:Creating prefix chain script '/home/ascachetti/Documents/trekking_ws/install/setup.ps1'
[2.450s] INFO:colcon.colcon_core.shell:Creating prefix script '/home/ascachetti/Documents/trekking_ws/install/local_setup.sh'
[2.450s] INFO:colcon.colcon_core.shell:Creating prefix util module '/home/ascachetti/Documents/trekking_ws/install/_local_setup_util_sh.py'
[2.450s] INFO:colcon.colcon_core.shell:Creating prefix chain script '/home/ascachetti/Documents/trekking_ws/install/setup.sh'
[2.451s] INFO:colcon.colcon_core.shell:Creating prefix script '/home/ascachetti/Documents/trekking_ws/install/local_setup.bash'
[2.451s] INFO:colcon.colcon_core.shell:Creating prefix chain script '/home/ascachetti/Documents/trekking_ws/install/setup.bash'
[2.452s] INFO:colcon.colcon_core.shell:Creating prefix script '/home/ascachetti/Documents/trekking_ws/install/local_setup.zsh'
[2.452s] INFO:colcon.colcon_core.shell:Creating prefix chain script '/home/ascachetti/Documents/trekking_ws/install/setup.zsh'
