-- Install configuration: ""
-- Up-to-date: /home/ascachetti/Documents/trekking_ws/install/robot_gazebo/share/robot_gazebo/launch
-- Up-to-date: /home/ascachetti/Documents/trekking_ws/install/robot_gazebo/share/robot_gazebo/launch/spawn_robot.launch.py
-- Up-to-date: /home/ascachetti/Documents/trekking_ws/install/robot_gazebo/share/robot_gazebo/launch/master.launch.py
-- Up-to-date: /home/ascachetti/Documents/trekking_ws/install/robot_gazebo/share/robot_gazebo/launch/environment.launch.py
-- Up-to-date: /home/ascachetti/Documents/trekking_ws/install/robot_gazebo/share/robot_gazebo/worlds
-- Up-to-date: /home/ascachetti/Documents/trekking_ws/install/robot_gazebo/share/robot_gazebo/worlds/world.sdf
-- Up-to-date: /home/ascachetti/Documents/trekking_ws/install/robot_gazebo/share/robot_gazebo/config
-- Up-to-date: /home/ascachetti/Documents/trekking_ws/install/robot_gazebo/share/robot_gazebo/config/rviz.rviz
-- Up-to-date: /home/ascachetti/Documents/trekking_ws/install/robot_gazebo/share/robot_gazebo/src
-- Up-to-date: /home/ascachetti/Documents/trekking_ws/install/robot_gazebo/share/robot_gazebo/src/best.pt
-- Up-to-date: /home/ascachetti/Documents/trekking_ws/install/robot_gazebo/share/robot_gazebo/src/perception_node.py
-- Installing: /home/ascachetti/Documents/trekking_ws/install/robot_gazebo/share/robot_gazebo/src/vision_node.py
-- Up-to-date: /home/ascachetti/Documents/trekking_ws/install/robot_gazebo/share/robot_gazebo/src/twist2ackermann.py
-- Installing: /home/ascachetti/Documents/trekking_ws/install/robot_gazebo/lib/robot_gazebo/vision_node.py
-- Up-to-date: /home/ascachetti/Documents/trekking_ws/install/robot_gazebo/share/robot_gazebo/best.pt
-- Up-to-date: /home/ascachetti/Documents/trekking_ws/install/robot_gazebo/share/ament_index/resource_index/package_run_dependencies/robot_gazebo
-- Up-to-date: /home/ascachetti/Documents/trekking_ws/install/robot_gazebo/share/ament_index/resource_index/parent_prefix_path/robot_gazebo
-- Up-to-date: /home/ascachetti/Documents/trekking_ws/install/robot_gazebo/share/robot_gazebo/environment/ament_prefix_path.sh
-- Up-to-date: /home/ascachetti/Documents/trekking_ws/install/robot_gazebo/share/robot_gazebo/environment/ament_prefix_path.dsv
-- Up-to-date: /home/ascachetti/Documents/trekking_ws/install/robot_gazebo/share/robot_gazebo/environment/path.sh
-- Up-to-date: /home/ascachetti/Documents/trekking_ws/install/robot_gazebo/share/robot_gazebo/environment/path.dsv
-- Up-to-date: /home/ascachetti/Documents/trekking_ws/install/robot_gazebo/share/robot_gazebo/local_setup.bash
-- Up-to-date: /home/ascachetti/Documents/trekking_ws/install/robot_gazebo/share/robot_gazebo/local_setup.sh
-- Up-to-date: /home/ascachetti/Documents/trekking_ws/install/robot_gazebo/share/robot_gazebo/local_setup.zsh
-- Up-to-date: /home/ascachetti/Documents/trekking_ws/install/robot_gazebo/share/robot_gazebo/local_setup.dsv
-- Installing: /home/ascachetti/Documents/trekking_ws/install/robot_gazebo/share/robot_gazebo/package.dsv
-- Up-to-date: /home/ascachetti/Documents/trekking_ws/install/robot_gazebo/share/ament_index/resource_index/packages/robot_gazebo
-- Up-to-date: /home/ascachetti/Documents/trekking_ws/install/robot_gazebo/share/robot_gazebo/cmake/robot_gazeboConfig.cmake
-- Up-to-date: /home/ascachetti/Documents/trekking_ws/install/robot_gazebo/share/robot_gazebo/cmake/robot_gazeboConfig-version.cmake
-- Up-to-date: /home/ascachetti/Documents/trekking_ws/install/robot_gazebo/share/robot_gazebo/package.xml
