[0.009s] Invoking command in '/home/diogo/Documents/Github/Trekking_2026/NoteEmbarcado/trekking_ws/build/robot_gazebo': CMAKE_PREFIX_PATH=${CMAKE_PREFIX_PATH}:/opt/ros/jazzy DEBUGINFOD_URLS=https://debuginfod.ubuntu.com /usr/bin/cmake /home/diogo/Documents/Github/Trekking_2026/NoteEmbarcado/trekking_ws/src/robot_gazebo -DCMAKE_INSTALL_PREFIX=/home/diogo/Documents/Github/Trekking_2026/NoteEmbarcado/trekking_ws/install/robot_gazebo
[0.055s] -- The C compiler identification is GNU 13.3.0
[0.100s] -- The CXX compiler identification is GNU 13.3.0
[0.112s] -- Detecting C compiler ABI info
[0.181s] -- Detecting C compiler ABI info - done
[0.195s] -- Check for working C compiler: /usr/bin/cc - skipped
[0.195s] -- Detecting C compile features
[0.196s] -- Detecting C compile features - done
[0.204s] -- Detecting CXX compiler ABI info
[0.271s] -- Detecting CXX compiler ABI info - done
[0.278s] -- Check for working CXX compiler: /usr/bin/c++ - skipped
[0.278s] -- Detecting CXX compile features
[0.278s] -- Detecting CXX compile features - done
[0.280s] -- Found ament_cmake: 2.5.6 (/opt/ros/jazzy/share/ament_cmake/cmake)
[0.393s] -- Found Python3: /usr/bin/python3 (found version "3.12.3") found components: Interpreter 
[0.508s] [31mCMake Error at CMakeLists.txt:10 (find_package):
[0.508s]   By not providing "Findros_gz_sim.cmake" in CMAKE_MODULE_PATH this project
[0.508s]   has asked CMake to find a package configuration file provided by
[0.508s]   "ros_gz_sim", but CMake did not find one.
[0.508s] 
[0.508s]   Could not find a package configuration file provided by "ros_gz_sim" with
[0.508s]   any of the following names:
[0.508s] 
[0.508s]     ros_gz_simConfig.cmake
[0.508s]     ros_gz_sim-config.cmake
[0.508s] 
[0.508s]   Add the installation prefix of "ros_gz_sim" to CMAKE_PREFIX_PATH or set
[0.508s]   "ros_gz_sim_DIR" to a directory containing one of the above files.  If
[0.509s]   "ros_gz_sim" provides a separate development package or SDK, be sure it has
[0.509s]   been installed.
[0.509s] 
[0.509s] [0m
[0.509s] -- Configuring incomplete, errors occurred!
[0.513s] Invoked command in '/home/diogo/Documents/Github/Trekking_2026/NoteEmbarcado/trekking_ws/build/robot_gazebo' returned '1': CMAKE_PREFIX_PATH=${CMAKE_PREFIX_PATH}:/opt/ros/jazzy DEBUGINFOD_URLS=https://debuginfod.ubuntu.com /usr/bin/cmake /home/diogo/Documents/Github/Trekking_2026/NoteEmbarcado/trekking_ws/src/robot_gazebo -DCMAKE_INSTALL_PREFIX=/home/diogo/Documents/Github/Trekking_2026/NoteEmbarcado/trekking_ws/install/robot_gazebo
