[0.018s] Invoking command in '/home/ascachetti/Documents/trekking_ws/build/robot_description': CMAKE_PREFIX_PATH=${CMAKE_PREFIX_PATH}:/opt/ros/jazzy DEBUGINFOD_URLS=https://debuginfod.ubuntu.com /usr/bin/cmake /home/ascachetti/Documents/trekking_ws/src/robot_description -DCMAKE_INSTALL_PREFIX=/home/ascachetti/Documents/trekking_ws/install/robot_description
[0.209s] -- The C compiler identification is GNU 13.3.0
[0.367s] -- The CXX compiler identification is GNU 13.3.0
[0.384s] -- Detecting C compiler ABI info
[0.484s] -- Detecting C compiler ABI info - done
[0.491s] -- Check for working C compiler: /usr/bin/cc - skipped
[0.491s] -- Detecting C compile features
[0.491s] -- Detecting C compile features - done
[0.498s] -- Detecting CXX compiler ABI info
[0.601s] -- Detecting CXX compiler ABI info - done
[0.614s] -- Check for working CXX compiler: /usr/bin/c++ - skipped
[0.614s] -- Detecting CXX compile features
[0.615s] -- Detecting CXX compile features - done
[0.619s] -- Found ament_cmake: 2.5.6 (/opt/ros/jazzy/share/ament_cmake/cmake)
[0.773s] -- Found Python3: /usr/bin/python3 (found version "3.12.3") found components: Interpreter 
[0.871s] -- Found urdf: 2.10.1 (/opt/ros/jazzy/share/urdf/cmake)
[0.930s] -- Found TinyXML2 via Config file: /usr/lib/x86_64-linux-gnu/cmake/tinyxml2
[0.949s] -- Found xacro: 2.1.1 (/opt/ros/jazzy/share/xacro/cmake)
[0.953s] -- Found robot_state_publisher: 3.3.4 (/opt/ros/jazzy/share/robot_state_publisher/cmake)
[0.980s] -- Found rosidl_generator_c: 4.6.9 (/opt/ros/jazzy/share/rosidl_generator_c/cmake)
[0.998s] -- Found rosidl_generator_cpp: 4.6.9 (/opt/ros/jazzy/share/rosidl_generator_cpp/cmake)
[1.014s] -- Using all available rosidl_typesupport_c: rosidl_typesupport_fastrtps_c;rosidl_typesupport_introspection_c
[1.027s] -- Using all available rosidl_typesupport_cpp: rosidl_typesupport_fastrtps_cpp;rosidl_typesupport_introspection_cpp
[1.112s] -- Found rmw_implementation_cmake: 7.3.3 (/opt/ros/jazzy/share/rmw_implementation_cmake/cmake)
[1.115s] -- Found rmw_fastrtps_cpp: 8.4.4 (/opt/ros/jazzy/share/rmw_fastrtps_cpp/cmake)
[1.141s] -- Found TinyXML2 via Config file: /usr/lib/x86_64-linux-gnu/cmake/tinyxml2
[1.204s] -- Found OpenSSL: /usr/lib/x86_64-linux-gnu/libcrypto.so (found version "3.0.13")  
[1.206s] -- Found TinyXML2 via Config file: /usr/lib/x86_64-linux-gnu/cmake/tinyxml2
[1.222s] -- Found FastRTPS: /opt/ros/jazzy/include (Required is at least version "2.13") 
[1.224s] -- Found TinyXML2 via Config file: /usr/lib/x86_64-linux-gnu/cmake/tinyxml2
[1.230s] -- Found TinyXML2 via Config file: /usr/lib/x86_64-linux-gnu/cmake/tinyxml2
[1.244s] -- Using RMW implementation 'rmw_fastrtps_cpp' as default
[1.494s] -- Found ament_lint_auto: 0.17.5 (/opt/ros/jazzy/share/ament_lint_auto/cmake)
[1.599s] -- Added test 'lint_cmake' to check CMake code style
[1.600s] -- Added test 'xmllint' to check XML markup files
[1.603s] -- Configuring done (1.6s)
[1.607s] -- Generating done (0.0s)
[1.610s] -- Build files have been written to: /home/ascachetti/Documents/trekking_ws/build/robot_description
[1.624s] Invoked command in '/home/ascachetti/Documents/trekking_ws/build/robot_description' returned '0': CMAKE_PREFIX_PATH=${CMAKE_PREFIX_PATH}:/opt/ros/jazzy DEBUGINFOD_URLS=https://debuginfod.ubuntu.com /usr/bin/cmake /home/ascachetti/Documents/trekking_ws/src/robot_description -DCMAKE_INSTALL_PREFIX=/home/ascachetti/Documents/trekking_ws/install/robot_description
[1.625s] Invoking command in '/home/ascachetti/Documents/trekking_ws/build/robot_description': CMAKE_PREFIX_PATH=${CMAKE_PREFIX_PATH}:/opt/ros/jazzy DEBUGINFOD_URLS=https://debuginfod.ubuntu.com /usr/bin/cmake --build /home/ascachetti/Documents/trekking_ws/build/robot_description -- -j12 -l12
[1.675s] Invoked command in '/home/ascachetti/Documents/trekking_ws/build/robot_description' returned '0': CMAKE_PREFIX_PATH=${CMAKE_PREFIX_PATH}:/opt/ros/jazzy DEBUGINFOD_URLS=https://debuginfod.ubuntu.com /usr/bin/cmake --build /home/ascachetti/Documents/trekking_ws/build/robot_description -- -j12 -l12
[1.676s] Invoking command in '/home/ascachetti/Documents/trekking_ws/build/robot_description': CMAKE_PREFIX_PATH=${CMAKE_PREFIX_PATH}:/opt/ros/jazzy DEBUGINFOD_URLS=https://debuginfod.ubuntu.com /usr/bin/cmake --install /home/ascachetti/Documents/trekking_ws/build/robot_description
[1.684s] -- Install configuration: ""
[1.684s] -- Installing: /home/ascachetti/Documents/trekking_ws/install/robot_description/share/robot_description/meshes
[1.684s] -- Installing: /home/ascachetti/Documents/trekking_ws/install/robot_description/share/robot_description/meshes/Chassi.stl
[1.810s] -- Installing: /home/ascachetti/Documents/trekking_ws/install/robot_description/share/robot_description/urdf
[1.810s] -- Installing: /home/ascachetti/Documents/trekking_ws/install/robot_description/share/robot_description/urdf/robot.urdf.xacro
[1.811s] -- Installing: /home/ascachetti/Documents/trekking_ws/install/robot_description/share/ament_index/resource_index/package_run_dependencies/robot_description
[1.811s] -- Installing: /home/ascachetti/Documents/trekking_ws/install/robot_description/share/ament_index/resource_index/parent_prefix_path/robot_description
[1.811s] -- Installing: /home/ascachetti/Documents/trekking_ws/install/robot_description/share/robot_description/environment/ament_prefix_path.sh
[1.811s] -- Installing: /home/ascachetti/Documents/trekking_ws/install/robot_description/share/robot_description/environment/ament_prefix_path.dsv
[1.811s] -- Installing: /home/ascachetti/Documents/trekking_ws/install/robot_description/share/robot_description/environment/path.sh
[1.811s] -- Installing: /home/ascachetti/Documents/trekking_ws/install/robot_description/share/robot_description/environment/path.dsv
[1.812s] -- Installing: /home/ascachetti/Documents/trekking_ws/install/robot_description/share/robot_description/local_setup.bash
[1.812s] -- Installing: /home/ascachetti/Documents/trekking_ws/install/robot_description/share/robot_description/local_setup.sh
[1.812s] -- Installing: /home/ascachetti/Documents/trekking_ws/install/robot_description/share/robot_description/local_setup.zsh
[1.812s] -- Installing: /home/ascachetti/Documents/trekking_ws/install/robot_description/share/robot_description/local_setup.dsv
[1.812s] -- Installing: /home/ascachetti/Documents/trekking_ws/install/robot_description/share/robot_description/package.dsv
[1.812s] -- Installing: /home/ascachetti/Documents/trekking_ws/install/robot_description/share/ament_index/resource_index/packages/robot_description
[1.812s] -- Installing: /home/ascachetti/Documents/trekking_ws/install/robot_description/share/robot_description/cmake/robot_descriptionConfig.cmake
[1.812s] -- Installing: /home/ascachetti/Documents/trekking_ws/install/robot_description/share/robot_description/cmake/robot_descriptionConfig-version.cmake
[1.813s] -- Installing: /home/ascachetti/Documents/trekking_ws/install/robot_description/share/robot_description/package.xml
[1.814s] Invoked command in '/home/ascachetti/Documents/trekking_ws/build/robot_description' returned '0': CMAKE_PREFIX_PATH=${CMAKE_PREFIX_PATH}:/opt/ros/jazzy DEBUGINFOD_URLS=https://debuginfod.ubuntu.com /usr/bin/cmake --install /home/ascachetti/Documents/trekking_ws/build/robot_description
