[0.012s] Invoking command in '/home/diogo/Documents/Github/Trekking_2026/NoteEmbarcado/trekking_ws/build/robot_interfaces': CMAKE_PREFIX_PATH=${CMAKE_PREFIX_PATH}:/opt/ros/jazzy DEBUGINFOD_URLS=https://debuginfod.ubuntu.com /usr/bin/cmake --build /home/diogo/Documents/Github/Trekking_2026/NoteEmbarcado/trekking_ws/build/robot_interfaces -- -j16 -l16
[0.060s] [  4%] [34m[1mGenerating type hashes for ROS interfaces[0m
[0.060s] [  4%] [34m[1mGenerating Rust code for ROS interfaces[0m
[0.066s] [  4%] Built target ament_cmake_python_copy_robot_interfaces
[0.214s] running egg_info
[0.214s] creating robot_interfaces.egg-info
[0.221s] [  4%] Built target robot_interfaces__rosidl_generator_type_description
[0.227s] writing robot_interfaces.egg-info/PKG-INFO
[0.227s] writing dependency_links to robot_interfaces.egg-info/dependency_links.txt
[0.227s] writing top-level names to robot_interfaces.egg-info/top_level.txt
[0.227s] writing manifest file 'robot_interfaces.egg-info/SOURCES.txt'
[0.227s] [  4%] Built target robot_interfaces__rs
[0.230s] [  6%] [34m[1mGenerating C code for ROS interfaces[0m
[0.242s] [  8%] [34m[1mGenerating C++ code for ROS interfaces[0m
[0.263s] reading manifest file 'robot_interfaces.egg-info/SOURCES.txt'
[0.263s] writing manifest file 'robot_interfaces.egg-info/SOURCES.txt'
[0.282s] [  8%] Built target ament_cmake_python_build_robot_interfaces_egg
[0.446s] [ 11%] [32mBuilding C object CMakeFiles/robot_interfaces__rosidl_generator_c.dir/rosidl_generator_c/robot_interfaces/msg/detail/uart_data__description.c.o[0m
[0.446s] [ 13%] [32mBuilding C object CMakeFiles/robot_interfaces__rosidl_generator_c.dir/rosidl_generator_c/robot_interfaces/msg/detail/velocity_data__description.c.o[0m
[0.446s] [ 15%] [32mBuilding C object CMakeFiles/robot_interfaces__rosidl_generator_c.dir/rosidl_generator_c/robot_interfaces/msg/detail/uart_data__type_support.c.o[0m
[0.447s] [ 15%] Built target robot_interfaces__cpp
[0.448s] [ 20%] [32mBuilding C object CMakeFiles/robot_interfaces__rosidl_generator_c.dir/rosidl_generator_c/robot_interfaces/msg/detail/uart_data__functions.c.o[0m
[0.448s] [ 20%] [32mBuilding C object CMakeFiles/robot_interfaces__rosidl_generator_c.dir/rosidl_generator_c/robot_interfaces/msg/detail/velocity_data__functions.c.o[0m
[0.448s] [ 22%] [32mBuilding C object CMakeFiles/robot_interfaces__rosidl_generator_c.dir/rosidl_generator_c/robot_interfaces/msg/detail/velocity_data__type_support.c.o[0m
[0.498s] [ 24%] [32m[1mLinking C shared library librobot_interfaces__rosidl_generator_c.so[0m
[0.538s] [ 24%] Built target robot_interfaces__rosidl_generator_c
[0.550s] [ 28%] [34m[1mGenerating C type support dispatch for ROS interfaces[0m
[0.551s] [ 31%] [34m[1mGenerating C introspection for ROS interfaces[0m
[0.551s] [ 31%] [34m[1mGenerating C++ introspection for ROS interfaces[0m
[0.551s] [ 33%] [34m[1mGenerating C++ type support for eProsima Fast-RTPS[0m
[0.551s] [ 35%] [34m[1mGenerating C++ type support dispatch for ROS interfaces[0m
[0.558s] [ 37%] [34m[1mGenerating C type support for eProsima Fast-RTPS[0m
[0.733s] [ 40%] [32mBuilding CXX object CMakeFiles/robot_interfaces__rosidl_typesupport_c.dir/rosidl_typesupport_c/robot_interfaces/msg/velocity_data__type_support.cpp.o[0m
[0.735s] [ 42%] [32mBuilding CXX object CMakeFiles/robot_interfaces__rosidl_typesupport_cpp.dir/rosidl_typesupport_cpp/robot_interfaces/msg/uart_data__type_support.cpp.o[0m
[0.735s] [ 44%] [32mBuilding CXX object CMakeFiles/robot_interfaces__rosidl_typesupport_cpp.dir/rosidl_typesupport_cpp/robot_interfaces/msg/velocity_data__type_support.cpp.o[0m
[0.736s] [ 46%] [32mBuilding CXX object CMakeFiles/robot_interfaces__rosidl_typesupport_c.dir/rosidl_typesupport_c/robot_interfaces/msg/uart_data__type_support.cpp.o[0m
[0.749s] [ 48%] [32mBuilding CXX object CMakeFiles/robot_interfaces__rosidl_typesupport_introspection_cpp.dir/rosidl_typesupport_introspection_cpp/robot_interfaces/msg/detail/uart_data__type_support.cpp.o[0m
[0.749s] [ 51%] [32mBuilding CXX object CMakeFiles/robot_interfaces__rosidl_typesupport_introspection_cpp.dir/rosidl_typesupport_introspection_cpp/robot_interfaces/msg/detail/velocity_data__type_support.cpp.o[0m
[0.761s] [ 53%] [32mBuilding CXX object CMakeFiles/robot_interfaces__rosidl_typesupport_fastrtps_cpp.dir/rosidl_typesupport_fastrtps_cpp/robot_interfaces/msg/detail/dds_fastrtps/velocity_data__type_support.cpp.o[0m
[0.761s] [ 55%] [32mBuilding CXX object CMakeFiles/robot_interfaces__rosidl_typesupport_fastrtps_cpp.dir/rosidl_typesupport_fastrtps_cpp/robot_interfaces/msg/detail/dds_fastrtps/uart_data__type_support.cpp.o[0m
[0.784s] [ 57%] [32m[1mLinking CXX shared library librobot_interfaces__rosidl_typesupport_c.so[0m
[0.785s] [ 60%] [32mBuilding CXX object CMakeFiles/robot_interfaces__rosidl_typesupport_fastrtps_c.dir/rosidl_typesupport_fastrtps_c/robot_interfaces/msg/detail/uart_data__type_support_c.cpp.o[0m
[0.786s] [ 62%] [32mBuilding CXX object CMakeFiles/robot_interfaces__rosidl_typesupport_fastrtps_c.dir/rosidl_typesupport_fastrtps_c/robot_interfaces/msg/detail/velocity_data__type_support_c.cpp.o[0m
[0.817s] [ 62%] Built target robot_interfaces__rosidl_typesupport_c
[0.868s] [ 64%] [32mBuilding C object CMakeFiles/robot_interfaces__rosidl_typesupport_introspection_c.dir/rosidl_typesupport_introspection_c/robot_interfaces/msg/detail/velocity_data__type_support.c.o[0m
[0.869s] [ 66%] [32mBuilding C object CMakeFiles/robot_interfaces__rosidl_typesupport_introspection_c.dir/rosidl_typesupport_introspection_c/robot_interfaces/msg/detail/uart_data__type_support.c.o[0m
[0.906s] [ 68%] [32m[1mLinking C shared library librobot_interfaces__rosidl_typesupport_introspection_c.so[0m
[0.931s] [ 68%] Built target robot_interfaces__rosidl_typesupport_introspection_c
[1.082s] [ 71%] [32m[1mLinking CXX shared library librobot_interfaces__rosidl_typesupport_introspection_cpp.so[0m
[1.100s] [ 73%] [32m[1mLinking CXX shared library librobot_interfaces__rosidl_typesupport_fastrtps_cpp.so[0m
[1.107s] [ 75%] [32m[1mLinking CXX shared library librobot_interfaces__rosidl_typesupport_cpp.so[0m
[1.115s] [ 75%] Built target robot_interfaces__rosidl_typesupport_introspection_cpp
[1.140s] [ 75%] Built target robot_interfaces__rosidl_typesupport_fastrtps_cpp
[1.147s] [ 75%] Built target robot_interfaces__rosidl_typesupport_cpp
[1.159s] [ 77%] [32m[1mLinking CXX shared library librobot_interfaces__rosidl_typesupport_fastrtps_c.so[0m
[1.200s] [ 77%] Built target robot_interfaces__rosidl_typesupport_fastrtps_c
[1.219s] [ 77%] Built target robot_interfaces
[1.238s] [ 80%] [34m[1mGenerating Python code for ROS interfaces[0m
[1.472s] [ 80%] Built target robot_interfaces__py
[1.501s] [ 82%] [32mBuilding C object CMakeFiles/robot_interfaces__rosidl_generator_py.dir/rosidl_generator_py/robot_interfaces/msg/_velocity_data_s.c.o[0m
[1.501s] [ 84%] [32mBuilding C object CMakeFiles/robot_interfaces__rosidl_generator_py.dir/rosidl_generator_py/robot_interfaces/msg/_uart_data_s.c.o[0m
[1.587s] [ 86%] [32m[1mLinking C shared library librobot_interfaces__rosidl_generator_py.so[0m
[1.618s] [ 86%] Built target robot_interfaces__rosidl_generator_py
[1.634s] [ 88%] [32mBuilding C object CMakeFiles/robot_interfaces_s__rosidl_typesupport_c.dir/rosidl_generator_py/robot_interfaces/_robot_interfaces_s.ep.rosidl_typesupport_c.c.o[0m
[1.634s] [ 91%] [32mBuilding C object CMakeFiles/robot_interfaces_s__rosidl_typesupport_fastrtps_c.dir/rosidl_generator_py/robot_interfaces/_robot_interfaces_s.ep.rosidl_typesupport_fastrtps_c.c.o[0m
[1.637s] [ 93%] [32mBuilding C object CMakeFiles/robot_interfaces_s__rosidl_typesupport_introspection_c.dir/rosidl_generator_py/robot_interfaces/_robot_interfaces_s.ep.rosidl_typesupport_introspection_c.c.o[0m
[1.700s] [ 95%] [32m[1mLinking C shared module rosidl_generator_py/robot_interfaces/robot_interfaces_s__rosidl_typesupport_fastrtps_c.so[0m
[1.702s] [ 97%] [32m[1mLinking C shared module rosidl_generator_py/robot_interfaces/robot_interfaces_s__rosidl_typesupport_c.so[0m
[1.707s] [100%] [32m[1mLinking C shared module rosidl_generator_py/robot_interfaces/robot_interfaces_s__rosidl_typesupport_introspection_c.so[0m
[1.722s] [100%] Built target robot_interfaces_s__rosidl_typesupport_fastrtps_c
[1.727s] [100%] Built target robot_interfaces_s__rosidl_typesupport_c
[1.731s] [100%] Built target robot_interfaces_s__rosidl_typesupport_introspection_c
