[0.018s] Invoking command in '/home/ascachetti/Documents/trekking_ws/build/robot_gazebo': CMAKE_PREFIX_PATH=${CMAKE_PREFIX_PATH}:/opt/ros/jazzy DEBUGINFOD_URLS=https://debuginfod.ubuntu.com VIRTUAL_ENV_PROMPT=(yolo_env) /usr/bin/cmake --build /home/ascachetti/Documents/trekking_ws/build/robot_gazebo -- -j12 -l12
[0.050s] Invoked command in '/home/ascachetti/Documents/trekking_ws/build/robot_gazebo' returned '0': CMAKE_PREFIX_PATH=${CMAKE_PREFIX_PATH}:/opt/ros/jazzy DEBUGINFOD_URLS=https://debuginfod.ubuntu.com VIRTUAL_ENV_PROMPT=(yolo_env) /usr/bin/cmake --build /home/ascachetti/Documents/trekking_ws/build/robot_gazebo -- -j12 -l12
[0.051s] Invoking command in '/home/ascachetti/Documents/trekking_ws/build/robot_gazebo': CMAKE_PREFIX_PATH=${CMAKE_PREFIX_PATH}:/opt/ros/jazzy DEBUGINFOD_URLS=https://debuginfod.ubuntu.com VIRTUAL_ENV_PROMPT=(yolo_env) /usr/bin/cmake --install /home/ascachetti/Documents/trekking_ws/build/robot_gazebo
[0.056s] -- Install configuration: ""
[0.057s] -- Up-to-date: /home/ascachetti/Documents/trekking_ws/install/robot_gazebo/share/robot_gazebo/launch
[0.057s] -- Up-to-date: /home/ascachetti/Documents/trekking_ws/install/robot_gazebo/share/robot_gazebo/launch/spawn_robot.launch.py
[0.057s] -- Up-to-date: /home/ascachetti/Documents/trekking_ws/install/robot_gazebo/share/robot_gazebo/launch/master.launch.py
[0.059s] -- Up-to-date: /home/ascachetti/Documents/trekking_ws/install/robot_gazebo/share/robot_gazebo/launch/environment.launch.py
[0.059s] -- Up-to-date: /home/ascachetti/Documents/trekking_ws/install/robot_gazebo/share/robot_gazebo/worlds
[0.060s] -- Up-to-date: /home/ascachetti/Documents/trekking_ws/install/robot_gazebo/share/robot_gazebo/worlds/world.sdf
[0.060s] -- Up-to-date: /home/ascachetti/Documents/trekking_ws/install/robot_gazebo/share/robot_gazebo/config
[0.060s] -- Up-to-date: /home/ascachetti/Documents/trekking_ws/install/robot_gazebo/share/robot_gazebo/config/rviz.rviz
[0.060s] -- Up-to-date: /home/ascachetti/Documents/trekking_ws/install/robot_gazebo/share/robot_gazebo/src
[0.061s] -- Up-to-date: /home/ascachetti/Documents/trekking_ws/install/robot_gazebo/share/robot_gazebo/src/best.pt
[0.061s] -- Up-to-date: /home/ascachetti/Documents/trekking_ws/install/robot_gazebo/share/robot_gazebo/src/perception_node.py
[0.062s] -- Installing: /home/ascachetti/Documents/trekking_ws/install/robot_gazebo/share/robot_gazebo/src/vision_node.py
[0.062s] -- Up-to-date: /home/ascachetti/Documents/trekking_ws/install/robot_gazebo/share/robot_gazebo/src/twist2ackermann.py
[0.062s] -- Installing: /home/ascachetti/Documents/trekking_ws/install/robot_gazebo/lib/robot_gazebo/vision_node.py
[0.063s] -- Up-to-date: /home/ascachetti/Documents/trekking_ws/install/robot_gazebo/share/ament_index/resource_index/package_run_dependencies/robot_gazebo
[0.063s] -- Up-to-date: /home/ascachetti/Documents/trekking_ws/install/robot_gazebo/share/ament_index/resource_index/parent_prefix_path/robot_gazebo
[0.063s] -- Up-to-date: /home/ascachetti/Documents/trekking_ws/install/robot_gazebo/share/robot_gazebo/environment/ament_prefix_path.sh
[0.063s] -- Up-to-date: /home/ascachetti/Documents/trekking_ws/install/robot_gazebo/share/robot_gazebo/environment/ament_prefix_path.dsv
[0.063s] -- Up-to-date: /home/ascachetti/Documents/trekking_ws/install/robot_gazebo/share/robot_gazebo/environment/path.sh
[0.063s] -- Up-to-date: /home/ascachetti/Documents/trekking_ws/install/robot_gazebo/share/robot_gazebo/environment/path.dsv
[0.063s] -- Up-to-date: /home/ascachetti/Documents/trekking_ws/install/robot_gazebo/share/robot_gazebo/local_setup.bash
[0.063s] -- Up-to-date: /home/ascachetti/Documents/trekking_ws/install/robot_gazebo/share/robot_gazebo/local_setup.sh
[0.063s] -- Up-to-date: /home/ascachetti/Documents/trekking_ws/install/robot_gazebo/share/robot_gazebo/local_setup.zsh
[0.064s] -- Up-to-date: /home/ascachetti/Documents/trekking_ws/install/robot_gazebo/share/robot_gazebo/local_setup.dsv
[0.064s] -- Installing: /home/ascachetti/Documents/trekking_ws/install/robot_gazebo/share/robot_gazebo/package.dsv
[0.064s] -- Up-to-date: /home/ascachetti/Documents/trekking_ws/install/robot_gazebo/share/ament_index/resource_index/packages/robot_gazebo
[0.064s] -- Up-to-date: /home/ascachetti/Documents/trekking_ws/install/robot_gazebo/share/robot_gazebo/cmake/robot_gazeboConfig.cmake
[0.064s] -- Up-to-date: /home/ascachetti/Documents/trekking_ws/install/robot_gazebo/share/robot_gazebo/cmake/robot_gazeboConfig-version.cmake
[0.065s] -- Up-to-date: /home/ascachetti/Documents/trekking_ws/install/robot_gazebo/share/robot_gazebo/package.xml
[0.093s] Invoked command in '/home/ascachetti/Documents/trekking_ws/build/robot_gazebo' returned '0': CMAKE_PREFIX_PATH=${CMAKE_PREFIX_PATH}:/opt/ros/jazzy DEBUGINFOD_URLS=https://debuginfod.ubuntu.com VIRTUAL_ENV_PROMPT=(yolo_env) /usr/bin/cmake --install /home/ascachetti/Documents/trekking_ws/build/robot_gazebo
