[0.026s] Invoking command in '/home/diogo/Documents/Github/Trekking_2026/NoteEmbarcado/trekking_ws/build/robot_gazebo': CMAKE_PREFIX_PATH=${CMAKE_PREFIX_PATH}:/opt/ros/jazzy DEBUGINFOD_URLS=https://debuginfod.ubuntu.com /usr/bin/cmake /home/diogo/Documents/Github/Trekking_2026/NoteEmbarcado/trekking_ws/src/robot_gazebo -DCMAKE_INSTALL_PREFIX=/home/diogo/Documents/Github/Trekking_2026/NoteEmbarcado/trekking_ws/install/robot_gazebo
[0.043s] -- Found ament_cmake: 2.5.6 (/opt/ros/jazzy/share/ament_cmake/cmake)
[0.266s] -- Found ros_gz_sim: 1.0.24 (/opt/ros/jazzy/share/ros_gz_sim/cmake)
[0.290s] -- Found rosidl_generator_c: 4.6.9 (/opt/ros/jazzy/share/rosidl_generator_c/cmake)
[0.296s] -- Found rosidl_generator_cpp: 4.6.9 (/opt/ros/jazzy/share/rosidl_generator_cpp/cmake)
[0.305s] -- Using all available rosidl_typesupport_c: rosidl_typesupport_fastrtps_c;rosidl_typesupport_introspection_c
[0.314s] -- Using all available rosidl_typesupport_cpp: rosidl_typesupport_fastrtps_cpp;rosidl_typesupport_introspection_cpp
[0.361s] -- Found rmw_implementation_cmake: 7.3.4 (/opt/ros/jazzy/share/rmw_implementation_cmake/cmake)
[0.362s] -- Found rmw_fastrtps_cpp: 8.4.4 (/opt/ros/jazzy/share/rmw_fastrtps_cpp/cmake)
[0.414s] -- Using RMW implementation 'rmw_fastrtps_cpp' as default
[0.580s] -- Found ros_gz_bridge: 1.0.24 (/opt/ros/jazzy/share/ros_gz_bridge/cmake)
[0.606s] -- Looking for gz-msgs10 -- found version 10.4.0
[0.617s] -- Searching for dependencies of gz-msgs10
[0.725s] -- Found Protobuf: /usr/lib/x86_64-linux-gnu/libprotobuf.so (found version "3.21.12") 
[0.730s] -- Looking for gz-utils2 -- found version 2.2.1
[0.730s] -- Searching for dependencies of gz-utils2
[0.736s] -- Looking for gz-math7 -- found version 7.7.0
[0.737s] -- Searching for dependencies of gz-math7
[0.737s] -- Looking for gz-utils2 -- found version 2.2.1
[0.743s] -- Checking for module 'tinyxml2'
[0.757s] --   Found tinyxml2, version 10.0.0
[0.791s] -- Looking for gz-transport13 -- found version 13.6.0
[0.791s] -- Searching for dependencies of gz-transport13
[0.819s] -- Config-file not installed for ZeroMQ -- checking for pkg-config
[0.825s] -- Checking for module 'libzmq >= 4'
[0.848s] --   Found libzmq, version 4.3.5
[0.925s] -- Found ZeroMQ: TRUE (Required is at least version "4") 
[0.931s] -- Checking for module 'uuid'
[0.946s] --   Found uuid, version 2.39.3
[0.995s] -- Found UUID: TRUE  
[0.995s] -- Looking for gz-utils2 -- found version 2.2.1
[0.996s] -- Searching for dependencies of gz-utils2
[0.996s] -- Searching for <gz-utils2> component [cli]
[0.999s] -- Looking for gz-utils2-cli -- found version 2.2.1
[0.999s] -- Searching for dependencies of gz-utils2-cli
[1.000s] -- Looking for gz-msgs10 -- found version 10.4.0
[1.176s] -- Found ament_lint_auto: 0.17.5 (/opt/ros/jazzy/share/ament_lint_auto/cmake)
[1.265s] -- Added test 'flake8' to check Python code syntax and style conventions
[1.265s] -- Configured 'flake8' exclude dirs and/or files: 
[1.266s] -- Added test 'lint_cmake' to check CMake code style
[1.266s] -- Added test 'pep257' to check Python code against some of the docstring style conventions in PEP 257
[1.268s] -- Added test 'xmllint' to check XML markup files
[1.269s] -- Configuring done (1.2s)
[1.273s] -- Generating done (0.0s)
[1.275s] -- Build files have been written to: /home/diogo/Documents/Github/Trekking_2026/NoteEmbarcado/trekking_ws/build/robot_gazebo
[1.282s] Invoked command in '/home/diogo/Documents/Github/Trekking_2026/NoteEmbarcado/trekking_ws/build/robot_gazebo' returned '0': CMAKE_PREFIX_PATH=${CMAKE_PREFIX_PATH}:/opt/ros/jazzy DEBUGINFOD_URLS=https://debuginfod.ubuntu.com /usr/bin/cmake /home/diogo/Documents/Github/Trekking_2026/NoteEmbarcado/trekking_ws/src/robot_gazebo -DCMAKE_INSTALL_PREFIX=/home/diogo/Documents/Github/Trekking_2026/NoteEmbarcado/trekking_ws/install/robot_gazebo
[1.283s] Invoking command in '/home/diogo/Documents/Github/Trekking_2026/NoteEmbarcado/trekking_ws/build/robot_gazebo': CMAKE_PREFIX_PATH=${CMAKE_PREFIX_PATH}:/opt/ros/jazzy DEBUGINFOD_URLS=https://debuginfod.ubuntu.com /usr/bin/cmake --build /home/diogo/Documents/Github/Trekking_2026/NoteEmbarcado/trekking_ws/build/robot_gazebo -- -j16 -l16
[1.329s] Invoked command in '/home/diogo/Documents/Github/Trekking_2026/NoteEmbarcado/trekking_ws/build/robot_gazebo' returned '0': CMAKE_PREFIX_PATH=${CMAKE_PREFIX_PATH}:/opt/ros/jazzy DEBUGINFOD_URLS=https://debuginfod.ubuntu.com /usr/bin/cmake --build /home/diogo/Documents/Github/Trekking_2026/NoteEmbarcado/trekking_ws/build/robot_gazebo -- -j16 -l16
[1.331s] Invoking command in '/home/diogo/Documents/Github/Trekking_2026/NoteEmbarcado/trekking_ws/build/robot_gazebo': CMAKE_PREFIX_PATH=${CMAKE_PREFIX_PATH}:/opt/ros/jazzy DEBUGINFOD_URLS=https://debuginfod.ubuntu.com /usr/bin/cmake --install /home/diogo/Documents/Github/Trekking_2026/NoteEmbarcado/trekking_ws/build/robot_gazebo
[1.343s] -- Install configuration: ""
[1.343s] -- Installing: /home/diogo/Documents/Github/Trekking_2026/NoteEmbarcado/trekking_ws/install/robot_gazebo/share/robot_gazebo/launch
[1.343s] -- Installing: /home/diogo/Documents/Github/Trekking_2026/NoteEmbarcado/trekking_ws/install/robot_gazebo/share/robot_gazebo/launch/environment.launch.py
[1.344s] -- Installing: /home/diogo/Documents/Github/Trekking_2026/NoteEmbarcado/trekking_ws/install/robot_gazebo/share/robot_gazebo/launch/master.launch.py
[1.344s] -- Installing: /home/diogo/Documents/Github/Trekking_2026/NoteEmbarcado/trekking_ws/install/robot_gazebo/share/robot_gazebo/launch/spawn_robot.launch.py
[1.344s] -- Installing: /home/diogo/Documents/Github/Trekking_2026/NoteEmbarcado/trekking_ws/install/robot_gazebo/share/robot_gazebo/worlds
[1.344s] -- Installing: /home/diogo/Documents/Github/Trekking_2026/NoteEmbarcado/trekking_ws/install/robot_gazebo/share/robot_gazebo/worlds/world.sdf
[1.344s] -- Installing: /home/diogo/Documents/Github/Trekking_2026/NoteEmbarcado/trekking_ws/install/robot_gazebo/share/robot_gazebo/config
[1.344s] -- Installing: /home/diogo/Documents/Github/Trekking_2026/NoteEmbarcado/trekking_ws/install/robot_gazebo/share/robot_gazebo/config/rviz.rviz
[1.344s] -- Installing: /home/diogo/Documents/Github/Trekking_2026/NoteEmbarcado/trekking_ws/install/robot_gazebo/share/robot_gazebo/src
[1.344s] -- Installing: /home/diogo/Documents/Github/Trekking_2026/NoteEmbarcado/trekking_ws/install/robot_gazebo/share/robot_gazebo/src/best.pt
[1.350s] -- Installing: /home/diogo/Documents/Github/Trekking_2026/NoteEmbarcado/trekking_ws/install/robot_gazebo/share/robot_gazebo/src/vision_node.py
[1.350s] -- Installing: /home/diogo/Documents/Github/Trekking_2026/NoteEmbarcado/trekking_ws/install/robot_gazebo/share/robot_gazebo/src/best_openvino_model
[1.350s] -- Installing: /home/diogo/Documents/Github/Trekking_2026/NoteEmbarcado/trekking_ws/install/robot_gazebo/share/robot_gazebo/src/best_openvino_model/best.bin
[1.361s] -- Installing: /home/diogo/Documents/Github/Trekking_2026/NoteEmbarcado/trekking_ws/install/robot_gazebo/share/robot_gazebo/src/best_openvino_model/metadata.yaml
[1.362s] -- Installing: /home/diogo/Documents/Github/Trekking_2026/NoteEmbarcado/trekking_ws/install/robot_gazebo/share/robot_gazebo/src/best_openvino_model/best.xml
[1.362s] -- Installing: /home/diogo/Documents/Github/Trekking_2026/NoteEmbarcado/trekking_ws/install/robot_gazebo/share/robot_gazebo/src/twist2ackermann.py
[1.362s] -- Installing: /home/diogo/Documents/Github/Trekking_2026/NoteEmbarcado/trekking_ws/install/robot_gazebo/share/robot_gazebo/src/perception_node.py
[1.362s] -- Installing: /home/diogo/Documents/Github/Trekking_2026/NoteEmbarcado/trekking_ws/install/robot_gazebo/share/robot_gazebo/src/uart_comm.py
[1.362s] -- Installing: /home/diogo/Documents/Github/Trekking_2026/NoteEmbarcado/trekking_ws/install/robot_gazebo/share/robot_gazebo/src/odom_node.py
[1.362s] -- Installing: /home/diogo/Documents/Github/Trekking_2026/NoteEmbarcado/trekking_ws/install/robot_gazebo/lib/robot_gazebo/vision_node.py
[1.362s] -- Installing: /home/diogo/Documents/Github/Trekking_2026/NoteEmbarcado/trekking_ws/install/robot_gazebo/lib/robot_gazebo/perception_node.py
[1.363s] -- Installing: /home/diogo/Documents/Github/Trekking_2026/NoteEmbarcado/trekking_ws/install/robot_gazebo/lib/robot_gazebo/twist2ackermann.py
[1.363s] -- Installing: /home/diogo/Documents/Github/Trekking_2026/NoteEmbarcado/trekking_ws/install/robot_gazebo/lib/robot_gazebo/odom_node.py
[1.363s] -- Installing: /home/diogo/Documents/Github/Trekking_2026/NoteEmbarcado/trekking_ws/install/robot_gazebo/lib/robot_gazebo/uart_comm.py
[1.363s] -- Installing: /home/diogo/Documents/Github/Trekking_2026/NoteEmbarcado/trekking_ws/install/robot_gazebo/share/ament_index/resource_index/package_run_dependencies/robot_gazebo
[1.363s] -- Installing: /home/diogo/Documents/Github/Trekking_2026/NoteEmbarcado/trekking_ws/install/robot_gazebo/share/ament_index/resource_index/parent_prefix_path/robot_gazebo
[1.363s] -- Installing: /home/diogo/Documents/Github/Trekking_2026/NoteEmbarcado/trekking_ws/install/robot_gazebo/share/robot_gazebo/environment/ament_prefix_path.sh
[1.363s] -- Installing: /home/diogo/Documents/Github/Trekking_2026/NoteEmbarcado/trekking_ws/install/robot_gazebo/share/robot_gazebo/environment/ament_prefix_path.dsv
[1.363s] -- Installing: /home/diogo/Documents/Github/Trekking_2026/NoteEmbarcado/trekking_ws/install/robot_gazebo/share/robot_gazebo/environment/path.sh
[1.364s] -- Installing: /home/diogo/Documents/Github/Trekking_2026/NoteEmbarcado/trekking_ws/install/robot_gazebo/share/robot_gazebo/environment/path.dsv
[1.364s] -- Installing: /home/diogo/Documents/Github/Trekking_2026/NoteEmbarcado/trekking_ws/install/robot_gazebo/share/robot_gazebo/local_setup.bash
[1.364s] -- Installing: /home/diogo/Documents/Github/Trekking_2026/NoteEmbarcado/trekking_ws/install/robot_gazebo/share/robot_gazebo/local_setup.sh
[1.364s] -- Installing: /home/diogo/Documents/Github/Trekking_2026/NoteEmbarcado/trekking_ws/install/robot_gazebo/share/robot_gazebo/local_setup.zsh
[1.364s] -- Installing: /home/diogo/Documents/Github/Trekking_2026/NoteEmbarcado/trekking_ws/install/robot_gazebo/share/robot_gazebo/local_setup.dsv
[1.364s] -- Installing: /home/diogo/Documents/Github/Trekking_2026/NoteEmbarcado/trekking_ws/install/robot_gazebo/share/robot_gazebo/package.dsv
[1.364s] -- Installing: /home/diogo/Documents/Github/Trekking_2026/NoteEmbarcado/trekking_ws/install/robot_gazebo/share/ament_index/resource_index/packages/robot_gazebo
[1.364s] -- Installing: /home/diogo/Documents/Github/Trekking_2026/NoteEmbarcado/trekking_ws/install/robot_gazebo/share/robot_gazebo/cmake/robot_gazeboConfig.cmake
[1.364s] -- Installing: /home/diogo/Documents/Github/Trekking_2026/NoteEmbarcado/trekking_ws/install/robot_gazebo/share/robot_gazebo/cmake/robot_gazeboConfig-version.cmake
[1.365s] -- Installing: /home/diogo/Documents/Github/Trekking_2026/NoteEmbarcado/trekking_ws/install/robot_gazebo/share/robot_gazebo/package.xml
[1.366s] Invoked command in '/home/diogo/Documents/Github/Trekking_2026/NoteEmbarcado/trekking_ws/build/robot_gazebo' returned '0': CMAKE_PREFIX_PATH=${CMAKE_PREFIX_PATH}:/opt/ros/jazzy DEBUGINFOD_URLS=https://debuginfod.ubuntu.com /usr/bin/cmake --install /home/diogo/Documents/Github/Trekking_2026/NoteEmbarcado/trekking_ws/build/robot_gazebo
