[0.019s] Invoking command in '/home/ascachetti/Documents/trekking_ws/build/robot_core': CMAKE_PREFIX_PATH=${CMAKE_PREFIX_PATH}:/opt/ros/jazzy DEBUGINFOD_URLS=https://debuginfod.ubuntu.com /usr/bin/cmake /home/ascachetti/Documents/trekking_ws/src/robot_core -DCMAKE_INSTALL_PREFIX=/home/ascachetti/Documents/trekking_ws/install/robot_core
[0.216s] -- The C compiler identification is GNU 13.3.0
[0.366s] -- The CXX compiler identification is GNU 13.3.0
[0.385s] -- Detecting C compiler ABI info
[0.470s] -- Detecting C compiler ABI info - done
[0.477s] -- Check for working C compiler: /usr/bin/cc - skipped
[0.478s] -- Detecting C compile features
[0.478s] -- Detecting C compile features - done
[0.487s] -- Detecting CXX compiler ABI info
[0.573s] -- Detecting CXX compiler ABI info - done
[0.580s] -- Check for working CXX compiler: /usr/bin/c++ - skipped
[0.580s] -- Detecting CXX compile features
[0.580s] -- Detecting CXX compile features - done
[0.603s] -- Found ament_cmake: 2.5.6 (/opt/ros/jazzy/share/ament_cmake/cmake)
[0.737s] -- Found Python3: /usr/bin/python3 (found version "3.12.3") found components: Interpreter 
[0.864s] -- Found rclcpp: 28.1.21 (/opt/ros/jazzy/share/rclcpp/cmake)
[0.922s] -- Found rosidl_generator_c: 4.6.9 (/opt/ros/jazzy/share/rosidl_generator_c/cmake)
[0.940s] -- Found rosidl_generator_cpp: 4.6.9 (/opt/ros/jazzy/share/rosidl_generator_cpp/cmake)
[0.963s] -- Using all available rosidl_typesupport_c: rosidl_typesupport_fastrtps_c;rosidl_typesupport_introspection_c
[0.994s] -- Using all available rosidl_typesupport_cpp: rosidl_typesupport_fastrtps_cpp;rosidl_typesupport_introspection_cpp
[1.117s] -- Found rmw_implementation_cmake: 7.3.3 (/opt/ros/jazzy/share/rmw_implementation_cmake/cmake)
[1.122s] -- Found rmw_fastrtps_cpp: 8.4.4 (/opt/ros/jazzy/share/rmw_fastrtps_cpp/cmake)
[1.205s] -- Found OpenSSL: /usr/lib/x86_64-linux-gnu/libcrypto.so (found version "3.0.13")  
[1.223s] -- Found FastRTPS: /opt/ros/jazzy/include (Required is at least version "2.13") 
[1.247s] -- Using RMW implementation 'rmw_fastrtps_cpp' as default
[1.326s] -- Found sensor_msgs: 5.3.8 (/opt/ros/jazzy/share/sensor_msgs/cmake)
[1.390s] -- Found nav_msgs: 5.3.8 (/opt/ros/jazzy/share/nav_msgs/cmake)
[1.416s] -- Found tf2: 0.36.21 (/opt/ros/jazzy/share/tf2/cmake)
[1.421s] -- Found tf2_ros: 0.36.21 (/opt/ros/jazzy/share/tf2_ros/cmake)
[1.520s] -- Found ament_lint_auto: 0.17.5 (/opt/ros/jazzy/share/ament_lint_auto/cmake)
[1.641s] -- Added test 'lint_cmake' to check CMake code style
[1.643s] -- Added test 'xmllint' to check XML markup files
[1.645s] -- Configuring done (1.6s)
[1.649s] -- Generating done (0.0s)
[1.652s] -- Build files have been written to: /home/ascachetti/Documents/trekking_ws/build/robot_core
[1.670s] Invoked command in '/home/ascachetti/Documents/trekking_ws/build/robot_core' returned '0': CMAKE_PREFIX_PATH=${CMAKE_PREFIX_PATH}:/opt/ros/jazzy DEBUGINFOD_URLS=https://debuginfod.ubuntu.com /usr/bin/cmake /home/ascachetti/Documents/trekking_ws/src/robot_core -DCMAKE_INSTALL_PREFIX=/home/ascachetti/Documents/trekking_ws/install/robot_core
[1.671s] Invoking command in '/home/ascachetti/Documents/trekking_ws/build/robot_core': CMAKE_PREFIX_PATH=${CMAKE_PREFIX_PATH}:/opt/ros/jazzy DEBUGINFOD_URLS=https://debuginfod.ubuntu.com /usr/bin/cmake --build /home/ascachetti/Documents/trekking_ws/build/robot_core -- -j12 -l12
[1.714s] Invoked command in '/home/ascachetti/Documents/trekking_ws/build/robot_core' returned '0': CMAKE_PREFIX_PATH=${CMAKE_PREFIX_PATH}:/opt/ros/jazzy DEBUGINFOD_URLS=https://debuginfod.ubuntu.com /usr/bin/cmake --build /home/ascachetti/Documents/trekking_ws/build/robot_core -- -j12 -l12
[1.715s] Invoking command in '/home/ascachetti/Documents/trekking_ws/build/robot_core': CMAKE_PREFIX_PATH=${CMAKE_PREFIX_PATH}:/opt/ros/jazzy DEBUGINFOD_URLS=https://debuginfod.ubuntu.com /usr/bin/cmake --install /home/ascachetti/Documents/trekking_ws/build/robot_core
[1.723s] -- Install configuration: ""
[1.723s] -- Installing: /home/ascachetti/Documents/trekking_ws/install/robot_core/share/ament_index/resource_index/package_run_dependencies/robot_core
[1.724s] -- Installing: /home/ascachetti/Documents/trekking_ws/install/robot_core/share/ament_index/resource_index/parent_prefix_path/robot_core
[1.724s] -- Installing: /home/ascachetti/Documents/trekking_ws/install/robot_core/share/robot_core/environment/ament_prefix_path.sh
[1.725s] -- Installing: /home/ascachetti/Documents/trekking_ws/install/robot_core/share/robot_core/environment/ament_prefix_path.dsv
[1.725s] -- Installing: /home/ascachetti/Documents/trekking_ws/install/robot_core/share/robot_core/environment/path.sh
[1.725s] -- Installing: /home/ascachetti/Documents/trekking_ws/install/robot_core/share/robot_core/environment/path.dsv
[1.725s] -- Installing: /home/ascachetti/Documents/trekking_ws/install/robot_core/share/robot_core/local_setup.bash
[1.725s] -- Installing: /home/ascachetti/Documents/trekking_ws/install/robot_core/share/robot_core/local_setup.sh
[1.725s] -- Installing: /home/ascachetti/Documents/trekking_ws/install/robot_core/share/robot_core/local_setup.zsh
[1.725s] -- Installing: /home/ascachetti/Documents/trekking_ws/install/robot_core/share/robot_core/local_setup.dsv
[1.725s] -- Installing: /home/ascachetti/Documents/trekking_ws/install/robot_core/share/robot_core/package.dsv
[1.726s] -- Installing: /home/ascachetti/Documents/trekking_ws/install/robot_core/share/ament_index/resource_index/packages/robot_core
[1.726s] -- Installing: /home/ascachetti/Documents/trekking_ws/install/robot_core/share/robot_core/cmake/robot_coreConfig.cmake
[1.726s] -- Installing: /home/ascachetti/Documents/trekking_ws/install/robot_core/share/robot_core/cmake/robot_coreConfig-version.cmake
[1.726s] -- Installing: /home/ascachetti/Documents/trekking_ws/install/robot_core/share/robot_core/package.xml
[1.728s] Invoked command in '/home/ascachetti/Documents/trekking_ws/build/robot_core' returned '0': CMAKE_PREFIX_PATH=${CMAKE_PREFIX_PATH}:/opt/ros/jazzy DEBUGINFOD_URLS=https://debuginfod.ubuntu.com /usr/bin/cmake --install /home/ascachetti/Documents/trekking_ws/build/robot_core
